07-14 11:24:39.702  1402  2162 I AdbWifiNetworkMonitor: Received the same Wi-Fi SSID. Ignoring.
07-14 11:24:39.829  1402  2430 D CoreBackPreview: Window{7c47df0 u0 Taskbar Overlay}: Setting back callback OnBackInvokedCallbackInfo{mCallback=android.window.IOnBackInvokedCallback$Stub$Proxy@57ffcc6, mPriority=0, mIsAnimationCallback=true, mOverrideBehavior=0}
07-14 11:24:39.836  1402  2430 D WindowManager: setClientSurface Surface(name=VRI-Taskbar Overlay#13303)/@0xda72487 for 7c47df0 Taskbar Overlay
07-14 11:24:40.241  1402  2481 I PackageManager: getInstalledPackages: callingUid=10168 flags=0 updatedFlags=786432 userId=0
07-14 11:24:40.877  2248  2287 V WindowManagerShell: Transition requested (#1772): android.os.BinderProxy@87946e0 TransitionRequestInfo { type = TO_FRONT, triggerTask = null, pipChange = null, remoteTransitionInfo = null, displayChanges = null, requestedLocation = null, userChange = null, windowingLayerChange = null, fullscreenRequestChange = null, flags = 0, debugId = 1772 }
07-14 11:24:40.878  2248  2287 V ShellDesktopMode: DesktopTasksController: skipping handleRequest reason=triggerTask is null
07-14 11:24:40.896  1402  1576 V WindowManager: Sent Transition (#1772) createdAt=07-14 11:24:40.873 via request=TransitionRequestInfo { type = TO_FRONT, triggerTask = null, pipChange = null, remoteTransitionInfo = null, displayChanges = null, requestedLocation = null, userChange = null, windowingLayerChange = null, fullscreenRequestChange = null, flags = 0, debugId = 1772 }
07-14 11:24:40.899  1402  1576 V WindowManager:     startWCT=WindowContainerTransaction { changes= {} hops= [] flags= 0 errorCallbackToken=null taskFragmentOrganizer=null }
07-14 11:24:40.899  1402  1576 V WindowManager:     info={id=1772 t=TO_FRONT f=0x0 trk=0 r=[7@Point(0, 0)] c=[
07-14 11:24:40.899  1402  1576 V WindowManager:         {WCT{RemoteToken{56c1b6a Task{24ca23a #1681 type=home A=10259:com.google.android.apps.nexuslauncher nonResizable}}} m=CHANGE f=SHOW_WALLPAPER leash=Surface(name=Task=1681#12476)/@0x15ccbfe sb=Rect(0, 0 - 646, 1408) eb=Rect(0, 0 - 646, 1408) epz=Point(646, 1408) d=7 taskParent=-1 winMode=1 userId=0},
07-14 11:24:40.899  1402  1576 V WindowManager:         {WCT{RemoteToken{88ee0c6 Display{#7 state=ON size=646x1408 ROTATION_0}}} m=CHANGE f=SHOW_WALLPAPER|IS_DISPLAY|MOVE_TO_TOP leash=Surface(name=WindowedMagnification:0:31#12461)/@0x628fac4 sb=Rect(0, 0 - 646, 1408) eb=Rect(0, 0 - 646, 1408) epz=Point(1080, 2424) d=7}
07-14 11:24:40.899  1402  1576 V WindowManager:     ]}
07-14 11:24:40.901  2248  2749 V WindowManagerShell: onTransitionReady(transaction=6021544288615)
07-14 11:24:40.902  2248  2287 V WindowManagerShell: onTransitionReady (#1772) android.os.BinderProxy@87946e0: {id=1772 t=TO_FRONT f=0x0 trk=0 r=[7@Point(0, 0)] c=[
07-14 11:24:40.902  2248  2287 V WindowManagerShell:         {m=CHANGE f=SHOW_WALLPAPER leash=Surface(name=Task=1681#12476)/@0x7b9d99 sb=Rect(0, 0 - 646, 1408) eb=Rect(0, 0 - 646, 1408) epz=Point(646, 1408) d=7 taskParent=-1 winMode=1 userId=0},
07-14 11:24:40.902  2248  2287 V WindowManagerShell:         {m=CHANGE f=SHOW_WALLPAPER|IS_DISPLAY|MOVE_TO_TOP leash=Surface(name=WindowedMagnification:0:31#12461)/@0xbfce85e sb=Rect(0, 0 - 646, 1408) eb=Rect(0, 0 - 646, 1408) epz=Point(1080, 2424) d=7}
07-14 11:24:40.902  2248  2287 V WindowManagerShell:     ]}
07-14 11:24:40.902  2248  2287 V WindowManagerShell: FocusTransitionObserver: Updating focus state for transition #1772
07-14 11:24:40.902  1402  4319 W DisplayManagerService: Display info not found in cache for display 2, callingUid 10243
07-14 11:24:40.902  2248  2287 D WindowManagerShell: FocusTransitionObserver: mFocusedDisplayId=2 is disconnected; wait until after disconnect transition to update focus state.
07-14 11:24:40.903  2248  2287 D WindowManagerShell: FocusTransitionObserver: Focus updated on displayId=7 to taskId=1681
07-14 11:24:40.904  2248  2287 V WindowManagerShell: FocusTransitionObserver: Notifying local listeners of task focus change: taskId=1681, isFocusedOnDisplay=true, isFocusedGlobally=false
07-14 11:24:40.904  2248  2287 V RecentTasksController: Notify recent tasks changed: 2
07-14 11:24:40.905  2248  2287 V WindowManagerShell: FocusTransitionObserver: Notifying local listeners of task focus change: taskId=1680, isFocusedOnDisplay=false, isFocusedGlobally=false
07-14 11:24:40.906  1402  1579 W ProcessStats: Tracking association SourceState{fd526e4 com.android.settings/1000 Service #183263} whose proc state 8 is better than process ProcessState{b6eed19 com.google.android.apps.wellbeing/10171 pkg=com.google.android.apps.wellbeing} proc state 15 (7 skipped)
07-14 11:24:40.906  2248  2287 V ShellDesktopMode: DesktopModeLogger: taskInfo map after processing changes 0
07-14 11:24:40.907  2248  2287 D ShellDesktopMode: DesktopTaskChangeListener: onTaskChanging for taskId=1681, displayId=7 - desktop not supported
07-14 11:24:40.908  2248  2287 V WindowManagerShell: Playing animation for (#1772) android.os.BinderProxy@87946e0@0
07-14 11:24:40.908  2248  2287 D ShellSplitScreen: startAnimation: transition=1772 isSplitActive=false
07-14 11:24:40.908  2248  2287 V ShellRecents: RecentsTransitionHandler.startAnimation: no controller found
07-14 11:24:40.908  2248  2287 V ShellDesktopMode: DesktopMixedTransitionHandler: No pending desktop transition
07-14 11:24:40.908  2248  2287 V ShellDesktopMode: DesktopHomeScreenPeekTransitionHandler: startAnimation
07-14 11:24:40.908  2248  2287 V WindowManagerShell: Transition doesn't have explicit remote, search filters for match for {id=1772 t=TO_FRONT f=0x0 trk=0 r=[7@Point(0, 0)] c=[{m=CHANGE f=SHOW_WALLPAPER leash=Surface(name=Task=1681#12476)/@0x7b9d99 sb=Rect(0, 0 - 646, 1408) eb=Rect(0, 0 - 646, 1408) epz=Point(646, 1408) d=7 taskParent=-1 winMode=1 userId=0},{m=CHANGE f=SHOW_WALLPAPER|IS_DISPLAY|MOVE_TO_TOP leash=Surface(name=WindowedMagnification:0:31#12461)/@0xbfce85e sb=Rect(0, 0 - 646, 1408) eb=Rect(0, 0 - 646, 1408) epz=Point(1080, 2424) d=7}]}
07-14 11:24:40.908  2248  2287 V WindowManagerShell:  Checking filter Pair{{types=[OPEN,TO_FRONT] flags=0x0 notFlags=0x0 checks=[{atype=standard independent=true modes=[OPEN,TO_FRONT] flags=NONE mustBeTask=true order=ANY topActivity=null launchCookie=null windowingMode=freeform isCrossDisplayMove=false}]} RemoteTransition { remoteTransition = android.window.IRemoteTransition$Stub$Proxy@ec63ba3, appThread = null, debugName = DesktopWindowLimitUnminimize, filter = {types=[OPEN,TO_FRONT] flags=0x0 notFlags=0x0 checks=[{atype=standard independent=true modes=[OPEN,TO_FRONT] flags=NONE mustBeTask=true order=ANY topActivity=null launchCookie=null windowingMode=freeform isCrossDisplayMove=false}]} }}
07-14 11:24:40.908  2248  2287 V WindowManagerShell:  Delegate animation for (#1772) to null
07-14 11:24:40.908  2248  2287 V WindowManagerShell: start default transition animation, info = {id=1772 t=TO_FRONT f=0x0 trk=0 r=[7@Point(0, 0)] c=[{m=CHANGE f=SHOW_WALLPAPER leash=Surface(name=Task=1681#12476)/@0x7b9d99 sb=Rect(0, 0 - 646, 1408) eb=Rect(0, 0 - 646, 1408) epz=Point(646, 1408) d=7 taskParent=-1 winMode=1 userId=0},{m=CHANGE f=SHOW_WALLPAPER|IS_DISPLAY|MOVE_TO_TOP leash=Surface(name=WindowedMagnification:0:31#12461)/@0xbfce85e sb=Rect(0, 0 - 646, 1408) eb=Rect(0, 0 - 646, 1408) epz=Point(1080, 2424) d=7}]}
07-14 11:24:40.912  2248  2287 V WindowManagerShell: Transition animation finished (aborted=false), notifying core (#1772) android.os.BinderProxy@87946e0@0
07-14 11:24:40.915  1402  1576 V WindowManager: Finish Transition (#1772): created at 07-14 11:24:40.873 collect-started=2.894ms request-sent=3.015ms started=9.478ms ready=9.448ms sent=20.008ms finished=41.167ms
07-14 11:24:40.916  2248  2287 V WindowManagerShell: Track 0 became idle
07-14 11:24:40.916  2248  2287 V WindowManagerShell: All active transition animations finished
07-14 11:24:40.916  2248  2287 V WindowManagerShell:  animated by com.android.wm.shell.transition.DefaultTransitionHandler@2368f0e
07-14 11:24:40.916  2248  2287 V WindowManagerShell: Track 0 became idle
07-14 11:24:40.916  2248  2287 V WindowManagerShell: All active transition animations finished
07-14 11:24:40.916  2248  2287 V RecentTasksController: Notify recent tasks changed: 1
07-14 11:24:40.935  2248  2287 V RecentTasksController: generateList(getRecentTasks)
07-14 11:24:40.935  2248  2287 V RecentTasksController: initializeDesksMap - allDeskIds: []
07-14 11:24:40.935  2248  2287 V RecentTasksController: Task 1690 is not an active desktop task
07-14 11:24:40.935  2248  2287 V RecentTasksController: Added fullscreen task: 1690
07-14 11:24:40.935  2248  2287 V RecentTasksController: Task 1688 is not an active desktop task
07-14 11:24:40.935  2248  2287 V RecentTasksController: Added fullscreen task: 1688
07-14 11:24:40.935  2248  2287 V RecentTasksController: Task 1686 is not an active desktop task
07-14 11:24:40.935  2248  2287 V RecentTasksController: Added fullscreen task: 1686
07-14 11:24:40.935  2248  2287 V RecentTasksController: Task 1679 is not an active desktop task
07-14 11:24:40.935  2248  2287 V RecentTasksController: Added fullscreen task: 1679
07-14 11:24:40.936  2248  2287 V RecentTasksController: Task 1674 is not an active desktop task
07-14 11:24:40.936  2248  2287 V RecentTasksController: Added fullscreen task: 1674
07-14 11:24:40.936  2248  2287 V RecentTasksController: Task 1672 is not an active desktop task
07-14 11:24:40.936  2248  2287 V RecentTasksController: Added fullscreen task: 1672
07-14 11:24:40.936  2248  2287 V RecentTasksController: Task 1670 is not an active desktop task
07-14 11:24:40.936  2248  2287 V RecentTasksController: Added fullscreen task: 1670
07-14 11:24:40.936  2248  2287 V RecentTasksController: Task 1668 is not an active desktop task
07-14 11:24:40.936  2248  2287 V RecentTasksController: Added fullscreen task: 1668
07-14 11:24:40.936  2248  2287 V RecentTasksController: generateList - complete
07-14 11:24:40.961  1402  4319 I ImeTracker: system_server:7c1908ce: onRequestHide at ORIGIN_SERVER reason HIDE_INPUT_TARGET_CHANGED fromUser false displayId 7
07-14 11:24:40.961  1402  4319 I ImeTracker: system_server:7c1908ce: onFailed at PHASE_SERVER_SET_REMOTE_TARGET_IME_VISIBILITY
07-14 11:24:40.961  1402  4319 I DifferentDisplayCheck: Focus lost for Task Task{ca35222 #1690 type=standard A=10389:com.mihai.dailyhabit}
07-14 11:24:40.962  1402  4319 I DifferentDisplayCheck: Focus lost for Task Task{24ca23a #1681 type=home A=10259:com.google.android.apps.nexuslauncher nonResizable}
07-14 11:24:40.963  1402  4319 I ImeTracker: system_server:a9df0447: onRequestHide at ORIGIN_SERVER reason IME_REQUESTED_CHANGED_LISTENER fromUser false displayId 0
07-14 11:24:40.966  2248  2287 V RecentTasksController: Notify recent tasks changed: 1
07-14 11:24:40.993  2248  2287 V WindowManagerShell: Transition requested (#1773): android.os.BinderProxy@15f7a55 TransitionRequestInfo { type = OPEN, triggerTask = TaskInfo{userId=0 taskId=1690 effectiveUid=10389 seqId=0 displayId=7 isRunning=true baseIntent=Intent { act=android.intent.action.MAIN cat=[android.intent.category.LAUNCHER] flg=0x10200000 cmp=com.mihai.dailyhabit/.MainActivity } baseActivity=ComponentInfo{com.mihai.dailyhabit/com.mihai.dailyhabit.MainActivity} topActivity=ComponentInfo{com.mihai.dailyhabit/com.mihai.dailyhabit.MainActivity} origActivity=null realActivity=ComponentInfo{com.mihai.dailyhabit/com.mihai.dailyhabit.MainActivity} realActivityIsAppLockEnabled=false numActivities=1 lastActiveTime=99572513 supportsMultiWindow=true supportsMultiWindowWithoutConstraints=true resizeMode=2 isResizeable=true minWidth=-1 minHeight=-1 defaultMinSize=220 token=WCT{android.os.BinderProxy@b18211f} topActivityType=1 pictureInPictureParams=null shouldDockBigOverlays=false launchIntoPipHostTaskId=-1 lastParentTaskIdBeforePip=-1 displayCutoutSafeInsets=Rect(0, 0 - 0, 0) topActivityInfo=ActivityInfo{fab2c6a com.mihai.dailyhabit.MainActivity} launchCookies=[] positionInParent=Point(0, 0) parentTaskId=-1 isFocused=true isInteractive=true isVisible=true isVisibleRequested=true isTopActivityNoDisplay=false isSleeping=false locusId=null displayAreaFeatureId=1 isTopActivityTransparent=false isActivityStackTransparent=false lastNonFullscreenBounds=null leafTaskBoundsFromOptions= false capturedLink=null capturedLinkTimestamp=0 requestedVisibleTypes=503 topActivityRequestOpenInBrowserEducationTimestamp=0 appCompatTaskInfo=AppCompatTaskInfo { topActivityInSizeCompat=false isLeafTask= true eligibleForLetterboxEducation= false isLetterboxEducationEnabled= false isLetterboxDoubleTapEnabled= false eligibleForUserAspectRatioButton= false topActivityBoundsLetterboxed= false isFromLetterboxDoubleTap= false topActivityLetterboxVerticalPosition= -1 topActivityLetterboxHorizontalPosition= -1 topActivityLetterboxWidth=-1 topActivityLetterboxHeight=-1 topActivityAppBounds=Rect(0, 0 - 646, 1408) isUserFullscreenOverrideEnabled=false isSystemFullscreenOverrideEnabled=false hasMinAspectRatioOverride=false topActivityLetterboxBounds=null topNonResizableActivityAspectRatio=-1.0} topActivityMainWindowFrame=null isAppBubble=false}, pipChange = null, remoteTransitionInfo = null, displayChanges = null, requestedLocation = null, userChange = null, windowingLayerChange = null, fullscreenRequestChange = null, flags = 0, debugId = 1773 }
07-14 11:24:40.994  1402  4319 V ActivityTaskManager: TaskLaunchParamsModifier: phase=2 task=Task{ca35222 #1690 type=standard A=10389:com.mihai.dailyhabit} activity=ActivityRecord{195927136 u0 com.mihai.dailyhabit/.MainActivity t-1} display-from-option=7 display-id=7 task-display-area-windowing-mode=1 suggested-display-area=DefaultTaskDisplayArea@198796403 non-freeform-task-display-area display-area=DefaultTaskDisplayArea@198796403 skip-bounds-fullscreen
07-14 11:24:40.994  1402  4319 I ActivityTaskManager: START u0 {act=android.intent.action.MAIN cat=[android.intent.category.LAUNCHER] flg=0x10200000 xflg=0x4 cmp=com.mihai.dailyhabit/.MainActivity} with LAUNCH_MULTIPLE from uid 10259 (com.google.android.apps.nexuslauncher) (BAL_ALLOW_VISIBLE_WINDOW) result code=3
07-14 11:24:40.995  2248  2287 V ShellDesktopMode: DesktopTasksController: skipping handleRequest reason=triggerTask's display doesn't support desktop mode
07-14 11:24:41.004  2248  2287 V RecentTasksController: generateList(getRecentTasks)
07-14 11:24:41.004  2248  2287 V RecentTasksController: initializeDesksMap - allDeskIds: []
07-14 11:24:41.004  2248  2287 V RecentTasksController: Task 1690 is not an active desktop task
07-14 11:24:41.004  2248  2287 V RecentTasksController: Added fullscreen task: 1690
07-14 11:24:41.004  2248  2287 V RecentTasksController: Task 1688 is not an active desktop task
07-14 11:24:41.004  2248  2287 V RecentTasksController: Added fullscreen task: 1688
07-14 11:24:41.004  2248  2287 V RecentTasksController: Task 1686 is not an active desktop task
07-14 11:24:41.004  2248  2287 V RecentTasksController: Added fullscreen task: 1686
07-14 11:24:41.004  2248  2287 V RecentTasksController: Task 1679 is not an active desktop task
07-14 11:24:41.004  2248  2287 V RecentTasksController: Added fullscreen task: 1679
07-14 11:24:41.004  2248  2287 V RecentTasksController: Task 1674 is not an active desktop task
07-14 11:24:41.004  2248  2287 V RecentTasksController: Added fullscreen task: 1674
07-14 11:24:41.004  2248  2287 V RecentTasksController: Task 1672 is not an active desktop task
07-14 11:24:41.004  2248  2287 V RecentTasksController: Added fullscreen task: 1672
07-14 11:24:41.004  2248  2287 V RecentTasksController: Task 1670 is not an active desktop task
07-14 11:24:41.004  2248  2287 V RecentTasksController: Added fullscreen task: 1670
07-14 11:24:41.004  2248  2287 V RecentTasksController: Task 1668 is not an active desktop task
07-14 11:24:41.004  2248  2287 V RecentTasksController: Added fullscreen task: 1668
07-14 11:24:41.004  2248  2287 V RecentTasksController: generateList - complete
07-14 11:24:41.008  1402  1579 I ImeTracker: system_server:a9df0447: onCancelled at PHASE_SERVER_SHOULD_HIDE
07-14 11:24:41.010  2248  2287 D WindowManagerShell: onActivityRestartAttempt: topActivity=ComponentInfo{com.mihai.dailyhabit/com.mihai.dailyhabit.MainActivity}, wasVisible=true, displayId=7, pipDisplayLayoutState#displayId=0
07-14 11:24:41.010  2248  2287 V RecentTasksController: Notify recent tasks changed: 1
07-14 11:24:41.011  1402  4315 D ActivityManager: sync unfroze 1306 com.google.android.googlequicksearchbox:googleapp for 6
07-14 11:24:41.029  2248  2287 V RecentTasksController: generateList(getRecentTasks)
07-14 11:24:41.029  2248  2287 V RecentTasksController: initializeDesksMap - allDeskIds: []
07-14 11:24:41.029  2248  2287 V RecentTasksController: Task 1690 is not an active desktop task
07-14 11:24:41.029  2248  2287 V RecentTasksController: Added fullscreen task: 1690
07-14 11:24:41.029  2248  2287 V RecentTasksController: Task 1688 is not an active desktop task
07-14 11:24:41.029  2248  2287 V RecentTasksController: Added fullscreen task: 1688
07-14 11:24:41.029  2248  2287 V RecentTasksController: Task 1686 is not an active desktop task
07-14 11:24:41.029  2248  2287 V RecentTasksController: Added fullscreen task: 1686
07-14 11:24:41.029  2248  2287 V RecentTasksController: Task 1679 is not an active desktop task
07-14 11:24:41.029  2248  2287 V RecentTasksController: Added fullscreen task: 1679
07-14 11:24:41.029  2248  2287 V RecentTasksController: Task 1674 is not an active desktop task
07-14 11:24:41.029  2248  2287 V RecentTasksController: Added fullscreen task: 1674
07-14 11:24:41.029  2248  2287 V RecentTasksController: Task 1672 is not an active desktop task
07-14 11:24:41.029  2248  2287 V RecentTasksController: Added fullscreen task: 1672
07-14 11:24:41.029  2248  2287 V RecentTasksController: Task 1670 is not an active desktop task
07-14 11:24:41.029  2248  2287 V RecentTasksController: Added fullscreen task: 1670
07-14 11:24:41.029  2248  2287 V RecentTasksController: Task 1668 is not an active desktop task
07-14 11:24:41.029  2248  2287 V RecentTasksController: Added fullscreen task: 1668
07-14 11:24:41.029  2248  2287 V RecentTasksController: generateList - complete
07-14 11:24:41.067  1402  4319 D CoreBackPreview: Window{4df8e47 u0 com.mihai.dailyhabit/com.mihai.dailyhabit.MainActivity}: Setting back callback OnBackInvokedCallbackInfo{mCallback=android.window.IOnBackInvokedCallback$Stub$Proxy@87cc7e3, mPriority=-1, mIsAnimationCallback=false, mOverrideBehavior=0}
07-14 11:24:41.090  1402  4319 D WindowManager: setClientSurface Surface(name=VRI-app.lawnchair.nightly/app.lawnchair.LawnchairLauncher#13308)/@0xe9a75e0 for 477d7e app.lawnchair.nightly/app.lawnchair.LawnchairLauncher
07-14 11:24:41.102  2248  2287 V RecentTasksController: Notify recent tasks changed: 1
07-14 11:24:41.104  2248  2287 V RecentTasksController: generateList(getRecentTasks)
07-14 11:24:41.104  2248  2287 V RecentTasksController: initializeDesksMap - allDeskIds: []
07-14 11:24:41.104  2248  2287 V RecentTasksController: Task 1690 is not an active desktop task
07-14 11:24:41.104  2248  2287 V RecentTasksController: Added fullscreen task: 1690
07-14 11:24:41.104  2248  2287 V RecentTasksController: Task 1688 is not an active desktop task
07-14 11:24:41.104  2248  2287 V RecentTasksController: Added fullscreen task: 1688
07-14 11:24:41.104  2248  2287 V RecentTasksController: Task 1686 is not an active desktop task
07-14 11:24:41.104  2248  2287 V RecentTasksController: Added fullscreen task: 1686
07-14 11:24:41.104  2248  2287 V RecentTasksController: Task 1679 is not an active desktop task
07-14 11:24:41.104  2248  2287 V RecentTasksController: Added fullscreen task: 1679
07-14 11:24:41.104  2248  2287 V RecentTasksController: Task 1674 is not an active desktop task
07-14 11:24:41.104  2248  2287 V RecentTasksController: Added fullscreen task: 1674
07-14 11:24:41.104  2248  2287 V RecentTasksController: Task 1672 is not an active desktop task
07-14 11:24:41.104  2248  2287 V RecentTasksController: Added fullscreen task: 1672
07-14 11:24:41.104  2248  2287 V RecentTasksController: Task 1670 is not an active desktop task
07-14 11:24:41.104  2248  2287 V RecentTasksController: Added fullscreen task: 1670
07-14 11:24:41.104  2248  2287 V RecentTasksController: Task 1668 is not an active desktop task
07-14 11:24:41.104  2248  2287 V RecentTasksController: Added fullscreen task: 1668
07-14 11:24:41.104  2248  2287 V RecentTasksController: generateList - complete
07-14 11:24:41.112  2248  2287 V RecentTasksController: generateList(getRecentTasks)
07-14 11:24:41.112  2248  2287 V RecentTasksController: initializeDesksMap - allDeskIds: []
07-14 11:24:41.112  2248  2287 V RecentTasksController: Task 1690 is not an active desktop task
07-14 11:24:41.112  2248  2287 V RecentTasksController: Added fullscreen task: 1690
07-14 11:24:41.112  2248  2287 V RecentTasksController: Task 1688 is not an active desktop task
07-14 11:24:41.112  2248  2287 V RecentTasksController: Added fullscreen task: 1688
07-14 11:24:41.112  2248  2287 V RecentTasksController: Task 1686 is not an active desktop task
07-14 11:24:41.112  2248  2287 V RecentTasksController: Added fullscreen task: 1686
07-14 11:24:41.112  2248  2287 V RecentTasksController: Task 1679 is not an active desktop task
07-14 11:24:41.112  2248  2287 V RecentTasksController: Added fullscreen task: 1679
07-14 11:24:41.112  2248  2287 V RecentTasksController: Task 1674 is not an active desktop task
07-14 11:24:41.112  2248  2287 V RecentTasksController: Added fullscreen task: 1674
07-14 11:24:41.112  2248  2287 V RecentTasksController: Task 1672 is not an active desktop task
07-14 11:24:41.112  2248  2287 V RecentTasksController: Added fullscreen task: 1672
07-14 11:24:41.112  2248  2287 V RecentTasksController: Task 1670 is not an active desktop task
07-14 11:24:41.112  2248  2287 V RecentTasksController: Added fullscreen task: 1670
07-14 11:24:41.112  2248  2287 V RecentTasksController: Task 1668 is not an active desktop task
07-14 11:24:41.112  2248  2287 V RecentTasksController: Added fullscreen task: 1668
07-14 11:24:41.112  2248  2287 V RecentTasksController: generateList - complete
07-14 11:24:41.117  2248  2287 V RecentTasksController: generateList(getRecentTasks)
07-14 11:24:41.117  2248  2287 V RecentTasksController: initializeDesksMap - allDeskIds: []
07-14 11:24:41.117  2248  2287 V RecentTasksController: Task 1690 is not an active desktop task
07-14 11:24:41.117  2248  2287 V RecentTasksController: Added fullscreen task: 1690
07-14 11:24:41.117  2248  2287 V RecentTasksController: Task 1688 is not an active desktop task
07-14 11:24:41.117  2248  2287 V RecentTasksController: Added fullscreen task: 1688
07-14 11:24:41.117  2248  2287 V RecentTasksController: Task 1686 is not an active desktop task
07-14 11:24:41.117  2248  2287 V RecentTasksController: Added fullscreen task: 1686
07-14 11:24:41.117  2248  2287 V RecentTasksController: Task 1679 is not an active desktop task
07-14 11:24:41.117  2248  2287 V RecentTasksController: Added fullscreen task: 1679
07-14 11:24:41.117  2248  2287 V RecentTasksController: Task 1674 is not an active desktop task
07-14 11:24:41.117  2248  2287 V RecentTasksController: Added fullscreen task: 1674
07-14 11:24:41.117  2248  2287 V RecentTasksController: Task 1672 is not an active desktop task
07-14 11:24:41.117  2248  2287 V RecentTasksController: Added fullscreen task: 1672
07-14 11:24:41.117  2248  2287 V RecentTasksController: Task 1670 is not an active desktop task
07-14 11:24:41.117  2248  2287 V RecentTasksController: Added fullscreen task: 1670
07-14 11:24:41.117  2248  2287 V RecentTasksController: Task 1668 is not an active desktop task
07-14 11:24:41.117  2248  2287 V RecentTasksController: Added fullscreen task: 1668
07-14 11:24:41.117  2248  2287 V RecentTasksController: generateList - complete
07-14 11:24:41.154  1402  2430 D WindowManager: setClientSurface Surface(name=VRI-com.mihai.dailyhabit/com.mihai.dailyhabit.MainActivity#13309)/@0x2eea099 for 4df8e47 com.mihai.dailyhabit/com.mihai.dailyhabit.MainActivity
07-14 11:24:41.187  1402  2481 I WindowManager: finishDrawing of relaunch: Window{4df8e47 u0 com.mihai.dailyhabit/com.mihai.dailyhabit.MainActivity} 196ms
07-14 11:24:41.192  1402  1580 V SharedSurfaceAnimation: Checking SharedSurface matching for: ComponentInfo{com.google.android.apps.nexuslauncher/com.android.launcher3.secondarydisplay.SecondaryDisplayLauncher}, user= 0
07-14 11:24:41.192  1402  1580 V SharedSurfaceAnimation:   No matching provider found.
07-14 11:24:41.195  1402  1576 V WindowManager: Sent Transition (#1773) createdAt=07-14 11:24:40.958 via request=TransitionRequestInfo { type = OPEN, triggerTask = TaskInfo{userId=0 taskId=1690 effectiveUid=10389 seqId=0 displayId=7 isRunning=true baseIntent=Intent { act=android.intent.action.MAIN cat=[android.intent.category.LAUNCHER] flg=0x10200000 cmp=com.mihai.dailyhabit/.MainActivity } baseActivity=ComponentInfo{com.mihai.dailyhabit/com.mihai.dailyhabit.MainActivity} topActivity=ComponentInfo{com.mihai.dailyhabit/com.mihai.dailyhabit.MainActivity} origActivity=null realActivity=ComponentInfo{com.mihai.dailyhabit/com.mihai.dailyhabit.MainActivity} realActivityIsAppLockEnabled=false numActivities=1 lastActiveTime=99572513 supportsMultiWindow=true supportsMultiWindowWithoutConstraints=true resizeMode=2 isResizeable=true minWidth=-1 minHeight=-1 defaultMinSize=220 token=WCT{RemoteToken{84eaeca Task{ca35222 #1690 type=standard A=10389:com.mihai.dailyhabit}}} topActivityType=1 pictureInPictureParams=null shouldDockBigOverlays=false launchIntoPipHostTaskId=-1 lastParentTaskIdBeforePip=-1 displayCutoutSafeInsets=Rect(0, 0 - 0, 0) topActivityInfo=ActivityInfo{cfe283b com.mihai.dailyhabit.MainActivity} launchCookies=[] positionInParent=Point(0, 0) parentTaskId=-1 isFocused=true isInteractive=true isVisible=true isVisibleRequested=true isTopActivityNoDisplay=false isSleeping=false locusId=null displayAreaFeatureId=1 isTopActivityTransparent=false isActivityStackTransparent=false lastNonFullscreenBounds=null leafTaskBoundsFromOptions= false capturedLink=null capturedLinkTimestamp=0 requestedVisibleTypes=503 topActivityRequestOpenInBrowserEducationTimestamp=0 appCompatTaskInfo=AppCompatTaskInfo { topActivityInSizeCompat=false isLeafTask= true eligibleForLetterboxEducation= false isLetterboxEducationEnabled= false isLetterboxDoubleTapEnabled= false eligibleForUserAspectRatioButton= false topActivityBoundsLetterboxed= false isFromLetterboxDoubleTap= false topActivityLetterboxVerticalPosition= -1 topActivityLetterboxHorizontalPosition= -1 topActivityLetterboxWidth=-1 topActivityLetterboxHeight=-1 topActivityAppBounds=Rect(0, 0 - 646, 1408) isUserFullscreenOverrideEnabled=false isSystemFullscreenOverrideEnabled=false hasMinAspectRatioOverride=false topActivityLetterboxBounds=null topNonResizableActivityAspectRatio=-1.0} topActivityMainWindowFrame=null isAppBubble=false}, pipChange = null, remoteTransitionInfo = null, displayChanges = null, requestedLocation = null, userChange = null, windowingLayerChange = null, fullscreenRequestChange = null, flags = 0, debugId = 1773 }
07-14 11:24:41.196  1402  1576 V WindowManager:     startWCT=WindowContainerTransaction { changes= {} hops= [] flags= 0 errorCallbackToken=null taskFragmentOrganizer=null }
07-14 11:24:41.196  1402  1576 V WindowManager:     info={id=1773 t=OPEN f=0x0 trk=0 r=[0@Point(0, 0),7@Point(0, 0)] c=[
07-14 11:24:41.196  1402  1576 V WindowManager:         {WCT{RemoteToken{84eaeca Task{ca35222 #1690 type=standard A=10389:com.mihai.dailyhabit}}} m=CHANGE f=NONE leash=Surface(name=Task=1690#13284)/@0x458ef79 sb=Rect(0, 0 - 1080, 2424) eb=Rect(0, 0 - 646, 1408) epz=Point(646, 1408) d=0->7 taskParent=-1 winMode=1 userId=0},
07-14 11:24:41.196  1402  1576 V WindowManager:         {WCT{RemoteToken{f5e0f10 Task{b958448 #1680 type=home}}} m=TO_BACK f=SHOW_WALLPAPER|FLAG_CHANGED_INTERACTIVE leash=Surface(name=Task=1680#12475)/@0xd21573f sb=Rect(0, 0 - 646, 1408) eb=Rect(0, 0 - 646, 1408) epz=Point(646, 1408) d=7 taskParent=-1 winMode=1 userId=0},
07-14 11:24:41.196  1402  1576 V WindowManager:         {m=TO_BACK f=IS_WALLPAPER leash=Surface(name=WallpaperWindowToken{d57d590}#12479)/@0x7d03899 sb=Rect(0, 0 - 646, 1408) eb=Rect(0, 0 - 646, 1408) epz=Point(646, 1408) d=7},
07-14 11:24:41.196  1402  1576 V WindowManager:         {WCT{RemoteToken{bd44a7 Task{d6cec94 #1649 type=home}}} m=TO_FRONT f=SHOW_WALLPAPER|MOVE_TO_TOP|FLAG_CHANGED_INTERACTIVE p=WCT{RemoteToken{2a32ded DefaultTaskDisplayArea@121287069}} leash=Surface(name=Task=1649#10225)/@0xb7e8245 sb=Rect(0, 0 - 1080, 2424) eb=Rect(0, 0 - 1080, 2424) epz=Point(1080, 2424) d=0 taskParent=-1 winMode=1 userId=0},
07-14 11:24:41.196  1402  1576 V WindowManager:         {WCT{RemoteToken{2a32ded DefaultTaskDisplayArea@121287069}} m=TO_FRONT f=SHOW_WALLPAPER|FLAG_IS_TASK_DISPLAY_AREA leash=Surface(name=DefaultTaskDisplayArea#9)/@0xc1e241f sb=Rect(0, 0 - 1080, 2424) eb=Rect(0, 0 - 1080, 2424) epz=Point(1080, 2424) d=0},
07-14 11:24:41.196  1402  1576 V WindowManager:         {m=TO_FRONT f=IS_WALLPAPER leash=Surface(name=WallpaperWindowToken{6dd46b9}#46)/@0xbeb5bbe sb=Rect(0, 0 - 1080, 2424) eb=Rect(0, 0 - 1080, 2424) epz=Point(1080, 2424) d=0}
07-14 11:24:41.196  1402  1576 V WindowManager:     ]}
07-14 11:24:41.207  2248 16902 V WindowManagerShell: onTransitionReady(transaction=6021544288695)
07-14 11:24:41.207  2248  2287 V WindowManagerShell: onTransitionReady (#1773) android.os.BinderProxy@15f7a55: {id=1773 t=OPEN f=0x0 trk=0 r=[0@Point(0, 0),7@Point(0, 0)] c=[
07-14 11:24:41.207  2248  2287 V WindowManagerShell:         {m=CHANGE f=NONE leash=Surface(name=Task=1690#13284)/@0x766655b sb=Rect(0, 0 - 1080, 2424) eb=Rect(0, 0 - 646, 1408) epz=Point(646, 1408) d=0->7 snapshot=Surface(name=transition snapshot: Task{ca35222 #1690 type=standard A=10389:com.mihai.dailyhabit}#13306)/@0x8dd11f8 taskParent=-1 winMode=1 userId=0},
07-14 11:24:41.207  2248  2287 V WindowManagerShell:         {m=TO_BACK f=SHOW_WALLPAPER|FLAG_CHANGED_INTERACTIVE leash=Surface(name=Task=1680#12475)/@0xf6a66d1 sb=Rect(0, 0 - 646, 1408) eb=Rect(0, 0 - 646, 1408) epz=Point(646, 1408) d=7 taskParent=-1 winMode=1 userId=0},
07-14 11:24:41.207  2248  2287 V WindowManagerShell:         {m=TO_BACK f=IS_WALLPAPER leash=Surface(name=WallpaperWindowToken{d57d590}#12479)/@0x247a536 sb=Rect(0, 0 - 646, 1408) eb=Rect(0, 0 - 646, 1408) epz=Point(646, 1408) d=7},
07-14 11:24:41.207  2248  2287 V WindowManagerShell:         {m=TO_FRONT f=SHOW_WALLPAPER|MOVE_TO_TOP|FLAG_CHANGED_INTERACTIVE p=WCT{android.os.BinderProxy@cea011e} leash=Surface(name=Task=1649#10225)/@0xa9bfc37 sb=Rect(0, 0 - 1080, 2424) eb=Rect(0, 0 - 1080, 2424) epz=Point(1080, 2424) d=0 taskParent=-1 winMode=1 userId=0},
07-14 11:24:41.207  2248  2287 V WindowManagerShell:         {m=TO_FRONT f=SHOW_WALLPAPER|FLAG_IS_TASK_DISPLAY_AREA leash=Surface(name=DefaultTaskDisplayArea#9)/@0x4cd55a4 sb=Rect(0, 0 - 1080, 2424) eb=Rect(0, 0 - 1080, 2424) epz=Point(1080, 2424) d=0},
07-14 11:24:41.207  2248  2287 V WindowManagerShell:         {m=TO_FRONT f=IS_WALLPAPER leash=Surface(name=WallpaperWindowToken{6dd46b9}#46)/@0xc5d9f0d sb=Rect(0, 0 - 1080, 2424) eb=Rect(0, 0 - 1080, 2424) epz=Point(1080, 2424) d=0}
07-14 11:24:41.207  2248  2287 V WindowManagerShell:     ]}
07-14 11:24:41.208  2248  2287 V WindowManagerShell: FocusTransitionObserver: Updating focus state for transition #1773
07-14 11:24:41.208  2248  2287 D WindowManagerShell: FocusTransitionObserver: Focus updated on displayId=0 to taskId=1649
07-14 11:24:41.208  2248  2287 D WindowManagerShell: FocusTransitionObserver: Focus updated on displayId=7 to taskId=1690
07-14 11:24:41.208  2248  2287 V WindowManagerShell: FocusTransitionObserver: Notifying local listeners of task focus change: taskId=1681, isFocusedOnDisplay=false, isFocusedGlobally=false
07-14 11:24:41.208  2248  2287 V WindowManagerShell: FocusTransitionObserver: Notifying local listeners of task focus change: taskId=1690, isFocusedOnDisplay=true, isFocusedGlobally=false
07-14 11:24:41.208  2248  2287 V RecentTasksController: Notify recent tasks changed: 2
07-14 11:24:41.209  2248  2287 V WindowManagerShell: FocusTransitionObserver: Notifying local listeners of task focus change: taskId=1690, isFocusedOnDisplay=false, isFocusedGlobally=false
07-14 11:24:41.209  2248  2287 V WindowManagerShell: FocusTransitionObserver: Notifying local listeners of task focus change: taskId=1649, isFocusedOnDisplay=true, isFocusedGlobally=false
07-14 11:24:41.209  2248  2287 V RecentTasksController: Notify recent tasks changed: 2
07-14 11:24:41.209  2248  2287 V ShellDesktopMode: DesktopModeLogger: taskInfo map after processing changes 0
07-14 11:24:41.209  2248  2287 D ShellDesktopMode: DesktopTaskChangeListener: onTaskMovingToFront for taskId=1649, displayId=0 - desktop not supported
07-14 11:24:41.210  2248  2287 D ShellDesktopMode: DesktopTaskChangeListener: onTaskMovingToBack for taskId=1680, displayId=7 - desktop not supported
07-14 11:24:41.210  2248  2287 D ShellDesktopMode: DesktopTaskChangeListener: onTaskChanging for taskId=1690, displayId=7 - desktop not supported
07-14 11:24:41.211  2248  2287 V WindowManagerShell: Playing animation for (#1773) android.os.BinderProxy@15f7a55@0
07-14 11:24:41.211  2248  2287 D ShellSplitScreen: startAnimation: transition=1773 isSplitActive=false
07-14 11:24:41.211  2248  2287 V ShellRecents: RecentsTransitionHandler.startAnimation: no controller found
07-14 11:24:41.211  2248  2287 V ShellDesktopMode: DesktopMixedTransitionHandler: No pending desktop transition
07-14 11:24:41.211  2248  2287 V ShellDesktopMode: DesktopHomeScreenPeekTransitionHandler: startAnimation
07-14 11:24:41.211  2248  2287 V WindowManagerShell: Transition doesn't have explicit remote, search filters for match for {id=1773 t=OPEN f=0x0 trk=0 r=[0@Point(0, 0),7@Point(0, 0)] c=[{m=CHANGE f=NONE leash=Surface(name=Task=1690#13284)/@0x766655b sb=Rect(0, 0 - 1080, 2424) eb=Rect(0, 0 - 646, 1408) epz=Point(646, 1408) d=0->7 snapshot=Surface(name=transition snapshot: Task{ca35222 #1690 type=standard A=10389:com.mihai.dailyhabit}#13306)/@0x8dd11f8 taskParent=-1 winMode=1 userId=0},{m=TO_BACK f=SHOW_WALLPAPER|FLAG_CHANGED_INTERACTIVE leash=Surface(name=Task=1680#12475)/@0xf6a66d1 sb=Rect(0, 0 - 646, 1408) eb=Rect(0, 0 - 646, 1408) epz=Point(646, 1408) d=7 taskParent=-1 winMode=1 userId=0},{m=TO_BACK f=IS_WALLPAPER leash=Surface(name=WallpaperWindowToken{d57d590}#12479)/@0x247a536 sb=Rect(0, 0 - 646, 1408) eb=Rect(0, 0 - 646, 1408) epz=Point(646, 1408) d=7},{m=TO_FRONT f=SHOW_WALLPAPER|MOVE_TO_TOP|FLAG_CHANGED_INTERACTIVE p=WCT{android.os.BinderProxy@cea011e} leash=Surface(name=Task=1649#10225)/@0xa9bfc37 sb=Rect(0, 0 - 1080, 2424) eb=Rect(0, 0 - 1080, 2424) epz=Point(1080, 2424) d=0 taskParent=-1 winMode=1 userId=0},{m=TO_FRONT f=SHOW_WALLPAPER|FLAG_IS_TASK_DISPLAY_AREA leash=Surface(name=DefaultTaskDisplayArea#9)/@0x4cd55a4 sb=Rect(0, 0 - 1080, 2424) eb=Rect(0, 0 - 1080, 2424) epz=Point(1080, 2424) d=0},{m=TO_FRONT f=IS_WALLPAPER leash=Surface(name=WallpaperWindowToken{6dd46b9}#46)/@0xc5d9f0d sb=Rect(0, 0 - 1080, 2424) eb=Rect(0, 0 - 1080, 2424) epz=Point(1080, 2424) d=0}]}
07-14 11:24:41.211  2248  2287 V WindowManagerShell:  Checking filter Pair{{types=[OPEN,TO_FRONT] flags=0x0 notFlags=0x0 checks=[{atype=standard independent=true modes=[OPEN,TO_FRONT] flags=NONE mustBeTask=true order=ANY topActivity=null launchCookie=null windowingMode=freeform isCrossDisplayMove=false}]} RemoteTransition { remoteTransition = android.window.IRemoteTransition$Stub$Proxy@ec63ba3, appThread = null, debugName = DesktopWindowLimitUnminimize, filter = {types=[OPEN,TO_FRONT] flags=0x0 notFlags=0x0 checks=[{atype=standard independent=true modes=[OPEN,TO_FRONT] flags=NONE mustBeTask=true order=ANY topActivity=null launchCookie=null windowingMode=freeform isCrossDisplayMove=false}]} }}
07-14 11:24:41.211  2248  2287 V WindowManagerShell:  Delegate animation for (#1773) to null
07-14 11:24:41.211  2248  2287 V WindowManagerShell: start default transition animation, info = {id=1773 t=OPEN f=0x0 trk=0 r=[0@Point(0, 0),7@Point(0, 0)] c=[{m=CHANGE f=NONE leash=Surface(name=Task=1690#13284)/@0x766655b sb=Rect(0, 0 - 1080, 2424) eb=Rect(0, 0 - 646, 1408) epz=Point(646, 1408) d=0->7 snapshot=Surface(name=transition snapshot: Task{ca35222 #1690 type=standard A=10389:com.mihai.dailyhabit}#13306)/@0x8dd11f8 taskParent=-1 winMode=1 userId=0},{m=TO_BACK f=SHOW_WALLPAPER|FLAG_CHANGED_INTERACTIVE leash=Surface(name=Task=1680#12475)/@0xf6a66d1 sb=Rect(0, 0 - 646, 1408) eb=Rect(0, 0 - 646, 1408) epz=Point(646, 1408) d=7 taskParent=-1 winMode=1 userId=0},{m=TO_BACK f=IS_WALLPAPER leash=Surface(name=WallpaperWindowToken{d57d590}#12479)/@0x247a536 sb=Rect(0, 0 - 646, 1408) eb=Rect(0, 0 - 646, 1408) epz=Point(646, 1408) d=7},{m=TO_FRONT f=SHOW_WALLPAPER|MOVE_TO_TOP|FLAG_CHANGED_INTERACTIVE p=WCT{android.os.BinderProxy@cea011e} leash=Surface(name=Task=1649#10225)/@0xa9bfc37 sb=Rect(0, 0 - 1080, 2424) eb=Rect(0, 0 - 1080, 2424) epz=Point(1080, 2424) d=0 taskParent=-1 winMode=1 userId=0},{m=TO_FRONT f=SHOW_WALLPAPER|FLAG_IS_TASK_DISPLAY_AREA leash=Surface(name=DefaultTaskDisplayArea#9)/@0x4cd55a4 sb=Rect(0, 0 - 1080, 2424) eb=Rect(0, 0 - 1080, 2424) epz=Point(1080, 2424) d=0},{m=TO_FRONT f=IS_WALLPAPER leash=Surface(name=WallpaperWindowToken{6dd46b9}#46)/@0xc5d9f0d sb=Rect(0, 0 - 1080, 2424) eb=Rect(0, 0 - 1080, 2424) epz=Point(1080, 2424) d=0}]}
07-14 11:24:41.214  2248  2287 V WindowManagerShell: loadAnimation: anim=android.view.animation.AnimationSet@3c3b53c animAttr=0x14 type=OPEN isEntrance=true
07-14 11:24:41.214  2248  2287 V WindowManagerShell: loadAnimation: anim=android.view.animation.AnimationSet@21f841a animAttr=0x15 type=OPEN isEntrance=false
07-14 11:24:41.215  2248  2287 V WindowManagerShell:  animated by com.android.wm.shell.transition.DefaultTransitionHandler@2368f0e
07-14 11:24:41.291  1402  4313 D CoreBackPreview: Window{7c47df0 u0 Taskbar Overlay}: Setting back callback null
07-14 11:24:41.303  1402  1579 V WindowManager: Unknown focus tokens, dropping reportFocusChanged
07-14 11:24:41.318  1402  2076 I ImeTracker: com.mihai.dailyhabit:65c2c67d: onRequestHide at ORIGIN_SERVER reason HIDE_UNSPECIFIED_WINDOW fromUser false userId 0 displayId 7
07-14 11:24:41.318 10010 10010 D InsetsController: hide(ime())
07-14 11:24:41.318 10010 10010 I ImeTracker: com.mihai.dailyhabit:65c2c67d: onCancelled at PHASE_CLIENT_ALREADY_HIDDEN
07-14 11:24:41.358  1402  2957 W WindowManager: Cannot find window which accessibility connection is added to
07-14 11:24:41.361  1402  2957 W WindowManager: Failed looking up window session=Session{12a1fe 3450:u0a10331} callers=com.android.server.wm.WindowManagerService.removeClientToken:2356 com.android.server.wm.Session.remove:282 android.view.IWindowSession$Stub.onTransact:693 
07-14 11:24:41.487  1402  2481 I ImeTracker: system_server:6897b6ad: onRequestHide at ORIGIN_SERVER reason IME_REQUESTED_CHANGED_LISTENER fromUser false displayId 0
07-14 11:24:41.488  1402  1579 I ImeTracker: system_server:6897b6ad: onCancelled at PHASE_SERVER_SHOULD_HIDE
07-14 11:24:41.497  1402  4311 D InputMethodManagerService: Attach new input but force hide
07-14 11:24:41.497  1402  4311 I ImeTracker: com.mihai.dailyhabit:972e71b0: onRequestHide at ORIGIN_SERVER reason HIDE_SOFT_INPUT fromUser false userId 0 displayId 7
07-14 11:24:41.498  1402  4311 I ImeTracker: com.mihai.dailyhabit:972e71b0: onCancelled at PHASE_SERVER_SHOULD_HIDE
07-14 11:24:41.505  1402  4313 I ImeTracker: system_server:ae45b750: onRequestHide at ORIGIN_SERVER reason HIDE_INPUT_TARGET_CHANGED fromUser false displayId 7
07-14 11:24:41.505  1402  1579 I ImeTracker: system_server:ae45b750: onCancelled at PHASE_SERVER_SHOULD_HIDE
07-14 11:24:41.506  1402  4308 I ImeTracker: system_server:ae45b750: onFinished on previously finished token at PHASE_SERVER_REQUESTED_VISIBLE_TYPES_NOT_CHANGED with STATUS_CANCEL
07-14 11:24:41.506  1402  4308 I ImeTracker: system_server:ae45b750: onCancelled at PHASE_SERVER_REQUESTED_VISIBLE_TYPES_NOT_CHANGED
07-14 11:24:41.633  2248  2287 V WindowManagerShell: Transition animation finished (aborted=false), notifying core (#1773) android.os.BinderProxy@15f7a55@0
07-14 11:24:41.639  1402  1576 V WindowManager: Finish Transition (#1773): created at 07-14 11:24:40.958 collect-started=0.076ms request-sent=33.677ms started=37.616ms ready=37.599ms sent=234.686ms commit=30.332ms finished=679.44ms
07-14 11:24:41.646  2248  2287 V WindowManagerShell: Track 0 became idle
07-14 11:24:41.646  2248  2287 V WindowManagerShell: All active transition animations finished
07-14 11:24:42.391  1402  1599 I LongMethodTracer: Triggering long method tracing for pid:9379
07-14 11:24:42.394  1402  1599 W LongMethodTracer: Failed to trigger long method tracing for pid 9379
07-14 11:24:44.052  1402  2957 D CoreBackPreview: Window{95cf94 u0 com.mihai.dailyhabit/com.mihai.dailyhabit.MainActivity}: Setting back callback OnBackInvokedCallbackInfo{mCallback=android.window.IOnBackInvokedCallback$Stub$Proxy@a7e3f5, mPriority=0, mIsAnimationCallback=true, mOverrideBehavior=0}
07-14 11:24:44.069  1402  4307 D WindowManager: setClientSurface Surface(name=VRI-com.mihai.dailyhabit/com.mihai.dailyhabit.MainActivity#13322)/@0x36ee58a for 95cf94 com.mihai.dailyhabit/com.mihai.dailyhabit.MainActivity
07-14 11:24:44.130  1402  2076 I ImeTracker: com.mihai.dailyhabit:aa54b2b8: onRequestHide at ORIGIN_SERVER reason HIDE_UNSPECIFIED_WINDOW fromUser false userId 0 displayId 7
07-14 11:24:44.131 10010 10010 D InsetsController: hide(ime())
07-14 11:24:44.131 10010 10010 I ImeTracker: com.mihai.dailyhabit:aa54b2b8: onCancelled at PHASE_CLIENT_ALREADY_HIDDEN
07-14 11:24:44.153  1402  2481 W WindowManager: Cannot find window which accessibility connection is added to
07-14 11:24:44.156  1402  2481 W WindowManager: Failed looking up window session=Session{12a1fe 3450:u0a10331} callers=com.android.server.wm.WindowManagerService.removeClientToken:2356 com.android.server.wm.Session.remove:282 android.view.IWindowSession$Stub.onTransact:693 
07-14 11:24:44.170 10010 10010 D VRI[MainActivity]: updatePointerIcon called with position out of bounds
07-14 11:24:44.183 10010 10010 D VRI[MainActivity]: updatePointerIcon called with position out of bounds
07-14 11:24:44.190 10010 10010 D VRI[MainActivity]: updatePointerIcon called with position out of bounds
07-14 11:24:44.200 10010 10010 D VRI[MainActivity]: updatePointerIcon called with position out of bounds
07-14 11:24:44.207 10010 10010 D VRI[MainActivity]: updatePointerIcon called with position out of bounds
07-14 11:24:44.224 10010 10010 D VRI[MainActivity]: updatePointerIcon called with position out of bounds
07-14 11:24:44.232 10010 10010 D VRI[MainActivity]: updatePointerIcon called with position out of bounds
07-14 11:24:44.240 10010 10010 D VRI[MainActivity]: updatePointerIcon called with position out of bounds
07-14 11:24:44.241  1402  2957 I ImeTracker: system_server:0067f816: onRequestHide at ORIGIN_SERVER reason IME_REQUESTED_CHANGED_LISTENER fromUser false displayId 0
07-14 11:24:44.243  1402  1579 I ImeTracker: system_server:0067f816: onCancelled at PHASE_SERVER_SHOULD_HIDE
07-14 11:24:44.249 10010 10010 D VRI[MainActivity]: updatePointerIcon called with position out of bounds
07-14 11:24:44.257 10010 10010 D VRI[MainActivity]: updatePointerIcon called with position out of bounds
07-14 11:24:44.260  1402  2481 I ImeTracker: system_server:b7662a26: onRequestHide at ORIGIN_SERVER reason HIDE_INPUT_TARGET_CHANGED fromUser false displayId 7
07-14 11:24:44.261  1402  1579 I ImeTracker: system_server:b7662a26: onCancelled at PHASE_SERVER_SHOULD_HIDE
07-14 11:24:44.263  1402  2481 I ImeTracker: system_server:b7662a26: onFinished on previously finished token at PHASE_SERVER_REQUESTED_VISIBLE_TYPES_NOT_CHANGED with STATUS_CANCEL
07-14 11:24:44.263  1402  2481 I ImeTracker: system_server:b7662a26: onCancelled at PHASE_SERVER_REQUESTED_VISIBLE_TYPES_NOT_CHANGED
07-14 11:24:44.266 10010 10010 D VRI[MainActivity]: updatePointerIcon called with position out of bounds
07-14 11:24:44.274 10010 10010 D VRI[MainActivity]: updatePointerIcon called with position out of bounds
07-14 11:24:44.282 10010 10010 D VRI[MainActivity]: updatePointerIcon called with position out of bounds
07-14 11:24:44.291 10010 10010 D VRI[MainActivity]: updatePointerIcon called with position out of bounds
07-14 11:24:44.457 10010 10010 D VRI[MainActivity]: updatePointerIcon called with position out of bounds
07-14 11:24:44.466 10010 10010 D VRI[MainActivity]: updatePointerIcon called with position out of bounds
07-14 11:24:44.474 10010 10010 D VRI[MainActivity]: updatePointerIcon called with position out of bounds
07-14 11:24:44.482 10010 10010 D VRI[MainActivity]: updatePointerIcon called with position out of bounds
07-14 11:24:44.501 10010 10010 D VRI[MainActivity]: updatePointerIcon called with position out of bounds
07-14 11:24:44.508 10010 10010 D VRI[MainActivity]: updatePointerIcon called with position out of bounds
07-14 11:24:44.516 10010 10010 D VRI[MainActivity]: updatePointerIcon called with position out of bounds
07-14 11:24:44.524 10010 10010 D VRI[MainActivity]: updatePointerIcon called with position out of bounds
07-14 11:24:44.532 10010 10010 D VRI[MainActivity]: updatePointerIcon called with position out of bounds
07-14 11:24:44.542 10010 10010 D VRI[MainActivity]: updatePointerIcon called with position out of bounds
07-14 11:24:44.592 10010 10010 D VRI[MainActivity]: updatePointerIcon called with position out of bounds
07-14 11:24:44.599 10010 10010 D VRI[MainActivity]: updatePointerIcon called with position out of bounds
07-14 11:24:44.608 10010 10010 D VRI[MainActivity]: updatePointerIcon called with position out of bounds
07-14 11:24:44.616 10010 10010 D VRI[MainActivity]: updatePointerIcon called with position out of bounds
07-14 11:24:44.624 10010 10010 D VRI[MainActivity]: updatePointerIcon called with position out of bounds
07-14 11:24:44.632 10010 10010 D VRI[MainActivity]: updatePointerIcon called with position out of bounds
07-14 11:24:44.649 10010 10010 D VRI[MainActivity]: updatePointerIcon called with position out of bounds
07-14 11:24:44.657 10010 10010 D VRI[MainActivity]: updatePointerIcon called with position out of bounds
07-14 11:24:44.666 10010 10010 D VRI[MainActivity]: updatePointerIcon called with position out of bounds
07-14 11:24:44.674 10010 10010 D VRI[MainActivity]: updatePointerIcon called with position out of bounds
07-14 11:24:44.682 10010 10010 D VRI[MainActivity]: updatePointerIcon called with position out of bounds
07-14 11:24:44.691 10010 10010 D VRI[MainActivity]: updatePointerIcon called with position out of bounds
07-14 11:24:44.717 10010 10010 D VRI[MainActivity]: updatePointerIcon called with position out of bounds
07-14 11:24:44.724 10010 10010 D VRI[MainActivity]: updatePointerIcon called with position out of bounds
07-14 11:24:44.732 10010 10010 D VRI[MainActivity]: updatePointerIcon called with position out of bounds
07-14 11:24:44.738  2248  2823 D PowerUI : can't show warning due to - plugged: true status unknown: false
07-14 11:24:44.741 10010 10010 D VRI[MainActivity]: updatePointerIcon called with position out of bounds
07-14 11:24:44.758 10010 10010 D VRI[MainActivity]: updatePointerIcon called with position out of bounds
07-14 11:24:44.766 10010 10010 D VRI[MainActivity]: updatePointerIcon called with position out of bounds
07-14 11:24:44.774 10010 10010 D VRI[MainActivity]: updatePointerIcon called with position out of bounds
07-14 11:24:44.783 10010 10010 D VRI[MainActivity]: updatePointerIcon called with position out of bounds
07-14 11:24:44.791 10010 10010 D VRI[MainActivity]: updatePointerIcon called with position out of bounds
07-14 11:24:44.799 10010 10010 D VRI[MainActivity]: updatePointerIcon called with position out of bounds
07-14 11:24:45.169  1402  1579 V WindowManager: Unknown focus tokens, dropping reportFocusChanged
07-14 11:24:45.196  1402  2076 I ImeTracker: com.mihai.dailyhabit:3df7431d: onRequestHide at ORIGIN_SERVER reason HIDE_UNSPECIFIED_WINDOW fromUser false userId 0 displayId 7
07-14 11:24:45.197 10010 10010 D InsetsController: hide(ime())
07-14 11:24:45.197 10010 10010 I ImeTracker: com.mihai.dailyhabit:3df7431d: onCancelled at PHASE_CLIENT_ALREADY_HIDDEN
07-14 11:24:45.226  1402  4313 W WindowManager: Cannot find window which accessibility connection is added to
07-14 11:24:45.228  1402  4308 W WindowManager: Failed looking up window session=Session{12a1fe 3450:u0a10331} callers=com.android.server.wm.WindowManagerService.removeClientToken:2356 com.android.server.wm.Session.remove:282 android.view.IWindowSession$Stub.onTransact:693 
07-14 11:24:45.286  1402  4308 I ImeTracker: system_server:f12429d4: onRequestHide at ORIGIN_SERVER reason IME_REQUESTED_CHANGED_LISTENER fromUser false displayId 0
07-14 11:24:45.288  1402  1579 I ImeTracker: system_server:f12429d4: onCancelled at PHASE_SERVER_SHOULD_HIDE
07-14 11:24:45.301  1402  4313 I ImeTracker: system_server:b05dc7da: onRequestHide at ORIGIN_SERVER reason HIDE_INPUT_TARGET_CHANGED fromUser false displayId 7
07-14 11:24:45.301  1402  1579 I ImeTracker: system_server:b05dc7da: onCancelled at PHASE_SERVER_SHOULD_HIDE
07-14 11:24:45.302  1402  4311 I ImeTracker: system_server:b05dc7da: onFinished on previously finished token at PHASE_SERVER_REQUESTED_VISIBLE_TYPES_NOT_CHANGED with STATUS_CANCEL
07-14 11:24:45.303  1402  4311 I ImeTracker: system_server:b05dc7da: onCancelled at PHASE_SERVER_REQUESTED_VISIBLE_TYPES_NOT_CHANGED
