07-14 11:24:46.533  2248  2287 V WindowManagerShell: Transition requested (#1774): android.os.BinderProxy@881657d TransitionRequestInfo { type = OPEN, triggerTask = TaskInfo{userId=0 taskId=1690 effectiveUid=10389 seqId=0 displayId=7 isRunning=true baseIntent=Intent { act=android.intent.action.MAIN cat=[android.intent.category.LAUNCHER] flg=0x10200000 cmp=com.mihai.dailyhabit/.MainActivity } baseActivity=ComponentInfo{com.mihai.dailyhabit/com.mihai.dailyhabit.MainActivity} topActivity=ComponentInfo{com.google.android.documentsui/com.android.documentsui.picker.PickActivity} origActivity=null realActivity=ComponentInfo{com.mihai.dailyhabit/com.mihai.dailyhabit.MainActivity} realActivityIsAppLockEnabled=false numActivities=2 lastActiveTime=99657814 supportsMultiWindow=true supportsMultiWindowWithoutConstraints=true resizeMode=2 isResizeable=true minWidth=-1 minHeight=-1 defaultMinSize=220 token=WCT{android.os.BinderProxy@b18211f} topActivityType=1 pictureInPictureParams=null shouldDockBigOverlays=false launchIntoPipHostTaskId=-1 lastParentTaskIdBeforePip=-1 displayCutoutSafeInsets=Rect(0, 0 - 0, 0) topActivityInfo=ActivityInfo{7b27c72 com.android.documentsui.picker.PickActivity} launchCookies=[] positionInParent=Point(0, 0) parentTaskId=-1 isFocused=true isInteractive=true isVisible=true isVisibleRequested=true isTopActivityNoDisplay=false isSleeping=false locusId=null displayAreaFeatureId=1 isTopActivityTransparent=false isActivityStackTransparent=false lastNonFullscreenBounds=null leafTaskBoundsFromOptions= false capturedLink=null capturedLinkTimestamp=0 requestedVisibleTypes=503 topActivityRequestOpenInBrowserEducationTimestamp=0 appCompatTaskInfo=AppCompatTaskInfo { topActivityInSizeCompat=false isLeafTask= true eligibleForLetterboxEducation= false isLetterboxEducationEnabled= false isLetterboxDoubleTapEnabled= false eligibleForUserAspectRatioButton= false topActivityBoundsLetterboxed= false isFromLetterboxDoubleTap= false topActivityLetterboxVerticalPosition= -1 topActivityLetterboxHorizontalPosition= -1 topActivityLetterboxWidth=-1 topActivityLetterboxHeight=-1 topActivityAppBounds=Rect(0, 0 - 646, 1408) isUserFullscreenOverrideEnabled=false isSystemFullscreenOverrideEnabled=false hasMinAspectRatioOverride=false topActivityLetterboxBounds=null topNonResizableActivityAspectRatio=-1.0} topActivityMainWindowFrame=null isAppBubble=false}, pipChange = null, remoteTransitionInfo = null, displayChanges = null, requestedLocation = null, userChange = null, windowingLayerChange = null, fullscreenRequestChange = null, flags = 0, debugId = 1774 }
07-14 11:24:46.533  1402  2957 V ActivityTaskManager: TaskLaunchParamsModifier: phase=2 task=Task{ca35222 #1690 type=standard A=10389:com.mihai.dailyhabit} activity=ActivityRecord{9931560 u0 com.google.android.documentsui/com.android.documentsui.picker.PickActivity t-1} display-area-from-source=DefaultTaskDisplayArea@198796403 display-id=7 task-display-area-windowing-mode=1 suggested-display-area=DefaultTaskDisplayArea@198796403 inherit-from-source=fullscreen non-freeform-task-display-area display-area=DefaultTaskDisplayArea@198796403 skip-bounds-fullscreen
07-14 11:24:46.533  1402  2957 I ActivityTaskManager: START u0 {act=android.intent.action.OPEN_DOCUMENT typ=*/* xflg=0x4 cmp=com.google.android.documentsui/com.android.documentsui.picker.PickActivity (has extras)} with LAUNCH_MULTIPLE from uid 10389 (com.mihai.dailyhabit) (rr=77838424) (BAL_ALLOW_VISIBLE_WINDOW) result code=0
07-14 11:24:46.534  2248  2287 V ShellDesktopMode: DesktopTasksController: skipping handleRequest reason=triggerTask's display doesn't support desktop mode
07-14 11:24:46.537  1402  4311 D CorePackageUpdate: Couldn't find a persistent state for task= 1690
07-14 11:24:46.538  1402  4311 D ActivityManager: quick sync unfreeze 6057 for 1
07-14 11:24:46.541  1402  1579 D ActivityManager: sync unfroze 6057 com.google.android.documentsui for 1
07-14 11:24:46.581  1402  2957 D ActivityManager: sync unfroze 32652 android.process.media for 7
07-14 11:24:46.586  1402  4311 D ActivityManager: sync unfroze 6100 com.android.externalstorage for 7
07-14 11:24:46.596  1402  4307 D CoreBackPreview: Window{76bb804 u0 com.google.android.documentsui/com.android.documentsui.picker.PickActivity}: Setting back callback OnBackInvokedCallbackInfo{mCallback=android.window.IOnBackInvokedCallback$Stub$Proxy@ec0039c, mPriority=0, mIsAnimationCallback=false, mOverrideBehavior=0}
07-14 11:24:46.597  1402  4307 D WindowManager: setClientSurface Surface(name=VRI-com.google.android.documentsui/com.android.documentsui.picker.PickActivity#13336)/@0xa99452b for 76bb804 com.google.android.documentsui/com.android.documentsui.picker.PickActivity
07-14 11:24:46.628  2248 16007 V WindowManagerShell: onTransitionReady(transaction=6021544288999)
07-14 11:24:46.628  2248  2287 V WindowManagerShell: onTransitionReady (#1774) android.os.BinderProxy@881657d: {id=1774 t=OPEN f=0x0 trk=0 r=[7@Point(0, 0)] c=[
07-14 11:24:46.628  2248  2287 V WindowManagerShell:         {m=OPEN f=FILLS_TASK leash=Surface(name=ActivityRecord{9931560 u0 com.google.android.documentsui/com.android.documentsui.picker.PickActivity t1690}#13334)/@0xb15e8c3 sb=Rect(0, 0 - 0, 0) eb=Rect(0, 0 - 646, 1408) epz=Point(646, 1408) d=-1->7 r=-1->0:-1 bc=ff1f1f1f activity=ActivityTransitionInfo { component = ComponentInfo{com.google.android.documentsui/com.android.documentsui.picker.PickActivity}, taskId = 1690, appCompatTransitionInfo = null } opt={t=FROM_STYLE mUserId=0}},
07-14 11:24:46.628  2248  2287 V WindowManagerShell:         {m=TO_BACK f=FILLS_TASK leash=Surface(name=ActivityRecord{77838424 u0 com.mihai.dailyhabit/.MainActivity t1690}#13285)/@0xf11b540 sb=Rect(0, 0 - 646, 1408) eb=Rect(0, 0 - 646, 1408) epz=Point(646, 1408) d=7 bc=ff1f1f1f activity=ActivityTransitionInfo { component = ComponentInfo{com.mihai.dailyhabit/com.mihai.dailyhabit.MainActivity}, taskId = 1690, appCompatTransitionInfo = null } opt={t=FROM_STYLE mUserId=0}}
07-14 11:24:46.628  2248  2287 V WindowManagerShell:     ]}
07-14 11:24:46.628  2248  2287 V WindowManagerShell: FocusTransitionObserver: Updating focus state for transition #1774
07-14 11:24:46.628  2248  2287 V ShellDesktopMode: DesktopModeLogger: taskInfo map after processing changes 0
07-14 11:24:46.628  2248  2287 V WindowManagerShell: Playing animation for (#1774) android.os.BinderProxy@881657d@0
07-14 11:24:46.629  2248  2287 D ShellSplitScreen: startAnimation: transition=1774 isSplitActive=false
07-14 11:24:46.629  2248  2287 V ShellRecents: RecentsTransitionHandler.startAnimation: no controller found
07-14 11:24:46.629  2248  2287 V ShellDesktopMode: DesktopMixedTransitionHandler: No pending desktop transition
07-14 11:24:46.629  2248  2287 V ShellDesktopMode: DesktopHomeScreenPeekTransitionHandler: startAnimation
07-14 11:24:46.629  2248  2287 V WindowManagerShell: Transition doesn't have explicit remote, search filters for match for {id=1774 t=OPEN f=0x0 trk=0 r=[7@Point(0, 0)] c=[{m=OPEN f=FILLS_TASK leash=Surface(name=ActivityRecord{9931560 u0 com.google.android.documentsui/com.android.documentsui.picker.PickActivity t1690}#13334)/@0xb15e8c3 sb=Rect(0, 0 - 0, 0) eb=Rect(0, 0 - 646, 1408) epz=Point(646, 1408) d=-1->7 r=-1->0:-1 bc=ff1f1f1f activity=ActivityTransitionInfo { component = ComponentInfo{com.google.android.documentsui/com.android.documentsui.picker.PickActivity}, taskId = 1690, appCompatTransitionInfo = null } opt={t=FROM_STYLE mUserId=0}},{m=TO_BACK f=FILLS_TASK leash=Surface(name=ActivityRecord{77838424 u0 com.mihai.dailyhabit/.MainActivity t1690}#13285)/@0xf11b540 sb=Rect(0, 0 - 646, 1408) eb=Rect(0, 0 - 646, 1408) epz=Point(646, 1408) d=7 bc=ff1f1f1f activity=ActivityTransitionInfo { component = ComponentInfo{com.mihai.dailyhabit/com.mihai.dailyhabit.MainActivity}, taskId = 1690, appCompatTransitionInfo = null } opt={t=FROM_STYLE mUserId=0}}]}
07-14 11:24:46.629  2248  2287 V WindowManagerShell:  Checking filter Pair{{types=[OPEN,TO_FRONT] flags=0x0 notFlags=0x0 checks=[{atype=standard independent=true modes=[OPEN,TO_FRONT] flags=NONE mustBeTask=true order=ANY topActivity=null launchCookie=null windowingMode=freeform isCrossDisplayMove=false}]} RemoteTransition { remoteTransition = android.window.IRemoteTransition$Stub$Proxy@ec63ba3, appThread = null, debugName = DesktopWindowLimitUnminimize, filter = {types=[OPEN,TO_FRONT] flags=0x0 notFlags=0x0 checks=[{atype=standard independent=true modes=[OPEN,TO_FRONT] flags=NONE mustBeTask=true order=ANY topActivity=null launchCookie=null windowingMode=freeform isCrossDisplayMove=false}]} }}
07-14 11:24:46.629  2248  2287 V WindowManagerShell:  Delegate animation for (#1774) to null
07-14 11:24:46.629  2248  2287 V WindowManagerShell: start default transition animation, info = {id=1774 t=OPEN f=0x0 trk=0 r=[7@Point(0, 0)] c=[{m=OPEN f=FILLS_TASK leash=Surface(name=ActivityRecord{9931560 u0 com.google.android.documentsui/com.android.documentsui.picker.PickActivity t1690}#13334)/@0xb15e8c3 sb=Rect(0, 0 - 0, 0) eb=Rect(0, 0 - 646, 1408) epz=Point(646, 1408) d=-1->7 r=-1->0:-1 bc=ff1f1f1f activity=ActivityTransitionInfo { component = ComponentInfo{com.google.android.documentsui/com.android.documentsui.picker.PickActivity}, taskId = 1690, appCompatTransitionInfo = null } opt={t=FROM_STYLE mUserId=0}},{m=TO_BACK f=FILLS_TASK leash=Surface(name=ActivityRecord{77838424 u0 com.mihai.dailyhabit/.MainActivity t1690}#13285)/@0xf11b540 sb=Rect(0, 0 - 646, 1408) eb=Rect(0, 0 - 646, 1408) epz=Point(646, 1408) d=7 bc=ff1f1f1f activity=ActivityTransitionInfo { component = ComponentInfo{com.mihai.dailyhabit/com.mihai.dailyhabit.MainActivity}, taskId = 1690, appCompatTransitionInfo = null } opt={t=FROM_STYLE mUserId=0}}]}
07-14 11:24:46.629  1402  1576 V WindowManager: Sent Transition (#1774) createdAt=07-14 11:24:46.525 via request=TransitionRequestInfo { type = OPEN, triggerTask = TaskInfo{userId=0 taskId=1690 effectiveUid=10389 seqId=0 displayId=7 isRunning=true baseIntent=Intent { act=android.intent.action.MAIN cat=[android.intent.category.LAUNCHER] flg=0x10200000 cmp=com.mihai.dailyhabit/.MainActivity } baseActivity=ComponentInfo{com.mihai.dailyhabit/com.mihai.dailyhabit.MainActivity} topActivity=ComponentInfo{com.google.android.documentsui/com.android.documentsui.picker.PickActivity} origActivity=null realActivity=ComponentInfo{com.mihai.dailyhabit/com.mihai.dailyhabit.MainActivity} realActivityIsAppLockEnabled=false numActivities=2 lastActiveTime=99657814 supportsMultiWindow=true supportsMultiWindowWithoutConstraints=true resizeMode=2 isResizeable=true minWidth=-1 minHeight=-1 defaultMinSize=220 token=WCT{RemoteToken{84eaeca Task{ca35222 #1690 type=standard A=10389:com.mihai.dailyhabit}}} topActivityType=1 pictureInPictureParams=null shouldDockBigOverlays=false launchIntoPipHostTaskId=-1 lastParentTaskIdBeforePip=-1 displayCutoutSafeInsets=Rect(0, 0 - 0, 0) topActivityInfo=ActivityInfo{799cf1b com.android.documentsui.picker.PickActivity} launchCookies=[] positionInParent=Point(0, 0) parentTaskId=-1 isFocused=true isInteractive=true isVisible=true isVisibleRequested=true isTopActivityNoDisplay=false isSleeping=false locusId=null displayAreaFeatureId=1 isTopActivityTransparent=false isActivityStackTransparent=false lastNonFullscreenBounds=null leafTaskBoundsFromOptions= false capturedLink=null capturedLinkTimestamp=0 requestedVisibleTypes=503 topActivityRequestOpenInBrowserEducationTimestamp=0 appCompatTaskInfo=AppCompatTaskInfo { topActivityInSizeCompat=false isLeafTask= true eligibleForLetterboxEducation= false isLetterboxEducationEnabled= false isLetterboxDoubleTapEnabled= false eligibleForUserAspectRatioButton= false topActivityBoundsLetterboxed= false isFromLetterboxDoubleTap= false topActivityLetterboxVerticalPosition= -1 topActivityLetterboxHorizontalPosition= -1 topActivityLetterboxWidth=-1 topActivityLetterboxHeight=-1 topActivityAppBounds=Rect(0, 0 - 646, 1408) isUserFullscreenOverrideEnabled=false isSystemFullscreenOverrideEnabled=false hasMinAspectRatioOverride=false topActivityLetterboxBounds=null topNonResizableActivityAspectRatio=-1.0} topActivityMainWindowFrame=null isAppBubble=false}, pipChange = null, remoteTransitionInfo = null, displayChanges = null, requestedLocation = null, userChange = null, windowingLayerChange = null, fullscreenRequestChange = null, flags = 0, debugId = 1774 }
07-14 11:24:46.629  1402  1576 V WindowManager:     startWCT=WindowContainerTransaction { changes= {} hops= [] flags= 0 errorCallbackToken=null taskFragmentOrganizer=null }
07-14 11:24:46.629  1402  1576 V WindowManager:     info={id=1774 t=OPEN f=0x0 trk=0 r=[7@Point(0, 0)] c=[
07-14 11:24:46.629  1402  1576 V WindowManager:         {m=OPEN f=FILLS_TASK leash=Surface(name=ActivityRecord{9931560 u0 com.google.android.documentsui/com.android.documentsui.picker.PickActivity t1690}#13334)/@0xc598bcc sb=Rect(0, 0 - 0, 0) eb=Rect(0, 0 - 646, 1408) epz=Point(646, 1408) d=-1->7 r=-1->0:-1 bc=ff1f1f1f activity=ActivityTransitionInfo { component = ComponentInfo{com.google.android.documentsui/com.android.documentsui.picker.PickActivity}, taskId = 1690, appCompatTransitionInfo = null } opt={t=FROM_STYLE mUserId=0}},
07-14 11:24:46.629  1402  1576 V WindowManager:         {m=TO_BACK f=FILLS_TASK leash=Surface(name=ActivityRecord{77838424 u0 com.mihai.dailyhabit/.MainActivity t1690}#13285)/@0xd8c11ff sb=Rect(0, 0 - 646, 1408) eb=Rect(0, 0 - 646, 1408) epz=Point(646, 1408) d=7 bc=ff1f1f1f activity=ActivityTransitionInfo { component = ComponentInfo{com.mihai.dailyhabit/com.mihai.dailyhabit.MainActivity}, taskId = 1690, appCompatTransitionInfo = null } opt={t=FROM_STYLE mUserId=0}}
07-14 11:24:46.629  1402  1576 V WindowManager:     ]}
07-14 11:24:46.629  2248  2287 V WindowManagerShell: loadAnimation: anim=android.view.animation.AnimationSet@d1cc735 animAttr=0x5 type=OPEN isEntrance=false
07-14 11:24:46.629  2248  2287 V WindowManagerShell: loadAnimation: anim=android.view.animation.AnimationSet@388ec58 animAttr=0x4 type=OPEN isEntrance=true
07-14 11:24:46.629  2248  2287 V WindowManagerShell:  animated by com.android.wm.shell.transition.DefaultTransitionHandler@2368f0e
07-14 11:24:46.640  2248  2287 V RecentTasksController: Notify recent tasks changed: 1
07-14 11:24:46.641  2248  2287 V RecentTasksController: generateList(getRecentTasks)
07-14 11:24:46.641  2248  2287 V RecentTasksController: initializeDesksMap - allDeskIds: []
07-14 11:24:46.641  2248  2287 V RecentTasksController: Task 1690 is not an active desktop task
07-14 11:24:46.641  2248  2287 V RecentTasksController: Added fullscreen task: 1690
07-14 11:24:46.641  2248  2287 V RecentTasksController: Task 1688 is not an active desktop task
07-14 11:24:46.641  2248  2287 V RecentTasksController: Added fullscreen task: 1688
07-14 11:24:46.641  2248  2287 V RecentTasksController: Task 1686 is not an active desktop task
07-14 11:24:46.641  2248  2287 V RecentTasksController: Added fullscreen task: 1686
07-14 11:24:46.641  2248  2287 V RecentTasksController: Task 1679 is not an active desktop task
07-14 11:24:46.641  2248  2287 V RecentTasksController: Added fullscreen task: 1679
07-14 11:24:46.641  2248  2287 V RecentTasksController: Task 1674 is not an active desktop task
07-14 11:24:46.641  2248  2287 V RecentTasksController: Added fullscreen task: 1674
07-14 11:24:46.641  2248  2287 V RecentTasksController: Task 1672 is not an active desktop task
07-14 11:24:46.641  2248  2287 V RecentTasksController: Added fullscreen task: 1672
07-14 11:24:46.641  2248  2287 V RecentTasksController: Task 1670 is not an active desktop task
07-14 11:24:46.641  2248  2287 V RecentTasksController: Added fullscreen task: 1670
07-14 11:24:46.641  2248  2287 V RecentTasksController: Task 1668 is not an active desktop task
07-14 11:24:46.641  2248  2287 V RecentTasksController: Added fullscreen task: 1668
07-14 11:24:46.641  2248  2287 V RecentTasksController: generateList - complete
07-14 11:24:46.645  2248  2287 V RecentTasksController: generateList(getRecentTasks)
07-14 11:24:46.645  2248  2287 V RecentTasksController: initializeDesksMap - allDeskIds: []
07-14 11:24:46.645  2248  2287 V RecentTasksController: Task 1690 is not an active desktop task
07-14 11:24:46.645  2248  2287 V RecentTasksController: Added fullscreen task: 1690
07-14 11:24:46.645  2248  2287 V RecentTasksController: Task 1688 is not an active desktop task
07-14 11:24:46.645  2248  2287 V RecentTasksController: Added fullscreen task: 1688
07-14 11:24:46.645  2248  2287 V RecentTasksController: Task 1686 is not an active desktop task
07-14 11:24:46.645  2248  2287 V RecentTasksController: Added fullscreen task: 1686
07-14 11:24:46.645  2248  2287 V RecentTasksController: Task 1679 is not an active desktop task
07-14 11:24:46.645  2248  2287 V RecentTasksController: Added fullscreen task: 1679
07-14 11:24:46.645  2248  2287 V RecentTasksController: Task 1674 is not an active desktop task
07-14 11:24:46.645  2248  2287 V RecentTasksController: Added fullscreen task: 1674
07-14 11:24:46.645  2248  2287 V RecentTasksController: Task 1672 is not an active desktop task
07-14 11:24:46.645  2248  2287 V RecentTasksController: Added fullscreen task: 1672
07-14 11:24:46.645  2248  2287 V RecentTasksController: Task 1670 is not an active desktop task
07-14 11:24:46.645  2248  2287 V RecentTasksController: Added fullscreen task: 1670
07-14 11:24:46.645  2248  2287 V RecentTasksController: Task 1668 is not an active desktop task
07-14 11:24:46.645  2248  2287 V RecentTasksController: Added fullscreen task: 1668
07-14 11:24:46.645  2248  2287 V RecentTasksController: generateList - complete
07-14 11:24:46.648  2248  2287 V RecentTasksController: generateList(getRecentTasks)
07-14 11:24:46.648  2248  2287 V RecentTasksController: initializeDesksMap - allDeskIds: []
07-14 11:24:46.648  2248  2287 V RecentTasksController: Task 1690 is not an active desktop task
07-14 11:24:46.648  2248  2287 V RecentTasksController: Added fullscreen task: 1690
07-14 11:24:46.648  2248  2287 V RecentTasksController: Task 1688 is not an active desktop task
07-14 11:24:46.648  2248  2287 V RecentTasksController: Added fullscreen task: 1688
07-14 11:24:46.648  2248  2287 V RecentTasksController: Task 1686 is not an active desktop task
07-14 11:24:46.648  2248  2287 V RecentTasksController: Added fullscreen task: 1686
07-14 11:24:46.648  2248  2287 V RecentTasksController: Task 1679 is not an active desktop task
07-14 11:24:46.648  2248  2287 V RecentTasksController: Added fullscreen task: 1679
07-14 11:24:46.648  2248  2287 V RecentTasksController: Task 1674 is not an active desktop task
07-14 11:24:46.648  2248  2287 V RecentTasksController: Added fullscreen task: 1674
07-14 11:24:46.648  2248  2287 V RecentTasksController: Task 1672 is not an active desktop task
07-14 11:24:46.648  2248  2287 V RecentTasksController: Added fullscreen task: 1672
07-14 11:24:46.648  2248  2287 V RecentTasksController: Task 1670 is not an active desktop task
07-14 11:24:46.648  2248  2287 V RecentTasksController: Added fullscreen task: 1670
07-14 11:24:46.648  2248  2287 V RecentTasksController: Task 1668 is not an active desktop task
07-14 11:24:46.648  2248  2287 V RecentTasksController: Added fullscreen task: 1668
07-14 11:24:46.648  2248  2287 V RecentTasksController: generateList - complete
07-14 11:24:46.722  1402  2076 I ImeTracker: com.google.android.documentsui:c12f3565: onRequestHide at ORIGIN_SERVER reason HIDE_UNSPECIFIED_WINDOW fromUser false userId 0 displayId 7
07-14 11:24:46.722  6057  6057 D InsetsController: hide(ime())
07-14 11:24:46.722  6057  6057 I ImeTracker: com.google.android.documentsui:c12f3565: onCancelled at PHASE_CLIENT_ALREADY_HIDDEN
07-14 11:24:46.739  1402  2481 W WindowManager: Cannot find window which accessibility connection is added to
07-14 11:24:46.740  1402  2481 W WindowManager: Failed looking up window session=Session{12a1fe 3450:u0a10331} callers=com.android.server.wm.WindowManagerService.removeClientToken:2356 com.android.server.wm.Session.remove:282 android.view.IWindowSession$Stub.onTransact:693 
07-14 11:24:46.793  1402  2957 I ImeTracker: system_server:e5ff69c4: onRequestHide at ORIGIN_SERVER reason IME_REQUESTED_CHANGED_LISTENER fromUser false displayId 0
07-14 11:24:46.793  1402  1579 I ImeTracker: system_server:e5ff69c4: onCancelled at PHASE_SERVER_SHOULD_HIDE
07-14 11:24:46.804  1402  4307 I ImeTracker: system_server:90178ca6: onRequestHide at ORIGIN_SERVER reason HIDE_INPUT_TARGET_CHANGED fromUser false displayId 7
07-14 11:24:46.805  1402  4311 I ImeTracker: system_server:90178ca6: onCancelled at PHASE_SERVER_REQUESTED_VISIBLE_TYPES_NOT_CHANGED
07-14 11:24:46.805  1402  1579 I ImeTracker: system_server:90178ca6: onFinished on previously finished token at PHASE_SERVER_SHOULD_HIDE with STATUS_CANCEL
07-14 11:24:46.805  1402  1579 I ImeTracker: system_server:90178ca6: onCancelled at PHASE_SERVER_SHOULD_HIDE
07-14 11:24:46.924  1402  1599 I LongMethodTracer: Triggering long method tracing for pid:18530
07-14 11:24:46.924  1402  1599 W LongMethodTracer: Failed to trigger long method tracing for pid 18530
07-14 11:24:47.092  2248  2287 V WindowManagerShell: Transition animation finished (aborted=false), notifying core (#1774) android.os.BinderProxy@881657d@0
07-14 11:24:47.094  1402  1576 V WindowManager: Finish Transition (#1774): created at 07-14 11:24:46.525 collect-started=0.134ms request-sent=6.855ms started=8.424ms ready=13.266ms sent=101.799ms commit=6.293ms finished=568.298ms
07-14 11:24:47.095  2248  2287 V WindowManagerShell: Track 0 became idle
07-14 11:24:47.095  2248  2287 V WindowManagerShell: All active transition animations finished
07-14 11:24:47.106  1402  1576 D HintManagerService: Sent cleanup message for uid 10389
07-14 11:24:47.177  1402  1579 W AccessibilityWindowsPopulator: Windows change within in 2 frames continuously over 500 ms and notify windows changed immediately
07-14 11:24:48.000  2248  2287 V WindowManagerShell: Transition requested (#1775): android.os.BinderProxy@b5be217 TransitionRequestInfo { type = CLOSE, triggerTask = null, pipChange = null, remoteTransitionInfo = null, displayChanges = null, requestedLocation = null, userChange = null, windowingLayerChange = null, fullscreenRequestChange = null, flags = 0, debugId = 1775 }
07-14 11:24:48.001  2248  2287 V ShellDesktopMode: DesktopTasksController: skipping handleRequest reason=triggerTask is null
07-14 11:24:48.043  1402  4311 D WindowManager: setClientSurface Surface(name=VRI-com.mihai.dailyhabit/com.mihai.dailyhabit.MainActivity#13344)/@0x8a602a7 for 4df8e47 com.mihai.dailyhabit/com.mihai.dailyhabit.MainActivity
07-14 11:24:48.055  1402  1576 V WindowManager: Sent Transition (#1775) createdAt=07-14 11:24:48.000 via request=TransitionRequestInfo { type = CLOSE, triggerTask = null, pipChange = null, remoteTransitionInfo = null, displayChanges = null, requestedLocation = null, userChange = null, windowingLayerChange = null, fullscreenRequestChange = null, flags = 0, debugId = 1775 }
07-14 11:24:48.055  1402  1576 V WindowManager:     startWCT=WindowContainerTransaction { changes= {} hops= [] flags= 0 errorCallbackToken=null taskFragmentOrganizer=null }
07-14 11:24:48.055  1402  1576 V WindowManager:     info={id=1775 t=CLOSE f=0x0 trk=0 r=[7@Point(0, 0)] c=[
07-14 11:24:48.055  1402  1576 V WindowManager:         {m=CLOSE f=FILLS_TASK leash=Surface(name=ActivityRecord{9931560 u0 com.google.android.documentsui/com.android.documentsui.picker.PickActivity t1690}#13334)/@0xc598bcc sb=Rect(0, 0 - 646, 1408) eb=Rect(0, 0 - 646, 1408) epz=Point(646, 1408) d=7 bc=ff1f1f1f activity=ActivityTransitionInfo { component = ComponentInfo{com.google.android.documentsui/com.android.documentsui.picker.PickActivity}, taskId = 1690, appCompatTransitionInfo = null } opt={t=FROM_STYLE mUserId=0}},
07-14 11:24:48.055  1402  1576 V WindowManager:         {m=TO_FRONT f=FILLS_TASK leash=Surface(name=ActivityRecord{77838424 u0 com.mihai.dailyhabit/.MainActivity t1690}#13285)/@0xd8c11ff sb=Rect(0, 0 - 646, 1408) eb=Rect(0, 0 - 646, 1408) epz=Point(646, 1408) d=7 bc=ff1f1f1f activity=ActivityTransitionInfo { component = ComponentInfo{com.mihai.dailyhabit/com.mihai.dailyhabit.MainActivity}, taskId = 1690, appCompatTransitionInfo = null } opt={t=FROM_STYLE mUserId=0}}
07-14 11:24:48.055  1402  1576 V WindowManager:     ]}
07-14 11:24:48.056  2248 16904 V WindowManagerShell: onTransitionReady(transaction=6021544289093)
07-14 11:24:48.056  2248  2287 V WindowManagerShell: onTransitionReady (#1775) android.os.BinderProxy@b5be217: {id=1775 t=CLOSE f=0x0 trk=0 r=[7@Point(0, 0)] c=[
07-14 11:24:48.056  2248  2287 V WindowManagerShell:         {m=CLOSE f=FILLS_TASK leash=Surface(name=ActivityRecord{9931560 u0 com.google.android.documentsui/com.android.documentsui.picker.PickActivity t1690}#13334)/@0x9cc7604 sb=Rect(0, 0 - 646, 1408) eb=Rect(0, 0 - 646, 1408) epz=Point(646, 1408) d=7 bc=ff1f1f1f activity=ActivityTransitionInfo { component = ComponentInfo{com.google.android.documentsui/com.android.documentsui.picker.PickActivity}, taskId = 1690, appCompatTransitionInfo = null } opt={t=FROM_STYLE mUserId=0}},
07-14 11:24:48.056  2248  2287 V WindowManagerShell:         {m=TO_FRONT f=FILLS_TASK leash=Surface(name=ActivityRecord{77838424 u0 com.mihai.dailyhabit/.MainActivity t1690}#13285)/@0x31ba7ed sb=Rect(0, 0 - 646, 1408) eb=Rect(0, 0 - 646, 1408) epz=Point(646, 1408) d=7 bc=ff1f1f1f activity=ActivityTransitionInfo { component = ComponentInfo{com.mihai.dailyhabit/com.mihai.dailyhabit.MainActivity}, taskId = 1690, appCompatTransitionInfo = null } opt={t=FROM_STYLE mUserId=0}}
07-14 11:24:48.056  2248  2287 V WindowManagerShell:     ]}
07-14 11:24:48.056  2248  2287 V WindowManagerShell: FocusTransitionObserver: Updating focus state for transition #1775
07-14 11:24:48.056  2248  2287 V ShellDesktopMode: DesktopModeLogger: taskInfo map after processing changes 0
07-14 11:24:48.056  2248  2287 V WindowManagerShell: Playing animation for (#1775) android.os.BinderProxy@b5be217@0
07-14 11:24:48.056  2248  2287 D ShellSplitScreen: startAnimation: transition=1775 isSplitActive=false
07-14 11:24:48.056  2248  2287 V ShellRecents: RecentsTransitionHandler.startAnimation: no controller found
07-14 11:24:48.056  2248  2287 V ShellDesktopMode: DesktopMixedTransitionHandler: No pending desktop transition
07-14 11:24:48.056  2248  2287 V ShellDesktopMode: DesktopHomeScreenPeekTransitionHandler: startAnimation
07-14 11:24:48.056  2248  2287 V WindowManagerShell: Transition doesn't have explicit remote, search filters for match for {id=1775 t=CLOSE f=0x0 trk=0 r=[7@Point(0, 0)] c=[{m=CLOSE f=FILLS_TASK leash=Surface(name=ActivityRecord{9931560 u0 com.google.android.documentsui/com.android.documentsui.picker.PickActivity t1690}#13334)/@0x9cc7604 sb=Rect(0, 0 - 646, 1408) eb=Rect(0, 0 - 646, 1408) epz=Point(646, 1408) d=7 bc=ff1f1f1f activity=ActivityTransitionInfo { component = ComponentInfo{com.google.android.documentsui/com.android.documentsui.picker.PickActivity}, taskId = 1690, appCompatTransitionInfo = null } opt={t=FROM_STYLE mUserId=0}},{m=TO_FRONT f=FILLS_TASK leash=Surface(name=ActivityRecord{77838424 u0 com.mihai.dailyhabit/.MainActivity t1690}#13285)/@0x31ba7ed sb=Rect(0, 0 - 646, 1408) eb=Rect(0, 0 - 646, 1408) epz=Point(646, 1408) d=7 bc=ff1f1f1f activity=ActivityTransitionInfo { component = ComponentInfo{com.mihai.dailyhabit/com.mihai.dailyhabit.MainActivity}, taskId = 1690, appCompatTransitionInfo = null } opt={t=FROM_STYLE mUserId=0}}]}
07-14 11:24:48.056  2248  2287 V WindowManagerShell:  Checking filter Pair{{types=[OPEN,TO_FRONT] flags=0x0 notFlags=0x0 checks=[{atype=standard independent=true modes=[OPEN,TO_FRONT] flags=NONE mustBeTask=true order=ANY topActivity=null launchCookie=null windowingMode=freeform isCrossDisplayMove=false}]} RemoteTransition { remoteTransition = android.window.IRemoteTransition$Stub$Proxy@ec63ba3, appThread = null, debugName = DesktopWindowLimitUnminimize, filter = {types=[OPEN,TO_FRONT] flags=0x0 notFlags=0x0 checks=[{atype=standard independent=true modes=[OPEN,TO_FRONT] flags=NONE mustBeTask=true order=ANY topActivity=null launchCookie=null windowingMode=freeform isCrossDisplayMove=false}]} }}
07-14 11:24:48.056  2248  2287 V WindowManagerShell:  Delegate animation for (#1775) to null
07-14 11:24:48.056  2248  2287 V WindowManagerShell: start default transition animation, info = {id=1775 t=CLOSE f=0x0 trk=0 r=[7@Point(0, 0)] c=[{m=CLOSE f=FILLS_TASK leash=Surface(name=ActivityRecord{9931560 u0 com.google.android.documentsui/com.android.documentsui.picker.PickActivity t1690}#13334)/@0x9cc7604 sb=Rect(0, 0 - 646, 1408) eb=Rect(0, 0 - 646, 1408) epz=Point(646, 1408) d=7 bc=ff1f1f1f activity=ActivityTransitionInfo { component = ComponentInfo{com.google.android.documentsui/com.android.documentsui.picker.PickActivity}, taskId = 1690, appCompatTransitionInfo = null } opt={t=FROM_STYLE mUserId=0}},{m=TO_FRONT f=FILLS_TASK leash=Surface(name=ActivityRecord{77838424 u0 com.mihai.dailyhabit/.MainActivity t1690}#13285)/@0x31ba7ed sb=Rect(0, 0 - 646, 1408) eb=Rect(0, 0 - 646, 1408) epz=Point(646, 1408) d=7 bc=ff1f1f1f activity=ActivityTransitionInfo { component = ComponentInfo{com.mihai.dailyhabit/com.mihai.dailyhabit.MainActivity}, taskId = 1690, appCompatTransitionInfo = null } opt={t=FROM_STYLE mUserId=0}}]}
07-14 11:24:48.057  2248  2287 V WindowManagerShell: loadAnimation: anim=android.view.animation.AnimationSet@79cee70 animAttr=0x6 type=CLOSE isEntrance=true
07-14 11:24:48.057  2248  2287 V WindowManagerShell: loadAnimation: anim=android.view.animation.AnimationSet@4c2fd0f animAttr=0x7 type=CLOSE isEntrance=false
07-14 11:24:48.057  2248  2287 V WindowManagerShell:  animated by com.android.wm.shell.transition.DefaultTransitionHandler@2368f0e
07-14 11:24:48.068  1402  1576 D HintManagerService: Sent cleanup message for uid 10104
07-14 11:24:48.070  1402  2076 I ImeTracker: com.mihai.dailyhabit:c199a00f: onRequestHide at ORIGIN_SERVER reason HIDE_UNSPECIFIED_WINDOW fromUser false userId 0 displayId 7
07-14 11:24:48.072 10010 10010 D InsetsController: hide(ime())
07-14 11:24:48.072 10010 10010 I ImeTracker: com.mihai.dailyhabit:c199a00f: onCancelled at PHASE_CLIENT_ALREADY_HIDDEN
07-14 11:24:48.080  1402  4319 W WindowManager: Cannot find window which accessibility connection is added to
07-14 11:24:48.082  1402  4319 W WindowManager: Failed looking up window session=Session{12a1fe 3450:u0a10331} callers=com.android.server.wm.WindowManagerService.removeClientToken:2356 com.android.server.wm.Session.remove:282 android.view.IWindowSession$Stub.onTransact:693 
07-14 11:24:48.109  2248  2287 V RecentTasksController: Notify recent tasks changed: 1
07-14 11:24:48.111  2248  2287 V RecentTasksController: generateList(getRecentTasks)
07-14 11:24:48.111  1402  2028 D HintManagerService: Starts cleaning for 10389
07-14 11:24:48.111  2248  2287 V RecentTasksController: initializeDesksMap - allDeskIds: []
07-14 11:24:48.111  2248  2287 V RecentTasksController: Task 1690 is not an active desktop task
07-14 11:24:48.111  2248  2287 V RecentTasksController: Added fullscreen task: 1690
07-14 11:24:48.111  2248  2287 V RecentTasksController: Task 1688 is not an active desktop task
07-14 11:24:48.111  2248  2287 V RecentTasksController: Added fullscreen task: 1688
07-14 11:24:48.111  2248  2287 V RecentTasksController: Task 1686 is not an active desktop task
07-14 11:24:48.111  2248  2287 V RecentTasksController: Added fullscreen task: 1686
07-14 11:24:48.111  2248  2287 V RecentTasksController: Task 1679 is not an active desktop task
07-14 11:24:48.111  2248  2287 V RecentTasksController: Added fullscreen task: 1679
07-14 11:24:48.111  2248  2287 V RecentTasksController: Task 1674 is not an active desktop task
07-14 11:24:48.111  2248  2287 V RecentTasksController: Added fullscreen task: 1674
07-14 11:24:48.111  2248  2287 V RecentTasksController: Task 1672 is not an active desktop task
07-14 11:24:48.111  2248  2287 V RecentTasksController: Added fullscreen task: 1672
07-14 11:24:48.111  2248  2287 V RecentTasksController: Task 1670 is not an active desktop task
07-14 11:24:48.111  2248  2287 V RecentTasksController: Added fullscreen task: 1670
07-14 11:24:48.111  2248  2287 V RecentTasksController: Task 1668 is not an active desktop task
07-14 11:24:48.111  2248  2287 V RecentTasksController: Added fullscreen task: 1668
07-14 11:24:48.111  2248  2287 V RecentTasksController: generateList - complete
07-14 11:24:48.114  2248  2287 V RecentTasksController: generateList(getRecentTasks)
07-14 11:24:48.114  2248  2287 V RecentTasksController: initializeDesksMap - allDeskIds: []
07-14 11:24:48.114  2248  2287 V RecentTasksController: Task 1690 is not an active desktop task
07-14 11:24:48.114  2248  2287 V RecentTasksController: Added fullscreen task: 1690
07-14 11:24:48.114  2248  2287 V RecentTasksController: Task 1688 is not an active desktop task
07-14 11:24:48.114  2248  2287 V RecentTasksController: Added fullscreen task: 1688
07-14 11:24:48.114  2248  2287 V RecentTasksController: Task 1686 is not an active desktop task
07-14 11:24:48.114  2248  2287 V RecentTasksController: Added fullscreen task: 1686
07-14 11:24:48.114  2248  2287 V RecentTasksController: Task 1679 is not an active desktop task
07-14 11:24:48.114  2248  2287 V RecentTasksController: Added fullscreen task: 1679
07-14 11:24:48.114  2248  2287 V RecentTasksController: Task 1674 is not an active desktop task
07-14 11:24:48.114  2248  2287 V RecentTasksController: Added fullscreen task: 1674
07-14 11:24:48.114  2248  2287 V RecentTasksController: Task 1672 is not an active desktop task
07-14 11:24:48.114  2248  2287 V RecentTasksController: Added fullscreen task: 1672
07-14 11:24:48.114  2248  2287 V RecentTasksController: Task 1670 is not an active desktop task
07-14 11:24:48.114  2248  2287 V RecentTasksController: Added fullscreen task: 1670
07-14 11:24:48.114  2248  2287 V RecentTasksController: Task 1668 is not an active desktop task
07-14 11:24:48.114  2248  2287 V RecentTasksController: Added fullscreen task: 1668
07-14 11:24:48.114  2248  2287 V RecentTasksController: generateList - complete
07-14 11:24:48.122  2248  2287 V RecentTasksController: generateList(getRecentTasks)
07-14 11:24:48.122  2248  2287 V RecentTasksController: initializeDesksMap - allDeskIds: []
07-14 11:24:48.122  2248  2287 V RecentTasksController: Task 1690 is not an active desktop task
07-14 11:24:48.122  2248  2287 V RecentTasksController: Added fullscreen task: 1690
07-14 11:24:48.122  2248  2287 V RecentTasksController: Task 1688 is not an active desktop task
07-14 11:24:48.122  2248  2287 V RecentTasksController: Added fullscreen task: 1688
07-14 11:24:48.122  2248  2287 V RecentTasksController: Task 1686 is not an active desktop task
07-14 11:24:48.122  2248  2287 V RecentTasksController: Added fullscreen task: 1686
07-14 11:24:48.122  2248  2287 V RecentTasksController: Task 1679 is not an active desktop task
07-14 11:24:48.122  2248  2287 V RecentTasksController: Added fullscreen task: 1679
07-14 11:24:48.122  2248  2287 V RecentTasksController: Task 1674 is not an active desktop task
07-14 11:24:48.122  2248  2287 V RecentTasksController: Added fullscreen task: 1674
07-14 11:24:48.122  2248  2287 V RecentTasksController: Task 1672 is not an active desktop task
07-14 11:24:48.122  2248  2287 V RecentTasksController: Added fullscreen task: 1672
07-14 11:24:48.122  2248  2287 V RecentTasksController: Task 1670 is not an active desktop task
07-14 11:24:48.122  2248  2287 V RecentTasksController: Added fullscreen task: 1670
07-14 11:24:48.122  2248  2287 V RecentTasksController: Task 1668 is not an active desktop task
07-14 11:24:48.122  2248  2287 V RecentTasksController: Added fullscreen task: 1668
07-14 11:24:48.122  2248  2287 V RecentTasksController: generateList - complete
07-14 11:24:48.143  1402  4319 I ImeTracker: system_server:79795a3f: onRequestHide at ORIGIN_SERVER reason IME_REQUESTED_CHANGED_LISTENER fromUser false displayId 0
07-14 11:24:48.144  1402  1579 I ImeTracker: system_server:79795a3f: onCancelled at PHASE_SERVER_SHOULD_HIDE
07-14 11:24:48.154  1402  4307 I ImeTracker: system_server:c59811d8: onRequestHide at ORIGIN_SERVER reason HIDE_INPUT_TARGET_CHANGED fromUser false displayId 7
07-14 11:24:48.154  1402  1579 I ImeTracker: system_server:c59811d8: onCancelled at PHASE_SERVER_SHOULD_HIDE
07-14 11:24:48.154  1402  4315 I ImeTracker: system_server:c59811d8: onFinished on previously finished token at PHASE_SERVER_REQUESTED_VISIBLE_TYPES_NOT_CHANGED with STATUS_CANCEL
07-14 11:24:48.154  1402  4315 I ImeTracker: system_server:c59811d8: onCancelled at PHASE_SERVER_REQUESTED_VISIBLE_TYPES_NOT_CHANGED
07-14 11:24:48.517  2248  2287 V WindowManagerShell: Transition animation finished (aborted=false), notifying core (#1775) android.os.BinderProxy@b5be217@0
07-14 11:24:48.521  1402  1576 V WindowManager: Finish Transition (#1775): created at 07-14 11:24:48.000 collect-started=0.119ms request-sent=0.156ms started=4.305ms ready=7.752ms sent=54.467ms commit=5.444ms finished=520.997ms
07-14 11:24:48.523  2248  2287 V WindowManagerShell: Track 0 became idle
07-14 11:24:48.523  2248  2287 V WindowManagerShell: All active transition animations finished
07-14 11:24:48.530  1402  1579 W AccessibilityWindowsPopulator: Windows change within in 2 frames continuously over 500 ms and notify windows changed immediately
07-14 11:24:49.071  1402  2028 D HintManagerService: Starts cleaning for 10104
07-14 11:24:49.298  1402  2162 I AdbWifiNetworkMonitor: Wi-Fi network available
07-14 11:24:49.298  1402  2162 I AdbWifiNetworkMonitor: Received the same Wi-Fi SSID. Ignoring.
07-14 11:24:50.237  1402  1607 D AppOpHistoryHelper: MetricHandler reporting 21 records.
07-14 11:24:52.407  1402  2162 I AdbWifiNetworkMonitor: Wi-Fi network available
07-14 11:24:52.407  1402  2162 I AdbWifiNetworkMonitor: Received the same Wi-Fi SSID. Ignoring.
07-14 11:24:58.566  1402  2027 D ActivityManager: freezing 6057 com.google.android.documentsui
07-14 11:24:58.569  1402  2027 D ActivityManager: freezing 6100 com.android.externalstorage
07-14 11:24:58.570  1402  2027 D ActivityManager: freezing 32652 android.process.media
07-14 11:25:00.021  1402  1587 W ProcessStats: Tracking association SourceState{a946d43 app.lawnchair.nightly/10375 BTop #183418} whose proc state 2 is better than process ProcessState{a799831 com.google.android.googlequicksearchbox:googleapp/10187 pkg=com.google.android.googlequicksearchbox} proc state 14 (80 skipped)
07-14 11:25:02.478  1402  2027 D ActivityManager: freezing 30402 com.google.android.apps.privacy.wildlife
07-14 11:25:05.388  1402  4308 D IntervalStats: Unable to parse usage stats packages: [645, 695, 696, 697, 698, 699]
07-14 11:25:05.420  1402  4308 D IntervalStats: Unable to parse usage stats packages: [708, 709, 710]
07-14 11:25:05.421  1402  4308 D IntervalStats: Unable to parse event packages: [710]
07-14 11:25:09.803  1402  1587 D ActivityManager: sync unfroze 20381 com.lidl.eci.lidlplus for 3
07-14 11:25:09.821  1402  1587 D ActivityManager: sync unfroze 20468 com.brave.browser for 3
07-14 11:25:21.158  1402  2027 D ActivityManager: freezing 20381 com.lidl.eci.lidlplus
07-14 11:25:21.166  1402  2027 D ActivityManager: freezing 20468 com.brave.browser
07-14 11:25:25.381  1402  2027 D ActivityManager: freezing 4885 com.google.android.apps.messaging
07-14 11:25:31.817  2248  6229 D PowerUI : can't show warning due to - plugged: true status unknown: false
07-14 11:25:41.010  1402  4313 W JobScheduler: Job didn't exist in JobStore: cac835f #u0a389/1246242084 com.mihai.dailyhabit/com.google.android.datatransport.runtime.scheduling.jobscheduling.JobInfoSchedulerService
07-14 11:25:52.966  1402  2162 I AdbWifiNetworkMonitor: Wi-Fi network available
07-14 11:25:52.967  1402  2162 I AdbWifiNetworkMonitor: Received the same Wi-Fi SSID. Ignoring.
07-14 11:25:53.014  1402  1587 D ActivityManager: sync unfroze 30402 com.google.android.apps.privacy.wildlife for 3
07-14 11:25:53.031  1402  3770 D ActivityManager: sync unfroze 4885 com.google.android.apps.messaging for 7
07-14 11:25:56.147  1402  2162 I AdbWifiNetworkMonitor: Wi-Fi network available
07-14 11:25:56.147  1402  2162 I AdbWifiNetworkMonitor: Received the same Wi-Fi SSID. Ignoring.
07-14 11:26:00.007  1402  1587 W ProcessStats: Tracking association SourceState{a946d43 app.lawnchair.nightly/10375 BTop #183455} whose proc state 2 is better than process ProcessState{a799831 com.google.android.googlequicksearchbox:googleapp/10187 pkg=com.google.android.googlequicksearchbox} proc state 14 (0 skipped)
07-14 11:26:06.225  1402  2027 D ActivityManager: freezing 30402 com.google.android.apps.privacy.wildlife
07-14 11:26:13.813  2248  7018 D PowerUI : can't show warning due to - plugged: true status unknown: false
07-14 11:26:19.999  1402  1661 I SharedLibrariesImpl: Start pruneUnusedStaticSharedLibraries for neededSpace: 9223372036854775807 maxCachePeriod: 604800000
07-14 11:26:29.138  1402  2027 D ActivityManager: freezing 4885 com.google.android.apps.messaging
07-14 11:26:45.884  1402  2027 D ActivityManager: freezing 31373 com.google.android.gms
07-14 11:26:45.897  1402  2027 D ActivityManager: freezing 16042 com.google.android.gms.unstable
07-14 11:26:46.302  1402  2027 D ActivityManager: freezing 6230 com.google.android.apps.turbo
07-14 11:27:00.013  1402  1587 W ProcessStats: Tracking association SourceState{a946d43 app.lawnchair.nightly/10375 BTop #183483} whose proc state 2 is better than process ProcessState{a799831 com.google.android.googlequicksearchbox:googleapp/10187 pkg=com.google.android.googlequicksearchbox} proc state 14 (0 skipped)
07-14 11:27:02.752  1402  3770 D CoreBackPreview: Window{84e8cdb u0 Finestra popup}: Setting back callback OnBackInvokedCallbackInfo{mCallback=android.window.IOnBackInvokedCallback$Stub$Proxy@876a990, mPriority=1000000, mIsAnimationCallback=false, mOverrideBehavior=0}
07-14 11:27:02.779  1402  4311 D WindowManager: setClientSurface Surface(name=VRI-Finestra popup#13354)/@0x7904289 for 84e8cdb Finestra popup
07-14 11:27:02.829  1402  2076 I ImeTracker: com.mihai.dailyhabit:8640772f: onRequestHide at ORIGIN_SERVER reason HIDE_UNSPECIFIED_WINDOW fromUser false userId 0 displayId 7
07-14 11:27:02.830 10010 10010 D InsetsController: hide(ime())
07-14 11:27:02.830 10010 10010 I ImeTracker: com.mihai.dailyhabit:8640772f: onCancelled at PHASE_CLIENT_ALREADY_HIDDEN
07-14 11:27:02.855  1402  3770 W WindowManager: Cannot find window which accessibility connection is added to
07-14 11:27:02.857  1402  3770 W WindowManager: Failed looking up window session=Session{12a1fe 3450:u0a10331} callers=com.android.server.wm.WindowManagerService.removeClientToken:2356 com.android.server.wm.Session.remove:282 android.view.IWindowSession$Stub.onTransact:693 
07-14 11:27:02.867 10010 10010 D VRI[Finestra popup]: updatePointerIcon called with position out of bounds
07-14 11:27:02.888 10010 10010 D VRI[Finestra popup]: updatePointerIcon called with position out of bounds
07-14 11:27:02.897 10010 10010 D VRI[Finestra popup]: updatePointerIcon called with position out of bounds
07-14 11:27:02.913 10010 10010 D VRI[Finestra popup]: updatePointerIcon called with position out of bounds
07-14 11:27:02.922 10010 10010 D VRI[Finestra popup]: updatePointerIcon called with position out of bounds
07-14 11:27:02.930 10010 10010 D VRI[Finestra popup]: updatePointerIcon called with position out of bounds
07-14 11:27:02.938  1402  4311 I ImeTracker: system_server:03014a4f: onRequestHide at ORIGIN_SERVER reason IME_REQUESTED_CHANGED_LISTENER fromUser false displayId 0
07-14 11:27:02.938 10010 10010 D VRI[Finestra popup]: updatePointerIcon called with position out of bounds
07-14 11:27:02.943  1402  1579 I ImeTracker: system_server:03014a4f: onCancelled at PHASE_SERVER_SHOULD_HIDE
07-14 11:27:02.948  1402  2021 D ActivityManager: sync unfroze 4885 com.google.android.apps.messaging for 6
07-14 11:27:02.955 10010 10010 D VRI[Finestra popup]: updatePointerIcon called with position out of bounds
07-14 11:27:02.964 10010 10010 D VRI[Finestra popup]: updatePointerIcon called with position out of bounds
07-14 11:27:02.966  1402  4315 I ImeTracker: system_server:f8ad0d36: onRequestHide at ORIGIN_SERVER reason HIDE_INPUT_TARGET_CHANGED fromUser false displayId 7
07-14 11:27:02.966  1402  1579 I ImeTracker: system_server:f8ad0d36: onCancelled at PHASE_SERVER_SHOULD_HIDE
07-14 11:27:02.967  1402  4307 I ImeTracker: system_server:f8ad0d36: onFinished on previously finished token at PHASE_SERVER_REQUESTED_VISIBLE_TYPES_NOT_CHANGED with STATUS_CANCEL
07-14 11:27:02.967  1402  4307 I ImeTracker: system_server:f8ad0d36: onCancelled at PHASE_SERVER_REQUESTED_VISIBLE_TYPES_NOT_CHANGED
07-14 11:27:02.972 10010 10010 D VRI[Finestra popup]: updatePointerIcon called with position out of bounds
07-14 11:27:02.980 10010 10010 D VRI[Finestra popup]: updatePointerIcon called with position out of bounds
07-14 11:27:04.223 10010 10010 D VRI[Finestra popup]: updatePointerIcon called with position out of bounds
07-14 11:27:04.230 10010 10010 D VRI[Finestra popup]: updatePointerIcon called with position out of bounds
07-14 11:27:04.239 10010 10010 D VRI[Finestra popup]: updatePointerIcon called with position out of bounds
07-14 11:27:04.247 10010 10010 D VRI[Finestra popup]: updatePointerIcon called with position out of bounds
07-14 11:27:04.256 10010 10010 D VRI[Finestra popup]: updatePointerIcon called with position out of bounds
07-14 11:27:04.264 10010 10010 D VRI[Finestra popup]: updatePointerIcon called with position out of bounds
07-14 11:27:04.273 10010 10010 D VRI[Finestra popup]: updatePointerIcon called with position out of bounds
07-14 11:27:04.282 10010 10010 D VRI[Finestra popup]: updatePointerIcon called with position out of bounds
07-14 11:27:04.289 10010 10010 D VRI[Finestra popup]: updatePointerIcon called with position out of bounds
07-14 11:27:04.306 10010 10010 D VRI[Finestra popup]: updatePointerIcon called with position out of bounds
07-14 11:27:04.314 10010 10010 D VRI[Finestra popup]: updatePointerIcon called with position out of bounds
07-14 11:27:04.322 10010 10010 D VRI[Finestra popup]: updatePointerIcon called with position out of bounds
07-14 11:27:04.330 10010 10010 D VRI[Finestra popup]: updatePointerIcon called with position out of bounds
07-14 11:27:04.339 10010 10010 D VRI[Finestra popup]: updatePointerIcon called with position out of bounds
07-14 11:27:04.347 10010 10010 D VRI[Finestra popup]: updatePointerIcon called with position out of bounds
07-14 11:27:04.356 10010 10010 D VRI[Finestra popup]: updatePointerIcon called with position out of bounds
07-14 11:27:04.364 10010 10010 D VRI[Finestra popup]: updatePointerIcon called with position out of bounds
07-14 11:27:04.614 10010 10010 D VRI[Finestra popup]: updatePointerIcon called with position out of bounds
07-14 11:27:04.622 10010 10010 D VRI[Finestra popup]: updatePointerIcon called with position out of bounds
07-14 11:27:04.631 10010 10010 D VRI[Finestra popup]: updatePointerIcon called with position out of bounds
07-14 11:27:04.639 10010 10010 D VRI[Finestra popup]: updatePointerIcon called with position out of bounds
07-14 11:27:04.647 10010 10010 D VRI[Finestra popup]: updatePointerIcon called with position out of bounds
07-14 11:27:04.656 10010 10010 D VRI[Finestra popup]: updatePointerIcon called with position out of bounds
07-14 11:27:04.664 10010 10010 D VRI[Finestra popup]: updatePointerIcon called with position out of bounds
07-14 11:27:04.672 10010 10010 D VRI[Finestra popup]: updatePointerIcon called with position out of bounds
07-14 11:27:04.681 10010 10010 D VRI[Finestra popup]: updatePointerIcon called with position out of bounds
07-14 11:27:04.689 10010 10010 D VRI[Finestra popup]: updatePointerIcon called with position out of bounds
07-14 11:27:04.697 10010 10010 D VRI[Finestra popup]: updatePointerIcon called with position out of bounds
07-14 11:27:04.706 10010 10010 D VRI[Finestra popup]: updatePointerIcon called with position out of bounds
07-14 11:27:04.714 10010 10010 D VRI[Finestra popup]: updatePointerIcon called with position out of bounds
07-14 11:27:04.722 10010 10010 D VRI[Finestra popup]: updatePointerIcon called with position out of bounds
07-14 11:27:04.731 10010 10010 D VRI[Finestra popup]: updatePointerIcon called with position out of bounds
07-14 11:27:04.739 10010 10010 D VRI[Finestra popup]: updatePointerIcon called with position out of bounds
07-14 11:27:04.747 10010 10010 D VRI[Finestra popup]: updatePointerIcon called with position out of bounds
07-14 11:27:04.756 10010 10010 D VRI[Finestra popup]: updatePointerIcon called with position out of bounds
07-14 11:27:04.764 10010 10010 D VRI[Finestra popup]: updatePointerIcon called with position out of bounds
07-14 11:27:04.773 10010 10010 D VRI[Finestra popup]: updatePointerIcon called with position out of bounds
07-14 11:27:04.782 10010 10010 D VRI[Finestra popup]: updatePointerIcon called with position out of bounds
07-14 11:27:04.789 10010 10010 D VRI[Finestra popup]: updatePointerIcon called with position out of bounds
07-14 11:27:04.797 10010 10010 D VRI[Finestra popup]: updatePointerIcon called with position out of bounds
07-14 11:27:04.806 10010 10010 D VRI[Finestra popup]: updatePointerIcon called with position out of bounds
07-14 11:27:04.814 10010 10010 D VRI[Finestra popup]: updatePointerIcon called with position out of bounds
07-14 11:27:04.823 10010 10010 D VRI[Finestra popup]: updatePointerIcon called with position out of bounds
07-14 11:27:04.831 10010 10010 D VRI[Finestra popup]: updatePointerIcon called with position out of bounds
07-14 11:27:04.839 10010 10010 D VRI[Finestra popup]: updatePointerIcon called with position out of bounds
07-14 11:27:04.847 10010 10010 D VRI[Finestra popup]: updatePointerIcon called with position out of bounds
