07-14 11:27:30.856  2248  2287 V RecentTasksController: Added fullscreen task: 1690
07-14 11:27:30.856  2248  2287 V RecentTasksController: Task 1686 is not an active desktop task
07-14 11:27:30.856  2248  2287 V RecentTasksController: Added fullscreen task: 1686
07-14 11:27:30.856  2248  2287 V RecentTasksController: Task 1679 is not an active desktop task
07-14 11:27:30.856  2248  2287 V RecentTasksController: Added fullscreen task: 1679
07-14 11:27:30.856  2248  2287 V RecentTasksController: Task 1674 is not an active desktop task
07-14 11:27:30.856  2248  2287 V RecentTasksController: Added fullscreen task: 1674
07-14 11:27:30.856  2248  2287 V RecentTasksController: Task 1672 is not an active desktop task
07-14 11:27:30.856  2248  2287 V RecentTasksController: Added fullscreen task: 1672
07-14 11:27:30.856  2248  2287 V RecentTasksController: Task 1670 is not an active desktop task
07-14 11:27:30.856  2248  2287 V RecentTasksController: Added fullscreen task: 1670
07-14 11:27:30.856  2248  2287 V RecentTasksController: Task 1668 is not an active desktop task
07-14 11:27:30.856  2248  2287 V RecentTasksController: Added fullscreen task: 1668
07-14 11:27:30.856  2248  2287 V RecentTasksController: generateList - complete
07-14 11:27:30.864  2248  2287 V RecentTasksController: generateList(getRecentTasks)
07-14 11:27:30.864  2248  2287 V RecentTasksController: initializeDesksMap - allDeskIds: []
07-14 11:27:30.864  2248  2287 V RecentTasksController: Task 1688 is not an active desktop task
07-14 11:27:30.864  2248  2287 V RecentTasksController: Added fullscreen task: 1688
07-14 11:27:30.864  2248  2287 V RecentTasksController: Task 1690 is not an active desktop task
07-14 11:27:30.864  2248  2287 V RecentTasksController: Added fullscreen task: 1690
07-14 11:27:30.864  2248  2287 V RecentTasksController: Task 1686 is not an active desktop task
07-14 11:27:30.864  2248  2287 V RecentTasksController: Added fullscreen task: 1686
07-14 11:27:30.865  2248  2287 V RecentTasksController: Task 1679 is not an active desktop task
07-14 11:27:30.865  2248  2287 V RecentTasksController: Added fullscreen task: 1679
07-14 11:27:30.865  2248  2287 V RecentTasksController: Task 1674 is not an active desktop task
07-14 11:27:30.865  2248  2287 V RecentTasksController: Added fullscreen task: 1674
07-14 11:27:30.865  2248  2287 V RecentTasksController: Task 1672 is not an active desktop task
07-14 11:27:30.865  2248  2287 V RecentTasksController: Added fullscreen task: 1672
07-14 11:27:30.865  2248  2287 V RecentTasksController: Task 1670 is not an active desktop task
07-14 11:27:30.865  2248  2287 V RecentTasksController: Added fullscreen task: 1670
07-14 11:27:30.865  2248  2287 V RecentTasksController: Task 1668 is not an active desktop task
07-14 11:27:30.865  2248  2287 V RecentTasksController: Added fullscreen task: 1668
07-14 11:27:30.865  2248  2287 V RecentTasksController: generateList - complete
07-14 11:27:30.917  1402  2076 I ImeTracker: com.android.settings:125e2d78: onRequestHide at ORIGIN_SERVER reason HIDE_UNSPECIFIED_WINDOW fromUser false userId 0 displayId 7
07-14 11:27:30.917 27631 27631 D InsetsController: hide(ime())
07-14 11:27:30.918 27631 27631 I ImeTracker: com.android.settings:125e2d78: onCancelled at PHASE_CLIENT_ALREADY_HIDDEN
07-14 11:27:30.929  1402  2957 W WindowManager: Cannot find window which accessibility connection is added to
07-14 11:27:30.931  1402  2957 W WindowManager: Failed looking up window session=Session{12a1fe 3450:u0a10331} callers=com.android.server.wm.WindowManagerService.removeClientToken:2356 com.android.server.wm.Session.remove:282 android.view.IWindowSession$Stub.onTransact:693 
07-14 11:27:30.963  1402  2014 I ImeTracker: system_server:828ac313: onRequestHide at ORIGIN_SERVER reason IME_REQUESTED_CHANGED_LISTENER fromUser false displayId 0
07-14 11:27:30.963  1402  1579 I ImeTracker: system_server:828ac313: onCancelled at PHASE_SERVER_SHOULD_HIDE
07-14 11:27:30.973  1402  3770 I ImeTracker: system_server:ade22c7a: onRequestHide at ORIGIN_SERVER reason HIDE_INPUT_TARGET_CHANGED fromUser false displayId 7
07-14 11:27:30.973  1402  1579 I ImeTracker: system_server:ade22c7a: onCancelled at PHASE_SERVER_SHOULD_HIDE
07-14 11:27:30.974  1402  4308 I ImeTracker: system_server:ade22c7a: onFinished on previously finished token at PHASE_SERVER_REQUESTED_VISIBLE_TYPES_NOT_CHANGED with STATUS_CANCEL
07-14 11:27:30.974  1402  4308 I ImeTracker: system_server:ade22c7a: onCancelled at PHASE_SERVER_REQUESTED_VISIBLE_TYPES_NOT_CHANGED
07-14 11:27:31.145  2248  2287 V ShellRecents: [143363171] RecentsController.finishInner: toHome=false userLeave=false willFinishToHome=false state=1 hasPausingTasks=true reason=requested
07-14 11:27:31.146  2248  2287 V ShellRecents:   normal finish
07-14 11:27:31.146  2248  2287 V ShellRecents: [143363171] RecentsController.finishInner: Non-transition affecting wct
07-14 11:27:31.146  2248  2287 V ShellRecents: [143363171] RecentsController.finishInner: Completing finish
07-14 11:27:31.146  2248  2287 V ShellRecents: [143363171] RecentsController.cleanup
07-14 11:27:31.146  2248  2287 D WindowManagerShell: PipDesktopState: Recents transition state changed: TRANSITION_STATE_NOT_RUNNING
07-14 11:27:31.146  2248  2287 V ShellDesktopMode: DesktopTasksController: Recents transition state changed: TRANSITION_STATE_NOT_RUNNING
07-14 11:27:31.146  2248  2287 D ShellDesktopMode: DesktopTaskChangeListener: onTaskMovingToBack for taskId=1680, displayId=7 - desktop not supported
07-14 11:27:31.146  2248  2287 D ShellDesktopMode: DesktopTaskChangeListener: onTaskMovingToBack for taskId=1690, displayId=7 - desktop not supported
07-14 11:27:31.147  2248  2287 V WindowManagerShell: Transition animation finished (aborted=false), notifying core (#1776) android.os.BinderProxy@2efea92@0
07-14 11:27:31.148  1402  4319 E TransitionChain: Trying to collect into a finished transition
07-14 11:27:31.148  1402  1576 V WindowManager: Finish Transition (#1776): created at 07-14 11:27:30.120 collect-started=0.309ms started=0.349ms ready=13.001ms sent=15.236ms commit=10.112ms finished=1028.046ms
07-14 11:27:31.150  1402  1576 V WindowManager: Finish Transition (#1777): created at 07-14 11:27:30.747 collect-started=0.038ms request-sent=1.187ms started=2.268ms ready=40.119ms sent=42.767ms commit=12.705ms finished=401.85ms
07-14 11:27:31.150  2248  2287 V WindowManagerShell: Track 0 became idle
07-14 11:27:31.150  2248  2287 V WindowManagerShell: All active transition animations finished
07-14 11:27:31.150  2248  2287 V ShellRecents: [143363171] RecentsController.finishInner: calling finish callback
07-14 11:27:31.166  2248  2287 V RecentTasksController: generateList(getRecentTasks)
07-14 11:27:31.166  2248  2287 V RecentTasksController: initializeDesksMap - allDeskIds: []
07-14 11:27:31.166  2248  2287 V RecentTasksController: Task 1688 is not an active desktop task
07-14 11:27:31.166  2248  2287 V RecentTasksController: Added fullscreen task: 1688
07-14 11:27:31.166  2248  2287 V RecentTasksController: Task 1690 is not an active desktop task
07-14 11:27:31.166  2248  2287 V RecentTasksController: Added fullscreen task: 1690
07-14 11:27:31.166  2248  2287 V RecentTasksController: Task 1686 is not an active desktop task
07-14 11:27:31.166  2248  2287 V RecentTasksController: Added fullscreen task: 1686
07-14 11:27:31.166  2248  2287 V RecentTasksController: Task 1679 is not an active desktop task
07-14 11:27:31.166  2248  2287 V RecentTasksController: Added fullscreen task: 1679
07-14 11:27:31.166  2248  2287 V RecentTasksController: Task 1674 is not an active desktop task
07-14 11:27:31.166  2248  2287 V RecentTasksController: Added fullscreen task: 1674
07-14 11:27:31.166  2248  2287 V RecentTasksController: Task 1672 is not an active desktop task
07-14 11:27:31.166  2248  2287 V RecentTasksController: Added fullscreen task: 1672
07-14 11:27:31.166  2248  2287 V RecentTasksController: Task 1670 is not an active desktop task
07-14 11:27:31.166  2248  2287 V RecentTasksController: Added fullscreen task: 1670
07-14 11:27:31.166  2248  2287 V RecentTasksController: Task 1668 is not an active desktop task
07-14 11:27:31.166  2248  2287 V RecentTasksController: Added fullscreen task: 1668
07-14 11:27:31.166  2248  2287 V RecentTasksController: generateList - complete
07-14 11:27:31.166  2248  2287 D ShellDesktopMode: DesktopScrimController: onOverviewHidden: displayId=7
07-14 11:27:31.166  2248  2287 D ShellDesktopMode: DesktopScrimController: updateDesktopScrimIfNeeded: displayId=7, userId=0, excludeTaskId=null, targetDeskId=null, pendingTaskBounds=null, ignoreVisibility=false
07-14 11:27:31.166  2248  2287 D ShellDesktopMode: DesktopScrimController: updateDesktopScrimIfNeeded: applyLightOutEffect=false, isPeeking=false, dividerBarVisible=null
07-14 11:27:31.172  1402  1576 D HintManagerService: Sent cleanup message for uid 10389
07-14 11:27:31.933  2248  2287 V ShellRecents: startRecentsTransition
07-14 11:27:31.934  2248  2287 D WindowManagerShell: PipDesktopState: Recents transition state changed: TRANSITION_STATE_REQUESTED
07-14 11:27:31.934  2248  2287 V ShellDesktopMode: DesktopTasksController: Recents transition state changed: TRANSITION_STATE_REQUESTED
07-14 11:27:31.934  2248  2287 V ShellRecents: RecentsTransitionHandler.startRealRecentsTransition(): displayId=7
07-14 11:27:31.934  2248  2287 V WindowManagerShell:  handleRecentsRequest displayId=7 deskActive=false
07-14 11:27:31.934  2248  2287 V WindowManagerShell: Directly starting a new transition type=START_RECENTS_TRANSITION(FIRST_CUSTOM+21) wct=WindowContainerTransaction { changes= {} hops= [{pendingIntent: options=Bundle[{android.activity.splashScreenStyle=-1, android.activity.sourceInfo=android.app.ActivityOptions$SourceInfo@38ee3a2, android.pendingIntent.backgroundActivityAllowed=3, android.activity.launchDisplayId=7, android:activity.animAbortListener=null, android.activity.transientLaunch=true}]}, {setAnimationDelegate:  caller=android.os.BinderProxy@fd6aaeb}] flags= 0 errorCallbackToken=null taskFragmentOrganizer=null } handler=com.android.wm.shell.recents.RecentsTransitionHandler@e7e707a
07-14 11:27:31.935  1402  4319 V WindowManager: deferTransitionReady deferReadyDepth=1 stack=com.android.server.wm.WindowOrganizerController.applyTransaction:720 com.android.server.wm.WindowOrganizerController.applyTransaction:648 com.android.server.wm.WindowOrganizerController.lambda$startTransition$0:385 com.android.server.wm.WindowOrganizerController.$r8$lambda$lCGU5JYle2xHOmuD8P6z5aN9LwU:0 com.android.server.wm.WindowOrganizerController$$ExternalSyntheticLambda5.onCollectStarted:0 
07-14 11:27:31.937  1402  1579 W ActivityTaskManager: callingPackage for (uid=1000, pid=1402) is ambiguous: [android, com.android.providers.settings, com.android.server.telecom, com.android.location.fused]
07-14 11:27:31.938  1402  1579 W ActivityStartInterceptor: Starting home with component specified, uid=10259
07-14 11:27:31.939  1402  1579 W TransitionChain: Combining startHomeAct into #1778(FIRST_CUSTOM+21||0x0) from startNewTransit
07-14 11:27:31.941  1402  1579 V ActivityTaskManager: TaskLaunchParamsModifier: phase=2 task=Task{24ca23a #1681 type=home A=10259:com.google.android.apps.nexuslauncher nonResizable} activity=ActivityRecord{222436281 u0 com.google.android.apps.nexuslauncher/com.android.launcher3.secondarydisplay.SecondaryDisplayLauncher t-1} display-from-option=7 display-id=7 task-display-area-windowing-mode=1 suggested-display-area=DefaultTaskDisplayArea@198796403 non-freeform-task-display-area display-area=DefaultTaskDisplayArea@198796403 skip-bounds-fullscreen
07-14 11:27:31.941  1402  1579 I ActivityTaskManager: START u0 {act=android.intent.action.MAIN cat=[android.intent.category.SECONDARY_HOME] flg=0x10000000 xflg=0x4 pkg=com.google.android.apps.nexuslauncher cmp=com.google.android.apps.nexuslauncher/com.android.launcher3.secondarydisplay.SecondaryDisplayLauncher (has extras)} with LAUNCH_SINGLE_TOP from uid 10259 (com.google.android.apps.nexuslauncher) (realCallingUid=1000) (BAL_ALLOW_ALLOWLISTED_COMPONENT) result code=2
07-14 11:27:31.944  1402  4319 V WindowManager: continueTransitionReady deferReadyDepth=0 stack=com.android.server.wm.WindowOrganizerController.applyTransaction:861 com.android.server.wm.WindowOrganizerController.applyTransaction:648 com.android.server.wm.WindowOrganizerController.lambda$startTransition$0:385 com.android.server.wm.WindowOrganizerController.$r8$lambda$lCGU5JYle2xHOmuD8P6z5aN9LwU:0 com.android.server.wm.WindowOrganizerController$$ExternalSyntheticLambda5.onCollectStarted:0 
07-14 11:27:31.946  1402  4319 W Transition: #1778: Condition met too late, already in state=2: {start WCT appliedIGNORED}
07-14 11:27:31.946  1402  1576 V WindowManager: Sent Transition (#1778) createdAt=07-14 11:27:31.934
07-14 11:27:31.946  2248  2287 V ShellRecents: [212767516] RecentsController.setTransition: id=android.os.BinderProxy@59e648f
07-14 11:27:31.946  2248  2287 V RecentTasksController: Notify recent tasks changed: 1
07-14 11:27:31.946  1402  1576 V WindowManager:     startWCT=WindowContainerTransaction { changes= {} hops= [{pendingIntent: options=Bundle[{android.activity.splashScreenStyle=-1, android.activity.sourceInfo=android.app.ActivityOptions$SourceInfo@cd3f27b, android.pendingIntent.backgroundActivityAllowed=3, android.activity.launchDisplayId=7, android:activity.animAbortListener=null, android.activity.transientLaunch=true}]}, {setAnimationDelegate:  caller=android.os.BinderProxy@1296181}] flags= 0 errorCallbackToken=null taskFragmentOrganizer=null }
07-14 11:27:31.947  7218  7218 I ImeTracker: com.google.android.apps.nexuslauncher:019549d7: onRequestHide at ORIGIN_CLIENT reason HIDE_SOFT_INPUT fromUser false userId 0 displayId 7
07-14 11:27:31.947  2248  2287 D WindowManagerShell: onActivityRestartAttempt: topActivity=ComponentInfo{com.google.android.apps.nexuslauncher/com.android.launcher3.secondarydisplay.SecondaryDisplayLauncher}, wasVisible=false, displayId=7, pipDisplayLayoutState#displayId=0
07-14 11:27:31.947  7218  7218 I ImeTracker: com.google.android.apps.nexuslauncher:019549d7: onFailed at PHASE_CLIENT_VIEW_SERVED
07-14 11:27:31.947  1402  1576 V WindowManager:     info={id=1778 t=FIRST_CUSTOM+21 f=0x80 trk=0 r=[7@Point(0, 0)] c=[
07-14 11:27:31.947  1402  1576 V WindowManager:         {WCT{RemoteToken{f5e0f10 Task{b958448 #1680 type=home}}} m=TO_FRONT f=SHOW_WALLPAPER|MOVE_TO_TOP|FLAG_CHANGED_INTERACTIVE leash=Surface(name=Task=1680#12475)/@0xd21573f sb=Rect(0, 0 - 646, 1408) eb=Rect(0, 0 - 646, 1408) epz=Point(646, 1408) d=7 taskParent=-1 winMode=1 userId=0},
07-14 11:27:31.947  1402  1576 V WindowManager:         {WCT{RemoteToken{a194cf0 Task{1a281a7 #1688 type=standard A=1000:com.android.settings.root}}} m=TO_BACK f=FLAG_CHANGED_INTERACTIVE leash=Surface(name=Task=1688#13067)/@0x5c7ec84 sb=Rect(0, 0 - 646, 1408) eb=Rect(0, 0 - 646, 1408) epz=Point(646, 1408) d=7 taskParent=-1 winMode=1 userId=0},
07-14 11:27:31.947  1402  1576 V WindowManager:         {m=TO_FRONT f=IS_WALLPAPER leash=Surface(name=WallpaperWindowToken{d57d590}#12479)/@0x7d03899 sb=Rect(0, 0 - 646, 1408) eb=Rect(0, 0 - 646, 1408) epz=Point(646, 1408) d=7}
07-14 11:27:31.947  1402  1576 V WindowManager:     ]}
07-14 11:27:31.947  2248  2265 V WindowManagerShell: onTransitionReady(transaction=6021544289647)
07-14 11:27:31.947  2248  2287 V WindowManagerShell: onTransitionReady (#1778) android.os.BinderProxy@59e648f: {id=1778 t=FIRST_CUSTOM+21 f=0x80 trk=0 r=[7@Point(0, 0)] c=[
07-14 11:27:31.947  2248  2287 V WindowManagerShell:         {m=TO_FRONT f=SHOW_WALLPAPER|MOVE_TO_TOP|FLAG_CHANGED_INTERACTIVE leash=Surface(name=Task=1680#12475)/@0xe7e7833 sb=Rect(0, 0 - 646, 1408) eb=Rect(0, 0 - 646, 1408) epz=Point(646, 1408) d=7 taskParent=-1 winMode=1 userId=0},
07-14 11:27:31.947  2248  2287 V WindowManagerShell:         {m=TO_BACK f=FLAG_CHANGED_INTERACTIVE leash=Surface(name=Task=1688#13067)/@0xeeae7f0 sb=Rect(0, 0 - 646, 1408) eb=Rect(0, 0 - 646, 1408) epz=Point(646, 1408) d=7 taskParent=-1 winMode=1 userId=0},
07-14 11:27:31.947  2248  2287 V WindowManagerShell:         {m=TO_FRONT f=IS_WALLPAPER leash=Surface(name=WallpaperWindowToken{d57d590}#12479)/@0x501169 sb=Rect(0, 0 - 646, 1408) eb=Rect(0, 0 - 646, 1408) epz=Point(646, 1408) d=7}
07-14 11:27:31.947  2248  2287 V WindowManagerShell:     ]}
07-14 11:27:31.947  2248  2287 V WindowManagerShell: FocusTransitionObserver: Updating focus state for transition #1778
07-14 11:27:31.947  2248  2287 D WindowManagerShell: FocusTransitionObserver: Task id=1688 is already focused on displayId=7. Skip notifying.
07-14 11:27:31.947  2248  2287 D WindowManagerShell: FocusTransitionObserver: Focus updated on displayId=7 to taskId=1680
07-14 11:27:31.947  2248  2287 V WindowManagerShell: FocusTransitionObserver: Notifying local listeners of task focus change: taskId=1688, isFocusedOnDisplay=false, isFocusedGlobally=false
07-14 11:27:31.947  2248  2287 V WindowManagerShell: FocusTransitionObserver: Notifying local listeners of task focus change: taskId=1680, isFocusedOnDisplay=true, isFocusedGlobally=false
07-14 11:27:31.947  2248  2287 V RecentTasksController: Notify recent tasks changed: 2
07-14 11:27:31.947  2248  2287 V ShellDesktopMode: DesktopModeLogger: taskInfo map after processing changes 0
07-14 11:27:31.947  2248  2287 D ShellDesktopMode: DesktopTaskChangeListener: onTaskMovingToFront for taskId=1680, displayId=7 - desktop not supported
07-14 11:27:31.948  2248  2287 V WindowManagerShell: Playing animation for (#1778) android.os.BinderProxy@59e648f@0
07-14 11:27:31.948  2248  2287 V WindowManagerShell:  try firstHandler com.android.wm.shell.recents.RecentsTransitionHandler@e7e707a
07-14 11:27:31.948  2248  2287 V ShellRecents: [212767516] RecentsController.start
07-14 11:27:31.948  2248  2287 V ShellRecents:   hiding home taskId=1680
07-14 11:27:31.948  2248  2287 V ShellRecents:   adding pausing leaf taskId=1688 at layer=8
07-14 11:27:31.948  2248  2287 V ShellRecents: Applying transaction=6021544289647
07-14 11:27:31.948  2248  2287 V ShellRecents: No matching remote found to takeover (#1778)
07-14 11:27:31.948  2248  2287 V ShellSplitScreen: getSplitBoundsForTaskId: expected split bounds for taskId=1688 but not found
07-14 11:27:31.948  2248  2287 V ShellRecents: [212767516] RecentsController.start: calling onAnimationStart with 2 apps
07-14 11:27:31.948  2248  2287 D WindowManagerShell: PipDesktopState: Recents transition state changed: TRANSITION_STATE_ANIMATING
07-14 11:27:31.948  2248  2287 V ShellDesktopMode: DesktopTasksController: Recents transition state changed: TRANSITION_STATE_ANIMATING
07-14 11:27:31.949  2248  2287 V WindowManagerShell:  animated by firstHandler
07-14 11:27:31.955  1402  4308 D WindowManager: setClientSurface Surface(name=VRI-com.google.android.apps.nexuslauncher/com.android.launcher3.secondarydisplay.SecondaryDisplayLauncher#13408)/@0x27c0ae for 9d51e4c com.google.android.apps.nexuslauncher/com.android.launcher3.secondarydisplay.SecondaryDisplayLauncher
07-14 11:27:31.959  2248  2287 V RecentTasksController: generateList(getRecentTasks)
07-14 11:27:31.959  2248  2287 V RecentTasksController: initializeDesksMap - allDeskIds: []
07-14 11:27:31.959  2248  2287 V RecentTasksController: Task 1688 is not an active desktop task
07-14 11:27:31.959  2248  2287 V RecentTasksController: Added fullscreen task: 1688
07-14 11:27:31.959  2248  2287 V RecentTasksController: Task 1690 is not an active desktop task
07-14 11:27:31.959  2248  2287 V RecentTasksController: Added fullscreen task: 1690
07-14 11:27:31.959  2248  2287 V RecentTasksController: Task 1686 is not an active desktop task
07-14 11:27:31.959  2248  2287 V RecentTasksController: Added fullscreen task: 1686
07-14 11:27:31.959  2248  2287 V RecentTasksController: Task 1679 is not an active desktop task
07-14 11:27:31.959  2248  2287 V RecentTasksController: Added fullscreen task: 1679
07-14 11:27:31.959  2248  2287 V RecentTasksController: Task 1674 is not an active desktop task
07-14 11:27:31.959  2248  2287 V RecentTasksController: Added fullscreen task: 1674
07-14 11:27:31.959  2248  2287 V RecentTasksController: Task 1672 is not an active desktop task
07-14 11:27:31.959  2248  2287 V RecentTasksController: Added fullscreen task: 1672
07-14 11:27:31.959  2248  2287 V RecentTasksController: Task 1670 is not an active desktop task
07-14 11:27:31.959  2248  2287 V RecentTasksController: Added fullscreen task: 1670
07-14 11:27:31.959  2248  2287 V RecentTasksController: Task 1668 is not an active desktop task
07-14 11:27:31.959  2248  2287 V RecentTasksController: Added fullscreen task: 1668
07-14 11:27:31.959  2248  2287 V RecentTasksController: generateList - complete
07-14 11:27:31.962  2248  2287 V ShellRecents: [212767516] RecentsController.setInputConsumerEnabled: set focus to recents
07-14 11:27:31.963  1402  2014 I DifferentDisplayCheck: Focus lost for Task Task{1a281a7 #1688 type=standard A=1000:com.android.settings.root}
07-14 11:27:32.044  1402  2076 E HandwritingModeController: Cannot get requestId: Handwriting was not initialized.
07-14 11:27:32.174  1402  2028 D HintManagerService: Starts cleaning for 10389
07-14 11:27:32.317  2248  2287 D ShellDesktopMode: DesktopScrimController: onOverviewShown: displayId=7
07-14 11:27:32.319  1402  3770 W ActivityTaskManager: callingPackage for (uid=-1, pid=-1) has no WPC
07-14 11:27:32.320  2248  2287 V RecentTasksController: Notify recent tasks changed: 1
07-14 11:27:32.321  2248  2287 V WindowManagerShell: Transition requested (#1779): android.os.BinderProxy@ccb67e4 TransitionRequestInfo { type = TO_FRONT, triggerTask = TaskInfo{userId=0 taskId=1690 effectiveUid=10389 seqId=0 displayId=7 isRunning=true baseIntent=Intent { act=android.intent.action.MAIN cat=[android.intent.category.LAUNCHER] flg=0x10200000 cmp=com.mihai.dailyhabit/.MainActivity } baseActivity=ComponentInfo{com.mihai.dailyhabit/com.mihai.dailyhabit.MainActivity} topActivity=ComponentInfo{com.mihai.dailyhabit/com.mihai.dailyhabit.MainActivity} origActivity=null realActivity=ComponentInfo{com.mihai.dailyhabit/com.mihai.dailyhabit.MainActivity} realActivityIsAppLockEnabled=false numActivities=1 lastActiveTime=99822032 supportsMultiWindow=true supportsMultiWindowWithoutConstraints=true resizeMode=2 isResizeable=true minWidth=-1 minHeight=-1 defaultMinSize=220 token=WCT{android.os.BinderProxy@b18211f} topActivityType=1 pictureInPictureParams=null shouldDockBigOverlays=false launchIntoPipHostTaskId=-1 lastParentTaskIdBeforePip=-1 displayCutoutSafeInsets=Rect(0, 0 - 0, 0) topActivityInfo=ActivityInfo{a9ae44d com.mihai.dailyhabit.MainActivity} launchCookies=[] positionInParent=Point(0, 0) parentTaskId=-1 isFocused=false isInteractive=false isVisible=false isVisibleRequested=false isTopActivityNoDisplay=false isSleeping=false locusId=null displayAreaFeatureId=1 isTopActivityTransparent=false isActivityStackTransparent=false lastNonFullscreenBounds=null leafTaskBoundsFromOptions= false capturedLink=null capturedLinkTimestamp=0 requestedVisibleTypes=503 topActivityRequestOpenInBrowserEducationTimestamp=0 appCompatTaskInfo=AppCompatTaskInfo { topActivityInSizeCompat=false isLeafTask= true eligibleForLetterboxEducation= false isLetterboxEducationEnabled= false isLetterboxDoubleTapEnabled= false eligibleForUserAspectRatioButton= false topActivityBoundsLetterboxed= false isFromLetterboxDoubleTap= false topActivityLetterboxVerticalPosition= -1 topActivityLetterboxHorizontalPosition= -1 topActivityLetterboxWidth=-1 topActivityLetterboxHeight=-1 topActivityAppBounds=Rect(0, 0 - 646, 1408) isUserFullscreenOverrideEnabled=false isSystemFullscreenOverrideEnabled=false hasMinAspectRatioOverride=false topActivityLetterboxBounds=null topNonResizableActivityAspectRatio=-1.0} topActivityMainWindowFrame=null isAppBubble=false}, pipChange = null, remoteTransitionInfo = RemoteTransitionInfo { remoteTransition = android.window.IRemoteTransition$Stub$Proxy@610db02, debugName = LaunchFromRecents, filter = null }, displayChanges = null, requestedLocation = null, userChange = null, windowingLayerChange = null, fullscreenRequestChange = null, flags = 0, debugId = 1779 }
07-14 11:27:32.321  2248  2287 V ShellDesktopMode: DesktopTasksController: skipping handleRequest reason=triggerTask's display doesn't support desktop mode
07-14 11:27:32.321  2248  2287 V WindowManagerShell: RemoteTransition directly requested for (#1779) android.os.BinderProxy@ccb67e4: RemoteTransition { remoteTransition = android.window.IRemoteTransition$Stub$Proxy@610db02, appThread = null, debugName = LaunchFromRecents, filter = null }
07-14 11:27:32.321  2248  2287 V WindowManagerShell: Transition (#1779): request handled by DefaultMixedHandler
07-14 11:27:32.322  2248 16904 V ShellRecents: [212767516] RecentsController.detachNavigationBarFromApp
07-14 11:27:32.324  1402  3770 I DifferentDisplayCheck: Focus lost for Task Task{24ca23a #1681 type=home A=10259:com.google.android.apps.nexuslauncher nonResizable}
07-14 11:27:32.329  1402  3770 V WindowManager: Defer transition id=1779 for TaskFragmentTransaction=android.os.Binder@edd92f8
07-14 11:27:32.330  2248  2287 D WindowManagerShell: onActivityRestartAttempt: topActivity=ComponentInfo{com.mihai.dailyhabit/com.mihai.dailyhabit.MainActivity}, wasVisible=false, displayId=7, pipDisplayLayoutState#displayId=0
07-14 11:27:32.331  1402  4319 D WindowManager: setClientSurface Surface(name=SnapshotStartingWindow for taskId=1690 - task-snapshot-surface#13412)/@0xaef53d1 for d49593f SnapshotStartingWindow for taskId=1690
07-14 11:27:32.332  1402  3770 V WindowManager: Continue transition id=1779 for TaskFragmentTransaction=android.os.Binder@edd92f8
07-14 11:27:32.332  2248  2287 V RecentTasksController: generateList(getRecentTasks)
07-14 11:27:32.332  2248  2287 V RecentTasksController: initializeDesksMap - allDeskIds: []
07-14 11:27:32.332  2248  2287 V RecentTasksController: Task 1690 is not an active desktop task
07-14 11:27:32.332  2248  2287 V RecentTasksController: Added fullscreen task: 1690
07-14 11:27:32.332  2248  2287 V RecentTasksController: Task 1688 is not an active desktop task
07-14 11:27:32.332  2248  2287 V RecentTasksController: Added fullscreen task: 1688
07-14 11:27:32.332  2248  2287 V RecentTasksController: Task 1686 is not an active desktop task
07-14 11:27:32.332  2248  2287 V RecentTasksController: Added fullscreen task: 1686
07-14 11:27:32.332  2248  2287 V RecentTasksController: Task 1679 is not an active desktop task
07-14 11:27:32.332  2248  2287 V RecentTasksController: Added fullscreen task: 1679
07-14 11:27:32.332  2248  2287 V RecentTasksController: Task 1674 is not an active desktop task
07-14 11:27:32.332  2248  2287 V RecentTasksController: Added fullscreen task: 1674
07-14 11:27:32.332  2248  2287 V RecentTasksController: Task 1672 is not an active desktop task
07-14 11:27:32.333  2248  2287 V RecentTasksController: Added fullscreen task: 1672
07-14 11:27:32.333  2248  2287 V RecentTasksController: Task 1670 is not an active desktop task
07-14 11:27:32.333  2248  2287 V RecentTasksController: Added fullscreen task: 1670
07-14 11:27:32.333  2248  2287 V RecentTasksController: Task 1668 is not an active desktop task
07-14 11:27:32.333  2248  2287 V RecentTasksController: Added fullscreen task: 1668
07-14 11:27:32.333  2248  2287 V RecentTasksController: generateList - complete
07-14 11:27:32.335  1402  1580 V SharedSurfaceAnimation: Checking SharedSurface matching for: ComponentInfo{com.google.android.apps.nexuslauncher/com.android.launcher3.secondarydisplay.SecondaryDisplayLauncher}, user= 0
07-14 11:27:32.335  1402  1580 V SharedSurfaceAnimation:   No matching provider found.
07-14 11:27:32.338  1402  1576 V WindowManager: Sent Transition (#1779) createdAt=07-14 11:27:32.319 via request=TransitionRequestInfo { type = TO_FRONT, triggerTask = TaskInfo{userId=0 taskId=1690 effectiveUid=10389 seqId=0 displayId=7 isRunning=true baseIntent=Intent { act=android.intent.action.MAIN cat=[android.intent.category.LAUNCHER] flg=0x10200000 cmp=com.mihai.dailyhabit/.MainActivity } baseActivity=ComponentInfo{com.mihai.dailyhabit/com.mihai.dailyhabit.MainActivity} topActivity=ComponentInfo{com.mihai.dailyhabit/com.mihai.dailyhabit.MainActivity} origActivity=null realActivity=ComponentInfo{com.mihai.dailyhabit/com.mihai.dailyhabit.MainActivity} realActivityIsAppLockEnabled=false numActivities=1 lastActiveTime=99822032 supportsMultiWindow=true supportsMultiWindowWithoutConstraints=true resizeMode=2 isResizeable=true minWidth=-1 minHeight=-1 defaultMinSize=220 token=WCT{RemoteToken{84eaeca Task{ca35222 #1690 type=standard A=10389:com.mihai.dailyhabit}}} topActivityType=1 pictureInPictureParams=null shouldDockBigOverlays=false launchIntoPipHostTaskId=-1 lastParentTaskIdBeforePip=-1 displayCutoutSafeInsets=Rect(0, 0 - 0, 0) topActivityInfo=ActivityInfo{cfe283b com.mihai.dailyhabit.MainActivity} launchCookies=[] positionInParent=Point(0, 0) parentTaskId=-1 isFocused=false isInteractive=false isVisible=false isVisibleRequested=false isTopActivityNoDisplay=false isSleeping=false locusId=null displayAreaFeatureId=1 isTopActivityTransparent=false isActivityStackTransparent=false lastNonFullscreenBounds=null leafTaskBoundsFromOptions= false capturedLink=null capturedLinkTimestamp=0 requestedVisibleTypes=503 topActivityRequestOpenInBrowserEducationTimestamp=0 appCompatTaskInfo=AppCompatTaskInfo { topActivityInSizeCompat=false isLeafTask= true eligibleForLetterboxEducation= false isLetterboxEducationEnabled= false isLetterboxDoubleTapEnabled= false eligibleForUserAspectRatioButton= false topActivityBoundsLetterboxed= false isFromLetterboxDoubleTap= false topActivityLetterboxVerticalPosition= -1 topActivityLetterboxHorizontalPosition= -1 topActivityLetterboxWidth=-1 topActivityLetterboxHeight=-1 topActivityAppBounds=Rect(0, 0 - 646, 1408) isUserFullscreenOverrideEnabled=false isSystemFullscreenOverrideEnabled=false hasMinAspectRatioOverride=false topActivityLetterboxBounds=null topNonResizableActivityAspectRatio=-1.0} topActivityMainWindowFrame=null isAppBubble=false}, pipChange = null, remoteTransitionInfo = RemoteTransitionInfo { remoteTransition = android.window.IRemoteTransition$Stub$Proxy@2cbc910, debugName = LaunchFromRecents, filter = null }, displayChanges = null, requestedLocation = null, userChange = null, windowingLayerChange = null, fullscreenRequestChange = null, flags = 0, debugId = 1779 }
07-14 11:27:32.338 10010 10010 W ActivityThread: Activity top position already set to onTop=true
07-14 11:27:32.338  1402  1576 V WindowManager:     startWCT=WindowContainerTransaction { changes= {} hops= [] flags= 0 errorCallbackToken=null taskFragmentOrganizer=null }
07-14 11:27:32.339  1402  1576 V WindowManager:     info={id=1779 t=TO_FRONT f=0x0 trk=0 r=[7@Point(0, 0)] c=[
07-14 11:27:32.339  1402  1576 V WindowManager:         {WCT{RemoteToken{84eaeca Task{ca35222 #1690 type=standard A=10389:com.mihai.dailyhabit}}} m=TO_FRONT f=MOVE_TO_TOP|FLAG_CHANGED_INTERACTIVE leash=Surface(name=Task=1690#13284)/@0x458ef79 sb=Rect(0, 0 - 646, 1408) eb=Rect(0, 0 - 646, 1408) epz=Point(646, 1408) d=7 taskParent=-1 winMode=1 userId=0},
07-14 11:27:32.339  1402  1576 V WindowManager:         {WCT{RemoteToken{f5e0f10 Task{b958448 #1680 type=home}}} m=TO_BACK f=SHOW_WALLPAPER|FLAG_CHANGED_INTERACTIVE leash=Surface(name=Task=1680#12475)/@0xd21573f sb=Rect(0, 0 - 646, 1408) eb=Rect(0, 0 - 646, 1408) epz=Point(646, 1408) d=7 taskParent=-1 winMode=1 userId=0},
07-14 11:27:32.339  1402  1576 V WindowManager:         {WCT{RemoteToken{cd64fc7 TaskFragment{37be0e mode=fullscreen}}} m=TO_BACK f=IN_TASK_WITH_EMBEDDED_ACTIVITY|FILLS_TASK p=WCT{RemoteToken{a194cf0 Task{1a281a7 #1688 type=standard A=1000:com.android.settings.root}}} leash=Surface(name=TaskFragment{37be0e mode=fullscreen}#13086)/@0x29f9feb sb=Rect(0, 0 - 646, 1408) eb=Rect(0, 0 - 646, 1408) epz=Point(646, 1408) d=7 bc=ff1b1b1b taskFragmentToken=android.os.BinderProxy@bda2c0d},
07-14 11:27:32.339  1402  1576 V WindowManager:         {WCT{RemoteToken{a194cf0 Task{1a281a7 #1688 type=standard A=1000:com.android.settings.root}}} m=TO_BACK f=FLAG_CHANGED_INTERACTIVE leash=Surface(name=Task=1688#13067)/@0x5c7ec84 sb=Rect(0, 0 - 646, 1408) eb=Rect(0, 0 - 646, 1408) epz=Point(646, 1408) d=7 taskParent=-1 winMode=1 userId=0},
07-14 11:27:32.339  1402  1576 V WindowManager:         {m=TO_BACK f=IS_WALLPAPER leash=Surface(name=WallpaperWindowToken{d57d590}#12479)/@0x7d03899 sb=Rect(0, 0 - 646, 1408) eb=Rect(0, 0 - 646, 1408) epz=Point(646, 1408) d=7}
07-14 11:27:32.339  1402  1576 V WindowManager:     ]}
07-14 11:27:32.339  2248  2749 V WindowManagerShell: onTransitionReady(transaction=6021544289690)
07-14 11:27:32.339  2248  2287 V WindowManagerShell: onTransitionReady (#1779) android.os.BinderProxy@ccb67e4: {id=1779 t=TO_FRONT f=0x0 trk=0 r=[7@Point(0, 0)] c=[
07-14 11:27:32.339  2248  2287 V WindowManagerShell:         {m=TO_FRONT f=MOVE_TO_TOP|FLAG_CHANGED_INTERACTIVE leash=Surface(name=Task=1690#13284)/@0xfc91e50 sb=Rect(0, 0 - 646, 1408) eb=Rect(0, 0 - 646, 1408) epz=Point(646, 1408) d=7 taskParent=-1 winMode=1 userId=0},
07-14 11:27:32.339  2248  2287 V WindowManagerShell:         {m=TO_BACK f=SHOW_WALLPAPER|FLAG_CHANGED_INTERACTIVE leash=Surface(name=Task=1680#12475)/@0x1be7849 sb=Rect(0, 0 - 646, 1408) eb=Rect(0, 0 - 646, 1408) epz=Point(646, 1408) d=7 taskParent=-1 winMode=1 userId=0},
07-14 11:27:32.339  2248  2287 V WindowManagerShell:         {m=TO_BACK f=IN_TASK_WITH_EMBEDDED_ACTIVITY|FILLS_TASK p=WCT{android.os.BinderProxy@52b8c2c} leash=Surface(name=TaskFragment{37be0e mode=fullscreen}#13086)/@0x835a54e sb=Rect(0, 0 - 646, 1408) eb=Rect(0, 0 - 646, 1408) epz=Point(646, 1408) d=7 bc=ff1b1b1b taskFragmentToken=android.os.BinderProxy@43ef843},
07-14 11:27:32.339  2248  2287 V WindowManagerShell:         {m=TO_BACK f=FLAG_CHANGED_INTERACTIVE leash=Surface(name=Task=1688#13067)/@0xf89566f sb=Rect(0, 0 - 646, 1408) eb=Rect(0, 0 - 646, 1408) epz=Point(646, 1408) d=7 taskParent=-1 winMode=1 userId=0},
07-14 11:27:32.339  2248  2287 V WindowManagerShell:         {m=TO_BACK f=IS_WALLPAPER leash=Surface(name=WallpaperWindowToken{d57d590}#12479)/@0xea9cf7c sb=Rect(0, 0 - 646, 1408) eb=Rect(0, 0 - 646, 1408) epz=Point(646, 1408) d=7}
07-14 11:27:32.339  2248  2287 V WindowManagerShell:     ]}
07-14 11:27:32.339  2248  2287 V WindowManagerShell: FocusTransitionObserver: Updating focus state for transition #1779
07-14 11:27:32.339  2248  2287 D WindowManagerShell: FocusTransitionObserver: Focus updated on displayId=7 to taskId=1690
07-14 11:27:32.339  2248  2287 V WindowManagerShell: FocusTransitionObserver: Notifying local listeners of task focus change: taskId=1690, isFocusedOnDisplay=true, isFocusedGlobally=false
07-14 11:27:32.339  2248  2287 V RecentTasksController: Notify recent tasks changed: 2
07-14 11:27:32.340  2248  2287 V WindowManagerShell: FocusTransitionObserver: Notifying local listeners of task focus change: taskId=1680, isFocusedOnDisplay=false, isFocusedGlobally=false
07-14 11:27:32.340  2248  2287 V ShellDesktopMode: DesktopModeLogger: taskInfo map after processing changes 0
07-14 11:27:32.341  2248  2287 D ShellDesktopMode: DesktopTaskChangeListener: onTaskMovingToFront for taskId=1690, displayId=7 - desktop not supported
07-14 11:27:32.341  2248  2287 V WindowManagerShell: Transition (#1779) android.os.BinderProxy@ccb67e4@0 ready while (#1778) android.os.BinderProxy@59e648f@0 is still animating. Notify the animating transition in case they can be merged
07-14 11:27:32.341  1402  3770 D WindowManager: setClientSurface Surface(name=VRI-com.mihai.dailyhabit/com.mihai.dailyhabit.MainActivity#13414)/@0xa67ac09 for 4df8e47 com.mihai.dailyhabit/com.mihai.dailyhabit.MainActivity
07-14 11:27:32.341  2248  2287 V ShellRecents: [212767516] RecentsController.merge
07-14 11:27:32.341  2248  2287 V ShellRecents: [212767516]   Opening task=1690
07-14 11:27:32.341  2248  2287 V ShellRecents: [212767516]   Closing recents
07-14 11:27:32.341  2248  2287 V ShellRecents: [212767516]   Closing task=1688
07-14 11:27:32.341  2248  2287 V ShellRecents:   closing pausing taskId=1688
07-14 11:27:32.341  2248  2287 V ShellRecents:   opening new leaf taskId=1690 wasClosing=false childOfOpeningPausedDesk=false
07-14 11:27:32.341  2248  2287 V ShellRecents: [212767516] RecentsController.merge: empty pausing tasks
07-14 11:27:32.341  2248  2287 V ShellRecents: [212767516] RecentsController.merge: consuming merge
07-14 11:27:32.342  2248  2287 V ShellRecents: [212767516] RecentsController.merge: calling onTasksAppeared
07-14 11:27:32.342  2248  2287 V WindowManagerShell: Transition was merged: (#1779) android.os.BinderProxy@ccb67e4@0 into (#1778) android.os.BinderProxy@59e648f@0
07-14 11:27:32.381  1402  2076 I ImeTracker: com.mihai.dailyhabit:ff8eff7b: onRequestHide at ORIGIN_SERVER reason HIDE_UNSPECIFIED_WINDOW fromUser false userId 0 displayId 7
07-14 11:27:32.381 10010 10010 D InsetsController: hide(ime())
07-14 11:27:32.381 10010 10010 I ImeTracker: com.mihai.dailyhabit:ff8eff7b: onCancelled at PHASE_CLIENT_ALREADY_HIDDEN
07-14 11:27:32.389  1402  4308 W WindowManager: Cannot find window which accessibility connection is added to
07-14 11:27:32.390  1402  4308 W WindowManager: Failed looking up window session=Session{12a1fe 3450:u0a10331} callers=com.android.server.wm.WindowManagerService.removeClientToken:2356 com.android.server.wm.Session.remove:282 android.view.IWindowSession$Stub.onTransact:693 
07-14 11:27:32.424  1402  2014 I ImeTracker: system_server:635a76ab: onRequestHide at ORIGIN_SERVER reason IME_REQUESTED_CHANGED_LISTENER fromUser false displayId 0
07-14 11:27:32.424  1402  1579 I ImeTracker: system_server:635a76ab: onCancelled at PHASE_SERVER_SHOULD_HIDE
07-14 11:27:32.428  2248  2287 V RecentTasksController: Notify recent tasks changed: 1
07-14 11:27:32.431  2248  2287 V RecentTasksController: generateList(getRecentTasks)
07-14 11:27:32.431  2248  2287 V RecentTasksController: initializeDesksMap - allDeskIds: []
07-14 11:27:32.431  2248  2287 V RecentTasksController: Task 1690 is not an active desktop task
07-14 11:27:32.431  2248  2287 V RecentTasksController: Added fullscreen task: 1690
07-14 11:27:32.431  2248  2287 V RecentTasksController: Task 1688 is not an active desktop task
07-14 11:27:32.431  2248  2287 V RecentTasksController: Added fullscreen task: 1688
07-14 11:27:32.431  2248  2287 V RecentTasksController: Task 1686 is not an active desktop task
07-14 11:27:32.431  2248  2287 V RecentTasksController: Added fullscreen task: 1686
07-14 11:27:32.431  2248  2287 V RecentTasksController: Task 1679 is not an active desktop task
07-14 11:27:32.431  2248  2287 V RecentTasksController: Added fullscreen task: 1679
07-14 11:27:32.431  2248  2287 V RecentTasksController: Task 1674 is not an active desktop task
07-14 11:27:32.431  2248  2287 V RecentTasksController: Added fullscreen task: 1674
07-14 11:27:32.431  2248  2287 V RecentTasksController: Task 1672 is not an active desktop task
07-14 11:27:32.431  2248  2287 V RecentTasksController: Added fullscreen task: 1672
07-14 11:27:32.431  2248  2287 V RecentTasksController: Task 1670 is not an active desktop task
07-14 11:27:32.431  2248  2287 V RecentTasksController: Added fullscreen task: 1670
07-14 11:27:32.431  2248  2287 V RecentTasksController: Task 1668 is not an active desktop task
07-14 11:27:32.431  2248  2287 V RecentTasksController: Added fullscreen task: 1668
07-14 11:27:32.431  2248  2287 V RecentTasksController: generateList - complete
07-14 11:27:32.433  1402  2481 I ImeTracker: system_server:4053bc3c: onRequestHide at ORIGIN_SERVER reason HIDE_INPUT_TARGET_CHANGED fromUser false displayId 7
07-14 11:27:32.434  1402  1579 I ImeTracker: system_server:4053bc3c: onCancelled at PHASE_SERVER_SHOULD_HIDE
07-14 11:27:32.434  2248  2287 V RecentTasksController: generateList(getRecentTasks)
07-14 11:27:32.434  2248  2287 V RecentTasksController: initializeDesksMap - allDeskIds: []
07-14 11:27:32.434  2248  2287 V RecentTasksController: Task 1690 is not an active desktop task
07-14 11:27:32.434  2248  2287 V RecentTasksController: Added fullscreen task: 1690
07-14 11:27:32.434  2248  2287 V RecentTasksController: Task 1688 is not an active desktop task
07-14 11:27:32.434  2248  2287 V RecentTasksController: Added fullscreen task: 1688
07-14 11:27:32.434  2248  2287 V RecentTasksController: Task 1686 is not an active desktop task
07-14 11:27:32.434  2248  2287 V RecentTasksController: Added fullscreen task: 1686
07-14 11:27:32.434  2248  2287 V RecentTasksController: Task 1679 is not an active desktop task
07-14 11:27:32.434  2248  2287 V RecentTasksController: Added fullscreen task: 1679
07-14 11:27:32.434  2248  2287 V RecentTasksController: Task 1674 is not an active desktop task
07-14 11:27:32.434  2248  2287 V RecentTasksController: Added fullscreen task: 1674
07-14 11:27:32.434  2248  2287 V RecentTasksController: Task 1672 is not an active desktop task
07-14 11:27:32.434  2248  2287 V RecentTasksController: Added fullscreen task: 1672
07-14 11:27:32.434  2248  2287 V RecentTasksController: Task 1670 is not an active desktop task
07-14 11:27:32.434  2248  2287 V RecentTasksController: Added fullscreen task: 1670
07-14 11:27:32.434  2248  2287 V RecentTasksController: Task 1668 is not an active desktop task
07-14 11:27:32.434  2248  2287 V RecentTasksController: Added fullscreen task: 1668
07-14 11:27:32.434  2248  2287 V RecentTasksController: generateList - complete
07-14 11:27:32.435  1402  4307 I ImeTracker: system_server:4053bc3c: onFinished on previously finished token at PHASE_SERVER_REQUESTED_VISIBLE_TYPES_NOT_CHANGED with STATUS_CANCEL
07-14 11:27:32.435  1402  4307 I ImeTracker: system_server:4053bc3c: onCancelled at PHASE_SERVER_REQUESTED_VISIBLE_TYPES_NOT_CHANGED
07-14 11:27:32.463  1402  1402 W AccessibilityManagerService:  wait for adding window timeout: 1017
07-14 11:27:32.687  2248  2287 V ShellRecents: [212767516] RecentsController.finishInner: toHome=false userLeave=false willFinishToHome=false state=1 hasPausingTasks=true reason=requested
07-14 11:27:32.687  2248  2287 V ShellRecents:   normal finish
07-14 11:27:32.687  2248  2287 V ShellRecents: [212767516] RecentsController.finishInner: Non-transition affecting wct
07-14 11:27:32.687  2248  2287 V ShellRecents: [212767516] RecentsController.finishInner: Completing finish
07-14 11:27:32.687  2248  2287 V ShellRecents: [212767516] RecentsController.cleanup
07-14 11:27:32.687  2248  2287 D WindowManagerShell: PipDesktopState: Recents transition state changed: TRANSITION_STATE_NOT_RUNNING
07-14 11:27:32.687  2248  2287 V ShellDesktopMode: DesktopTasksController: Recents transition state changed: TRANSITION_STATE_NOT_RUNNING
07-14 11:27:32.687  2248  2287 D ShellDesktopMode: DesktopTaskChangeListener: onTaskMovingToBack for taskId=1680, displayId=7 - desktop not supported
07-14 11:27:32.688  2248  2287 D ShellDesktopMode: DesktopTaskChangeListener: onTaskMovingToBack for taskId=1688, displayId=7 - desktop not supported
07-14 11:27:32.688  2248  2287 V WindowManagerShell: Transition animation finished (aborted=false), notifying core (#1778) android.os.BinderProxy@59e648f@0
07-14 11:27:32.689  1402  4319 E TransitionChain: Trying to collect into a finished transition
07-14 11:27:32.689  1402  1576 V WindowManager: Finish Transition (#1778): created at 07-14 11:27:31.934 collect-started=0.218ms started=0.308ms ready=9.446ms sent=11.008ms commit=7.586ms finished=754.424ms
07-14 11:27:32.691  1402  1576 V WindowManager: Finish Transition (#1779): created at 07-14 11:27:32.319 collect-started=0.039ms request-sent=1.223ms started=10.462ms ready=12.346ms sent=16.19ms commit=9.517ms finished=371.592ms
07-14 11:27:32.692  2248  2287 V WindowManagerShell: Track 0 became idle
07-14 11:27:32.693  2248  2287 V WindowManagerShell: All active transition animations finished
07-14 11:27:32.693  2248  2287 V ShellRecents: [212767516] RecentsController.finishInner: calling finish callback
07-14 11:27:32.702  2248  2287 V RecentTasksController: generateList(getRecentTasks)
07-14 11:27:32.702  2248  2287 V RecentTasksController: initializeDesksMap - allDeskIds: []
07-14 11:27:32.702  2248  2287 V RecentTasksController: Task 1690 is not an active desktop task
07-14 11:27:32.702  2248  2287 V RecentTasksController: Added fullscreen task: 1690
07-14 11:27:32.702  2248  2287 V RecentTasksController: Task 1688 is not an active desktop task
07-14 11:27:32.702  2248  2287 V RecentTasksController: Added fullscreen task: 1688
07-14 11:27:32.702  2248  2287 V RecentTasksController: Task 1686 is not an active desktop task
07-14 11:27:32.702  2248  2287 V RecentTasksController: Added fullscreen task: 1686
07-14 11:27:32.702  2248  2287 V RecentTasksController: Task 1679 is not an active desktop task
07-14 11:27:32.702  2248  2287 V RecentTasksController: Added fullscreen task: 1679
07-14 11:27:32.702  2248  2287 V RecentTasksController: Task 1674 is not an active desktop task
07-14 11:27:32.702  2248  2287 V RecentTasksController: Added fullscreen task: 1674
07-14 11:27:32.702  2248  2287 V RecentTasksController: Task 1672 is not an active desktop task
07-14 11:27:32.702  2248  2287 V RecentTasksController: Added fullscreen task: 1672
07-14 11:27:32.702  2248  2287 V RecentTasksController: Task 1670 is not an active desktop task
07-14 11:27:32.702  2248  2287 V RecentTasksController: Added fullscreen task: 1670
07-14 11:27:32.702  2248  2287 V RecentTasksController: Task 1668 is not an active desktop task
07-14 11:27:32.702  2248  2287 V RecentTasksController: Added fullscreen task: 1668
07-14 11:27:32.702  2248  2287 V RecentTasksController: generateList - complete
07-14 11:27:32.703  2248  2287 D ShellDesktopMode: DesktopScrimController: onOverviewHidden: displayId=7
07-14 11:27:32.703  2248  2287 D ShellDesktopMode: DesktopScrimController: updateDesktopScrimIfNeeded: displayId=7, userId=0, excludeTaskId=null, targetDeskId=null, pendingTaskBounds=null, ignoreVisibility=false
07-14 11:27:32.703  2248  2287 D ShellDesktopMode: DesktopScrimController: updateDesktopScrimIfNeeded: applyLightOutEffect=false, isPeeking=false, dividerBarVisible=null
07-14 11:27:33.291  1402  2481 D CoreBackPreview: Window{1fbac30 u0 Finestra popup}: Setting back callback OnBackInvokedCallbackInfo{mCallback=android.window.IOnBackInvokedCallback$Stub$Proxy@f193be1, mPriority=1000000, mIsAnimationCallback=false, mOverrideBehavior=0}
07-14 11:27:33.304  1402  4307 D WindowManager: setClientSurface Surface(name=VRI-Finestra popup#13426)/@0xf033d06 for 1fbac30 Finestra popup
07-14 11:27:33.336 10010 10010 D VRI[Finestra popup]: updatePointerIcon called with position out of bounds
07-14 11:27:33.337  1402  2076 I ImeTracker: com.mihai.dailyhabit:99aa7730: onRequestHide at ORIGIN_SERVER reason HIDE_UNSPECIFIED_WINDOW fromUser false userId 0 displayId 7
07-14 11:27:33.339 10010 10010 D InsetsController: hide(ime())
07-14 11:27:33.339 10010 10010 I ImeTracker: com.mihai.dailyhabit:99aa7730: onCancelled at PHASE_CLIENT_ALREADY_HIDDEN
07-14 11:27:33.344 10010 10010 D VRI[Finestra popup]: updatePointerIcon called with position out of bounds
07-14 11:27:33.348  1402  2481 W WindowManager: Cannot find window which accessibility connection is added to
07-14 11:27:33.349  1402  2481 W WindowManager: Failed looking up window session=Session{12a1fe 3450:u0a10331} callers=com.android.server.wm.WindowManagerService.removeClientToken:2356 com.android.server.wm.Session.remove:282 android.view.IWindowSession$Stub.onTransact:693 
07-14 11:27:33.353 10010 10010 D VRI[Finestra popup]: updatePointerIcon called with position out of bounds
07-14 11:27:33.361 10010 10010 D VRI[Finestra popup]: updatePointerIcon called with position out of bounds
07-14 11:27:33.369 10010 10010 D VRI[Finestra popup]: updatePointerIcon called with position out of bounds
07-14 11:27:33.378 10010 10010 D VRI[Finestra popup]: updatePointerIcon called with position out of bounds
07-14 11:27:33.405  1402  4319 I ImeTracker: system_server:ca5c5ede: onRequestHide at ORIGIN_SERVER reason IME_REQUESTED_CHANGED_LISTENER fromUser false displayId 0
07-14 11:27:33.407  1402  1579 I ImeTracker: system_server:ca5c5ede: onCancelled at PHASE_SERVER_SHOULD_HIDE
07-14 11:27:33.417  1402  4319 I ImeTracker: system_server:eceb0cc9: onRequestHide at ORIGIN_SERVER reason HIDE_INPUT_TARGET_CHANGED fromUser false displayId 7
07-14 11:27:33.418  1402  1579 I ImeTracker: system_server:eceb0cc9: onCancelled at PHASE_SERVER_SHOULD_HIDE
07-14 11:27:33.418  1402  2014 I ImeTracker: system_server:eceb0cc9: onFinished on previously finished token at PHASE_SERVER_REQUESTED_VISIBLE_TYPES_NOT_CHANGED with STATUS_CANCEL
07-14 11:27:33.418  1402  2014 I ImeTracker: system_server:eceb0cc9: onCancelled at PHASE_SERVER_REQUESTED_VISIBLE_TYPES_NOT_CHANGED
07-14 11:27:34.328 10010 10010 D VRI[Finestra popup]: updatePointerIcon called with position out of bounds
07-14 11:27:34.336 10010 10010 D VRI[Finestra popup]: updatePointerIcon called with position out of bounds
07-14 11:27:34.345 10010 10010 D VRI[Finestra popup]: updatePointerIcon called with position out of bounds
07-14 11:27:34.353 10010 10010 D VRI[Finestra popup]: updatePointerIcon called with position out of bounds
07-14 11:27:34.361 10010 10010 D VRI[Finestra popup]: updatePointerIcon called with position out of bounds
07-14 11:27:34.370 10010 10010 D VRI[Finestra popup]: updatePointerIcon called with position out of bounds
07-14 11:27:34.378 10010 10010 D VRI[Finestra popup]: updatePointerIcon called with position out of bounds
07-14 11:27:34.386 10010 10010 D VRI[Finestra popup]: updatePointerIcon called with position out of bounds
07-14 11:27:34.395 10010 10010 D VRI[Finestra popup]: updatePointerIcon called with position out of bounds
