07-14 11:28:26.480  1213  1213 D AOC     : A3:MSG: tmd3733_device.cc, 3186: USF: TMD3733: vsync_delay_usec: 12930
07-14 11:28:27.396   502  2705 W android.system.suspend-service: BPF wakelock stats failed, falling back to sysfs: Success
07-14 11:28:27.454 17714 17720 I pixel-thermal: BG-TASKS-THROTTLING-HINT:0 raw data: BATTERY-CAPACITY-LEVEL:2 BG-TASKS-THROTTLING-EXP-PROPERTY:0 BG-TASKS-THROTTLING-HINT:0 BG_TASKS_THROTTLING_COUNT:1 BG_TASKS_THROTTLING_LEVEL:3 IS_BG_TASKS_THROTTLING_ACTIVE:0 IS_CHARGING:1 thb_hda:54 
07-14 11:28:28.093 11124 11174 I ctuh    : connectToGlassesApi before mutex
07-14 11:28:28.094 11124 11174 I ctuh    : connectToGlassesApi mutex acquired
07-14 11:28:28.094 11124 11174 D ApiFactory: returning GlassesApi
07-14 11:28:28.096 11124 11174 E GlassesApi: Unable to load GlassesApi implementation.
07-14 11:28:28.096 11124 11174 E GlassesApi: com.google.android.glasses.sdk.ApiFactory$ClassLoadException: java.lang.ClassNotFoundException: GlassesCore is a stub.
07-14 11:28:28.096 11124 11174 E GlassesApi: 	at com.google.android.glasses.sdk.ApiFactory.getObjectByApiMethodName(PG:41)
07-14 11:28:28.096 11124 11174 E GlassesApi: 	at com.google.android.glasses.sdk.ApiFactory.getGlassesApi(PG:16)
07-14 11:28:28.096 11124 11174 E GlassesApi: 	at com.google.android.glasses.sdk.GlassesApi$-CC.create(PG:4)
07-14 11:28:28.096 11124 11174 E GlassesApi: 	at ctuh.e(PG:161)
07-14 11:28:28.096 11124 11174 E GlassesApi: 	at ctug.invokeSuspend(PG:29)
07-14 11:28:28.096 11124 11174 E GlassesApi: 	at ctug.a(PG:14)
07-14 11:28:28.096 11124 11174 E GlassesApi: 	at cttz.invokeSuspend(PG:42)
07-14 11:28:28.096 11124 11174 E GlassesApi: 	at cttz.invoke(PG:13)
07-14 11:28:28.096 11124 11174 E GlassesApi: 	at gmgb.g(PG:3)
07-14 11:28:28.096 11124 11174 E GlassesApi: 	at gmfx.b(PG:57)
07-14 11:28:28.096 11124 11174 E GlassesApi: 	at gmku.invokeSuspend(PG:24)
07-14 11:28:28.096 11124 11174 E GlassesApi: 	at glrr.resumeWith(PG:11)
07-14 11:28:28.096 11124 11174 E GlassesApi: 	at gmbj.run(PG:115)
07-14 11:28:28.096 11124 11174 E GlassesApi: 	at fgyh.run(PG:3)
07-14 11:28:28.096 11124 11174 E GlassesApi: 	at fimw.run(PG:17)
07-14 11:28:28.096 11124 11174 E GlassesApi: 	at dhnp.run(PG:5)
07-14 11:28:28.096 11124 11174 E GlassesApi: 	at fsdk.run(PG:46)
07-14 11:28:28.096 11124 11174 E GlassesApi: 	at dhnb.run(PG:81)
07-14 11:28:28.096 11124 11174 E GlassesApi: 	at java.lang.Thread.run(Thread.java:1569)
07-14 11:28:28.096 11124 11174 E GlassesApi: 	at dhoq.run(PG:62)
07-14 11:28:28.096 11124 11174 E GlassesApi: Caused by: java.lang.ClassNotFoundException: GlassesCore is a stub.
07-14 11:28:28.096 11124 11174 E GlassesApi: 	at com.google.android.glasses.sdk.ApiFactory.getApiFactoryClass(PG:45)
07-14 11:28:28.096 11124 11174 E GlassesApi: 	at com.google.android.glasses.sdk.ApiFactory.getObjectByApiMethodName(PG:1)
07-14 11:28:28.096 11124 11174 E GlassesApi: 	... 19 more
07-14 11:28:28.096 11124 11174 W ctuh    : Failed to connect to GlassesApi
07-14 11:28:28.096 11124 11174 W ctuh    : java.lang.IllegalStateException: Failed to create GlassesApi
07-14 11:28:28.096 11124 11174 W ctuh    : 	at ctuh.e(PG:287)
07-14 11:28:28.096 11124 11174 W ctuh    : 	at ctug.invokeSuspend(PG:29)
07-14 11:28:28.096 11124 11174 W ctuh    : 	at ctug.a(PG:14)
07-14 11:28:28.096 11124 11174 W ctuh    : 	at cttz.invokeSuspend(PG:42)
07-14 11:28:28.096 11124 11174 W ctuh    : 	at cttz.invoke(PG:13)
07-14 11:28:28.096 11124 11174 W ctuh    : 	at gmgb.g(PG:3)
07-14 11:28:28.096 11124 11174 W ctuh    : 	at gmfx.b(PG:57)
07-14 11:28:28.096 11124 11174 W ctuh    : 	at gmku.invokeSuspend(PG:24)
07-14 11:28:28.096 11124 11174 W ctuh    : 	at glrr.resumeWith(PG:11)
07-14 11:28:28.096 11124 11174 W ctuh    : 	at gmbj.run(PG:115)
07-14 11:28:28.096 11124 11174 W ctuh    : 	at fgyh.run(PG:3)
07-14 11:28:28.096 11124 11174 W ctuh    : 	at fimw.run(PG:17)
07-14 11:28:28.096 11124 11174 W ctuh    : 	at dhnp.run(PG:5)
07-14 11:28:28.096 11124 11174 W ctuh    : 	at fsdk.run(PG:46)
07-14 11:28:28.096 11124 11174 W ctuh    : 	at dhnb.run(PG:81)
07-14 11:28:28.096 11124 11174 W ctuh    : 	at java.lang.Thread.run(Thread.java:1569)
07-14 11:28:28.096 11124 11174 W ctuh    : 	at dhoq.run(PG:62)
07-14 11:28:28.097 11124 11174 I aduz    : Settings API module disconnected
07-14 11:28:28.097 11124 11174 I aduz    : Wear detection disabled, using connection status
07-14 11:28:28.098 11124 11175 I ctuh    : delay retry by 5 second(s)
07-14 11:28:28.352  1402  3019 D ConnectivityService: requestNetwork for uid/pid:10357/11892 activeRequest: null callbackRequest: 5593 [NetworkRequest [ REQUEST id=5594, [ Capabilities: INTERNET&NOT_RESTRICTED&TRUSTED&NOT_VCN_MANAGED&NOT_BANDWIDTH_CONSTRAINED Uid: 10357 RequestorUid: 10357 RequestorPkg: org.adaway UnderlyingNetworks: Null] ]] callback flags: 0 order: 2147483647 isUidTracked: false declaredMethods: AVAIL|LOST|NC
07-14 11:28:28.367  1402  2117 D OemPaidWifiNetworkFactory: got request NetworkRequest [ REQUEST id=5594, [ Capabilities: INTERNET&NOT_RESTRICTED&TRUSTED&NOT_VCN_MANAGED&NOT_BANDWIDTH_CONSTRAINED Uid: 10357 RequestorUid: 10357 RequestorPkg: org.adaway UnderlyingNetworks: Null] ]
07-14 11:28:28.369  1402  2117 D MultiInternetWifiNetworkFactory: got request NetworkRequest [ REQUEST id=5594, [ Capabilities: INTERNET&NOT_RESTRICTED&TRUSTED&NOT_VCN_MANAGED&NOT_BANDWIDTH_CONSTRAINED Uid: 10357 RequestorUid: 10357 RequestorPkg: org.adaway UnderlyingNetworks: Null] ]
07-14 11:28:28.371  1402  2117 D UntrustedWifiNetworkFactory: got request NetworkRequest [ REQUEST id=5594, [ Capabilities: INTERNET&NOT_RESTRICTED&TRUSTED&NOT_VCN_MANAGED&NOT_BANDWIDTH_CONSTRAINED Uid: 10357 RequestorUid: 10357 RequestorPkg: org.adaway UnderlyingNetworks: Null] ]
07-14 11:28:28.372  1402  2131 D ConnectivityService: NetReassign [5594 : null → 144] [c 1] [a 6] [i 11]
07-14 11:28:28.390 11892 11936 I WM-WorkerWrapper: Worker result SUCCESS for Work [ id=43197088-8c7b-42e6-84d8-49a00ea07f0d, tags={ org.adaway.vpn.VpnServiceHeartbeat, VPN-heartbeat } ]
07-14 11:28:28.475  1402  2021 D ActivityManager: sync unfroze 7527 com.franco.agenda for 6
07-14 11:28:28.501  7527  7747 W Looper  : Slow delivery took 732527ms android.bg app=com.franco.agenda main=false group=FOREGROUND h=android.os.Handler c=android.appwidget.AppWidgetManager$ServiceCollectionCache$ConnectionTask$$ExternalSyntheticLambda6@a43d43d m=0
07-14 11:28:28.502  7527  7527 D WM-DelayedWorkTracker: Scheduling work b357caca-6a13-4add-90c2-57177971aecd
07-14 11:28:28.509  7527  7527 D WM-GreedyScheduler: Starting work for b357caca-6a13-4add-90c2-57177971aecd
07-14 11:28:28.530  1402  1501 W ProcessStats: Tracking association SourceState{d87406 system/1000 ImpBg #183871} whose proc state 6 is better than process ProcessState{16b39f9 com.franco.agenda/10361 pkg=com.franco.agenda} proc state 14 (1 skipped)
07-14 11:28:28.532  7527  7527 D WM-SystemJobService: onStartJob for WorkGenerationalId(workSpecId=b357caca-6a13-4add-90c2-57177971aecd, generation=0)
07-14 11:28:28.533  7527  7603 D WM-Processor: cx: processing WorkGenerationalId(workSpecId=b357caca-6a13-4add-90c2-57177971aecd, generation=0)
07-14 11:28:28.537  7527  7603 D WM-Processor: Work WorkGenerationalId(workSpecId=b357caca-6a13-4add-90c2-57177971aecd, generation=0) is already enqueued for processing
07-14 11:28:28.547  7527  7527 D WM-WorkerWrapper: Starting work for com.franco.agenda.workers.CalendarSyncWorker
07-14 11:28:28.561  1402  1501 D ActivityManager: sync unfroze 2807 com.android.providers.calendar for 7
07-14 11:28:28.616  2807  5618 W ContentResolver: Failed to get type for: content://com.android.calendar
07-14 11:28:28.616  2807  5618 W ContentResolver: java.lang.IllegalArgumentException: Unknown URL content://com.android.calendar
07-14 11:28:28.616  2807  5618 W ContentResolver: 	at com.android.providers.calendar.CalendarProvider2$$ExternalSyntheticBUOutline1.m(R8$$SyntheticClass:0)
07-14 11:28:28.616  2807  5618 W ContentResolver: 	at com.android.providers.calendar.CalendarProvider2.getType(CalendarProvider2.java:1697)
07-14 11:28:28.616  2807  5618 W ContentResolver: 	at android.content.ContentProvider$Transport.getType(ContentProvider.java:332)
07-14 11:28:28.616  2807  5618 W ContentResolver: 	at android.content.ContentProvider$Transport.getTypeAsync(ContentProvider.java:412)
07-14 11:28:28.616  2807  5618 W ContentResolver: 	at android.content.ContentResolver.getType(ContentResolver.java:990)
07-14 11:28:28.616  2807  5618 W ContentResolver: 	at android.content.Intent.resolveType(Intent.java:9368)
07-14 11:28:28.616  2807  5618 W ContentResolver: 	at android.content.Intent.resolveTypeIfNeeded(Intent.java:9393)
07-14 11:28:28.616  2807  5618 W ContentResolver: 	at android.app.PendingIntent.getBroadcastAsUser(PendingIntent.java:762)
07-14 11:28:28.616  2807  5618 W ContentResolver: 	at android.app.PendingIntent.getBroadcast(PendingIntent.java:750)
07-14 11:28:28.616  2807  5618 W ContentResolver: 	at com.android.providers.calendar.CalendarProvider2.sendUpdateNotification(CalendarProvider2.java:4856)
07-14 11:28:28.616  2807  5618 W ContentResolver: 	at com.android.providers.calendar.CalendarProvider2.sendUpdateNotification(CalendarProvider2.java:4829)
07-14 11:28:28.616  2807  5618 W ContentResolver: 	at com.android.providers.calendar.CalendarProvider2.updateInTransactionInner(CalendarProvider2.java:4342)
07-14 11:28:28.616  2807  5618 W ContentResolver: 	at com.android.providers.calendar.CalendarProvider2.updateInTransaction(CalendarProvider2.java:4226)
07-14 11:28:28.616  2807  5618 W ContentResolver: 	at com.android.providers.calendar.SQLiteContentProvider.update(SQLiteContentProvider.java:155)
07-14 11:28:28.616  2807  5618 W ContentResolver: 	at com.android.providers.calendar.CalendarProvider2.update(CalendarProvider2.java:2341)
07-14 11:28:28.616  2807  5618 W ContentResolver: 	at android.content.ContentProvider.update(ContentProvider.java:2118)
07-14 11:28:28.616  2807  5618 W ContentResolver: 	at android.content.ContentProvider$Transport.update(ContentProvider.java:584)
07-14 11:28:28.616  2807  5618 W ContentResolver: 	at android.content.ContentProviderNative.onTransact(ContentProviderNative.java:244)
07-14 11:28:28.616  2807  5618 W ContentResolver: 	at android.os.Binder.execTransactInternal(Binder.java:1323)
07-14 11:28:28.616  2807  5618 W ContentResolver: 	at android.os.Binder.execTransact(Binder.java:1282)
07-14 11:28:28.630  7527  7618 I WM-WorkerWrapper: Worker result SUCCESS for Work [ id=b357caca-6a13-4add-90c2-57177971aecd, tags={ com.franco.agenda.workers.CalendarSyncWorker,CalendarSyncWorker } ]
07-14 11:28:28.636  7527  7527 D WM-Processor: cx b357caca-6a13-4add-90c2-57177971aecd executed; reschedule = false
07-14 11:28:28.636  7527  7527 D WM-SystemJobService: b357caca-6a13-4add-90c2-57177971aecd executed on JobScheduler
07-14 11:28:28.648  7527  7618 D WM-GreedyScheduler: Cancelling work ID b357caca-6a13-4add-90c2-57177971aecd
07-14 11:28:28.653  7527  7618 D WM-SystemJobScheduler: Scheduling work ID b357caca-6a13-4add-90c2-57177971aecdJob ID 29861
07-14 11:28:29.403   966   966 I WifiHAL : Creating message to get link statistics; iface = 47
07-14 11:28:29.511   966  1046 I WifiHAL : Getting cached scan results, iface handle = 0xb4000074db2bc850
07-14 11:28:29.511   966  1046 E WifiHAL : Creating message to get cached scan results
07-14 11:28:29.526   966  1046 I WifiHAL : In GetCachedScanResultsCommand::handleResponse
07-14 11:28:29.526   966  1046 E libbinder.IPCThreadState: binder thread pool (1 threads) starved for 122 ms
07-14 11:28:29.631  5131 28001 I CCalendar$ProviderObserver: S] SyncData.
07-14 11:28:29.632  5131 28001 I CCalendar$EventSynchronizer: S] CacheDB update. 25080502
07-14 11:28:29.633  5131 28001 I CCalendar$EventSynchronizer: CrossProfileCalendar(false, false, 0)
07-14 11:28:29.658  5131 28001 I CCalendar$CalendarModelImpl: PCL : 5 (1,1,1,0,1)
07-14 11:28:29.665  5131 28001 I CCalendar$EventSynchronizer: Local/Cache Calendars : 5/5
07-14 11:28:29.671  5131 28001 I CCalendar$EventCacheModelImpl: Deleted Old events : 0, 0
07-14 11:28:29.673  5131 28001 E ActivityThread: Failed to find provider info for com.sec.android.calendar.preference
07-14 11:28:29.674  5131 28001 E ActivityThread: Failed to find provider info for com.sec.android.calendar.preference
07-14 11:28:29.688  5131 28001 I CCalendar$EventCacheModelImpl: Deleted : 0(0)
07-14 11:28:29.688  5131 28001 I CCalendar$EventCacheModelImpl: Inserted : 0(0)
07-14 11:28:29.688  5131 28001 I CCalendar$SyncInfoModelImpl: [shouldCheckFullEvents] lastFullEventsCheckTime : 1783850203436, diff : 171106252
07-14 11:28:29.689  5131 28001 I CCalendar$EventSynchronizer: lastEventSyncTime[false, false, false] : 1784020525626 (0)
07-14 11:28:29.690  5131 28001 E ActivityThread: Failed to find provider info for com.sec.android.calendar.preference
07-14 11:28:29.691  5131 28001 E ActivityThread: Failed to find provider info for com.sec.android.calendar.preference
07-14 11:28:29.731   930   930 W TracingMuxer: type=1400 audit(0.0:55798): avc:  denied  { write } for  name="traced_producer" dev="tmpfs" ino=1346 scontext=u:r:hal_neuralnetworks_darwinn:s0 tcontext=u:object_r:traced_producer_socket:s0 tclass=sock_file permissive=0
07-14 11:28:29.752  5131 28001 E ActivityThread: Failed to find provider info for com.sec.android.calendar.preference
07-14 11:28:29.753  5131 28001 E ActivityThread: Failed to find provider info for com.sec.android.calendar.preference
07-14 11:28:29.785  5131 28001 I CCalendar$EventModelImpl: Event : All 54, Recur 8
07-14 11:28:29.796  5131 28001 I CCalendar$SQLiteManagerV2: -Reminders : 17
07-14 11:28:29.799  5131 28001 I CCalendar$EventCacheModelImpl: [V2] Deleted : 0(0)
07-14 11:28:29.800  5131 28001 I CCalendar$EventCacheModelImpl: [V2] Inserted : 0(0)
07-14 11:28:29.807  5131 28001 I CCalendar$EventCacheModelImpl: [V2] Save last event sync time : 1784021309632 (0)
07-14 11:28:29.808  5131 28001 I CCalendar$EventSynchronizer: Local/Cache Events : V1 1/1, V2 54/54/54/54
07-14 11:28:29.808  5131 28001 I CCalendar$EventSynchronizer: F] CacheDB update : C(false), E(false), E2(false), took : 176ms
07-14 11:28:29.808  5131 28001 I CCalendar$ProviderObserver: F] SyncData.
07-14 11:28:30.260   514   852 D SurfaceFlinger: setDesiredMode 4619826961705589760 {mode={fps=120.00 Hz, modePtr={id=1, vsyncRate=120.00 Hz, peakRefreshRate=120.00 Hz}}, emitEvent=false, force=false}
07-14 11:28:30.271   514   514 D SurfaceFlinger: initiateModeChange 4619826961705589760 {mode={fps=120.00 Hz, modePtr={id=1, vsyncRate=120.00 Hz, peakRefreshRate=120.00 Hz}}, emitEvent=false, force=false}
07-14 11:28:30.272   517 18568 D hwc-display: setActiveConfigWithConstraints:: PrimaryDisplay config(37) test(0)
07-14 11:28:30.272   517 18568 I hwc-display: [PrimaryDisplay] setActiveConfigWithConstraints: config(37)
07-14 11:28:30.298  1213  1213 D AOC     : A3:MSG: tmd3733_device.cc, 3186: USF: TMD3733: vsync_delay_usec: 4600
07-14 11:28:30.437 25156 10412 I NearbyMediums: Found Fast Ble Advertisements :
07-14 11:28:30.437 25156 10412 I NearbyMediums: BleAdvertisement { version=2, socketVersion=2, isFast=true, serviceIdHash=null, data=[ 0x23 0x4e 0x51 0x30 0x35 0x11 0x16 0xb5 0x88 0xbd 0x1e 0xbe 0x57 0x82 0xe8 0xb5 0x96 0xe3 0x3e 0x97 0x2a 0x32 0x60 ], deviceToken=[ 0x29 0x5f ], rxAdvertisement=null } : 6 times.
07-14 11:28:30.437 25156 10412 I NearbyMediums: Total 6 fast advertisements from 1 unique advertisers.
07-14 11:28:30.438 25156 10412 I NearbyMediums: Current Tracked Scanning Clients are : {NearbyConnections.EnvironmentMonitor, NearbySharing}
07-14 11:28:30.442  1074  1171 D AidlBufferPool: bufferpool2 0xb4000079fd16dbf8 : 5(19200 size) total buffers - 4(15360 size) used buffers - 131107/131117 (recycle/alloc) - 416/262225 (fetch/transfer)
07-14 11:28:30.463   514   852 D SurfaceFlinger: setDesiredMode 4619826961705589760 {mode={fps=60.00 Hz, modePtr={id=0, vsyncRate=60.00 Hz, peakRefreshRate=60.00 Hz}}, emitEvent=false, force=false}
07-14 11:28:30.472   514   514 D SurfaceFlinger: initiateModeChange 4619826961705589760 {mode={fps=60.00 Hz, modePtr={id=0, vsyncRate=60.00 Hz, peakRefreshRate=60.00 Hz}}, emitEvent=false, force=false}
07-14 11:28:30.473   517 18568 D hwc-display: setActiveConfigWithConstraints:: PrimaryDisplay config(36) test(0)
07-14 11:28:30.473   517 18568 I hwc-display: [PrimaryDisplay] setActiveConfigWithConstraints: config(36)
07-14 11:28:30.483  1213  1213 D AOC     : A3:MSG: tmd3733_device.cc, 3186: USF: TMD3733: vsync_delay_usec: 12930
07-14 11:28:31.219  1185  1197 D AidlBufferPool: bufferpool2 0xb400006e7109dc38 : 3(9000 size) total buffers - 1(3000 size) used buffers - 131123/131153 (recycle/alloc) - 62/131151 (fetch/transfer)
07-14 11:28:31.424 17714 17720 I pixel-thermal: VIRTUAL-SKIN-CPU-MID:36.2807 raw data: VIRTUAL-SKIN:36280.7 VIRTUAL-SKIN-CPU-MID:36280.7 
07-14 11:28:31.425 17714 17720 I pixel-thermal: VIRTUAL-SKIN:36.2807 raw data: VIRTUAL-SKIN:36280.7 
07-14 11:28:31.425 17714 17720 I pixel-thermal: VIRTUAL-SKIN-SOC:36.2807 raw data: VIRTUAL-SKIN:36280.7 VIRTUAL-SKIN-SOC:36280.7 
07-14 11:28:31.425 17714 17720 I pixel-thermal: VIRTUAL-SKIN-MODEL: model_input: [34421.00 38962.00 34955.00 37025.00 36758.00 37359.00 39719.00 34666.00 ]
07-14 11:28:31.425 17714 17720 I native  : I0000 00:00:1784021311.425713   17720 thermal_tflite_wrapper.cc:270] ThermalTfliteInvoke
07-14 11:28:31.426 17714 17720 I pixel-thermal: VIRTUAL-SKIN-MODEL: model_output: [36239 ]
07-14 11:28:31.426 17714 17720 I pixel-thermal: VIRTUAL-SKIN-MODEL: predicted_value: [36239 ]
07-14 11:28:31.426 17714 17720 I pixel-thermal: STATS-UPDATOR:0 raw data: STATS-UPDATOR:0 VIRTUAL-SKIN-LEGACY:35882.8 VIRTUAL-SKIN-MODEL:36239 VIRTUAL-SKIN-MODEL-LEGACY-DIFF:374.379 btmspkr_therm:34421 charging_therm:38962 disp_therm:34955 north_therm:37025 quiet_therm:36758 rfpa_therm:37359 soc_therm:39719 usb_pwr_therm:34666 
07-14 11:28:31.427 17714 17720 I pixel-thermal: VIRTUAL-SKIN-CHARGE-WIRED:35.6689 raw data: NO_WLC:1 VIRTUAL-SKIN-CHARGE:35668.9 VIRTUAL-SKIN-CHARGE-SUB-0:35403.3 VIRTUAL-SKIN-CHARGE-SUB-1:35668.9 VIRTUAL-SKIN-CHARGE-SUB-2:35327.4 VIRTUAL-SKIN-CHARGE-SUB-3:34962.4 VIRTUAL-SKIN-CHARGE-WIRED:35668.9 WLC_CHECK:1 btmspkr_therm:34421 charging_therm:38962 disp_therm:34955 north_therm:37025 quiet_therm:36758 rfpa_therm:37359 soc_therm:39719 thb_hda:54 usb_pwr_therm:34666 
07-14 11:28:31.427 17714 17720 I pixel-thermal: VIRTUAL-SKIN-CHARGE-WIRED power_budget=4025.26 err=2.33105 s_power=2527 time_elapsed_ms=7011 p=277.395 i=1302 d=0 dt_per_min=nan compensation=0 budget transient=0 control target=2 excluded power budget=81.1316 (PARTIAL_SYSTEM_POWER: 676.10 mW, cdev_weight: 0.120000) is_emul_throttling_info=0
07-14 11:28:31.427 17714 17720 I pixel-thermal: VIRTUAL-SKIN-CPU-ODPM:36.2807 raw data: VIRTUAL-SKIN:36280.7 VIRTUAL-SKIN-CPU-ODPM:36280.7 
07-14 11:28:31.427 17714 17720 I pixel-thermal: VIRTUAL-SKIN-SPEAKER:35.5715 raw data: VIRTUAL-SKIN-SPEAKER:35571.5 VIRTUAL-SKIN-SPEAKER-SUB-0:35571.5 btmspkr_therm:34421 charging_therm:38962 disp_therm:34955 north_therm:37025 quiet_therm:36758 rfpa_therm:37359 soc_therm:39719 usb_pwr_therm:34666 
07-14 11:28:31.427 17714 17720 I pixel-thermal: VIRTUAL-SKIN-HINT:36.2807 raw data: VIRTUAL-SKIN:36280.7 VIRTUAL-SKIN-HINT:36280.7 
07-14 11:28:31.427 17714 17720 I pixel-thermal: VIRTUAL-SKIN-CPU-HIGH:36.2807 raw data: VIRTUAL-SKIN:36280.7 VIRTUAL-SKIN-CPU-HIGH:36280.7 
07-14 11:28:31.428 17714 17720 I pixel-thermal: VIRTUAL-SKIN-CPU-LIGHT-ODPM:36.2807 raw data: VIRTUAL-SKIN:36280.7 VIRTUAL-SKIN-CPU-LIGHT-ODPM:36280.7 
07-14 11:28:31.428 17714 17720 I pixel-thermal: VIRTUAL-SKIN-GPU:36.2807 raw data: VIRTUAL-SKIN:36280.7 VIRTUAL-SKIN-GPU:36280.7 
07-14 11:28:31.428 17714 17720 I pixel-thermal: cellular-emergency:36.2807 raw data: VIRTUAL-SKIN:36280.7 cellular-emergency:36280.7 
07-14 11:28:31.429 17714 17720 I pixel-thermal: CHARGING-STATS-UPDATOR:0 raw data: CHARGING-STATS-UPDATOR:0 IS_WIRED_15W:1 IS_WIRED_15W_CHECK:2 IS_WIRED_18W:0 IS_WIRED_18W_CHECK:1 IS_WIRED_5W:0 IS_WIRED_5W_CHECK:1 IS_WIRED_7_5W:0 IS_WIRED_7_5W_CHECK:1 IS_WIRED_GT18W:0 IS_WIRED_GT18W_CHECK:1 IS_WIRED_SUB5W:0 IS_WIRED_SUB5W_CHECK:1 IS_WLC:0 NO_WIRED_15W:0 NO_WIRED_18W:1 NO_WIRED_5W:1 NO_WIRED_7_5W:1 NO_WIRED_GT18W:1 NO_WIRED_SUB5W:1 NO_WLC:1 VIRTUAL-SKIN-CHARGE:35668.9 VIRTUAL-SKIN-CHARGE-DURING-WIRED-15W-STATS:35668.9 VIRTUAL-SKIN-CHARGE-DURING-WIRED-18W-STATS:-1e+06 VIRTUAL-SKIN-CHARGE-DURING-WIRED-5W-STATS:-1e+06 VIRTUAL-SKIN-CHARGE-DURING-WIRED-7-5W-STATS:-1e+06 VIRTUAL-SKIN-CHARGE-DURING-WIRED-GT18W-STATS:-1e+06 VIRTUAL-SKIN-CHARGE-DURING-WIRED-SUB5W-STATS:-1e+06 VIRTUAL-SKIN-CHARGE-DURING-WLC-STATS:-1e+06 WLC_CHECK:1 thb_hda:54 
07-14 11:28:31.430 17714 17720 I pixel-thermal: VIRTUAL-SKIN-CHARGE-PERSIST:35.6689 raw data: VIRTUAL-SKIN-CHARGE:35668.9 VIRTUAL-SKIN-CHARGE-PERSIST:35668.9 
07-14 11:28:31.430 17714 17720 I pixel-thermal: VIRTUAL-SKIN-CHARGE-PERSIST power_budget=4759.53 err=5.33105 s_power=2383 time_elapsed_ms=7011 p=1135.51 i=1383 d=0 dt_per_min=nan compensation=0 budget transient=0 control target=2 excluded power budget=141.98 (PARTIAL_SYSTEM_POWER: 676.10 mW, cdev_weight: 0.210000) is_emul_throttling_info=0
07-14 11:28:32.390   502  1893 W android.system.suspend-service: BPF wakelock stats failed, falling back to sysfs: Success
07-14 11:28:32.595   966  1046 I WifiHAL : Creating message to get link statistics; iface = 47
07-14 11:28:32.749   966   966 E libbinder.IPCThreadState: binder thread pool (1 threads) starved for 154 ms
07-14 11:28:32.750   966   966 I WifiHAL : Getting cached scan results, iface handle = 0xb4000074db2bc850
07-14 11:28:32.750   966   966 E WifiHAL : Creating message to get cached scan results
07-14 11:28:32.763   966   966 I WifiHAL : In GetCachedScanResultsCommand::handleResponse
07-14 11:28:33.101 11124 11174 I ctuh    : connectToGlassesApi before mutex
07-14 11:28:33.101 11124 11174 I ctuh    : connectToGlassesApi mutex acquired
07-14 11:28:33.102 11124 11174 D ApiFactory: returning GlassesApi
07-14 11:28:33.103 11124 11174 E GlassesApi: Unable to load GlassesApi implementation.
07-14 11:28:33.103 11124 11174 E GlassesApi: com.google.android.glasses.sdk.ApiFactory$ClassLoadException: java.lang.ClassNotFoundException: GlassesCore is a stub.
07-14 11:28:33.103 11124 11174 E GlassesApi: 	at com.google.android.glasses.sdk.ApiFactory.getObjectByApiMethodName(PG:41)
07-14 11:28:33.103 11124 11174 E GlassesApi: 	at com.google.android.glasses.sdk.ApiFactory.getGlassesApi(PG:16)
07-14 11:28:33.103 11124 11174 E GlassesApi: 	at com.google.android.glasses.sdk.GlassesApi$-CC.create(PG:4)
07-14 11:28:33.103 11124 11174 E GlassesApi: 	at ctuh.e(PG:161)
07-14 11:28:33.103 11124 11174 E GlassesApi: 	at ctug.invokeSuspend(PG:29)
07-14 11:28:33.103 11124 11174 E GlassesApi: 	at ctug.a(PG:14)
07-14 11:28:33.103 11124 11174 E GlassesApi: 	at cttz.invokeSuspend(PG:42)
07-14 11:28:33.103 11124 11174 E GlassesApi: 	at cttz.invoke(PG:13)
07-14 11:28:33.103 11124 11174 E GlassesApi: 	at gmgb.g(PG:3)
07-14 11:28:33.103 11124 11174 E GlassesApi: 	at gmfx.b(PG:57)
07-14 11:28:33.103 11124 11174 E GlassesApi: 	at gmku.invokeSuspend(PG:24)
07-14 11:28:33.103 11124 11174 E GlassesApi: 	at glrr.resumeWith(PG:11)
07-14 11:28:33.103 11124 11174 E GlassesApi: 	at gmbj.run(PG:115)
07-14 11:28:33.103 11124 11174 E GlassesApi: 	at fgyh.run(PG:3)
07-14 11:28:33.103 11124 11174 E GlassesApi: 	at fimw.run(PG:17)
07-14 11:28:33.103 11124 11174 E GlassesApi: 	at dhnp.run(PG:5)
07-14 11:28:33.103 11124 11174 E GlassesApi: 	at fsdk.run(PG:46)
07-14 11:28:33.103 11124 11174 E GlassesApi: 	at dhnb.run(PG:81)
07-14 11:28:33.103 11124 11174 E GlassesApi: 	at java.lang.Thread.run(Thread.java:1569)
07-14 11:28:33.103 11124 11174 E GlassesApi: 	at dhoq.run(PG:62)
07-14 11:28:33.103 11124 11174 E GlassesApi: Caused by: java.lang.ClassNotFoundException: GlassesCore is a stub.
07-14 11:28:33.103 11124 11174 E GlassesApi: 	at com.google.android.glasses.sdk.ApiFactory.getApiFactoryClass(PG:45)
07-14 11:28:33.103 11124 11174 E GlassesApi: 	at com.google.android.glasses.sdk.ApiFactory.getObjectByApiMethodName(PG:1)
07-14 11:28:33.103 11124 11174 E GlassesApi: 	... 19 more
07-14 11:28:33.104 11124 11174 W ctuh    : Failed to connect to GlassesApi
07-14 11:28:33.104 11124 11174 W ctuh    : java.lang.IllegalStateException: Failed to create GlassesApi
07-14 11:28:33.104 11124 11174 W ctuh    : 	at ctuh.e(PG:287)
07-14 11:28:33.104 11124 11174 W ctuh    : 	at ctug.invokeSuspend(PG:29)
07-14 11:28:33.104 11124 11174 W ctuh    : 	at ctug.a(PG:14)
07-14 11:28:33.104 11124 11174 W ctuh    : 	at cttz.invokeSuspend(PG:42)
07-14 11:28:33.104 11124 11174 W ctuh    : 	at cttz.invoke(PG:13)
07-14 11:28:33.104 11124 11174 W ctuh    : 	at gmgb.g(PG:3)
07-14 11:28:33.104 11124 11174 W ctuh    : 	at gmfx.b(PG:57)
07-14 11:28:33.104 11124 11174 W ctuh    : 	at gmku.invokeSuspend(PG:24)
07-14 11:28:33.104 11124 11174 W ctuh    : 	at glrr.resumeWith(PG:11)
07-14 11:28:33.104 11124 11174 W ctuh    : 	at gmbj.run(PG:115)
07-14 11:28:33.104 11124 11174 W ctuh    : 	at fgyh.run(PG:3)
07-14 11:28:33.104 11124 11174 W ctuh    : 	at fimw.run(PG:17)
07-14 11:28:33.104 11124 11174 W ctuh    : 	at dhnp.run(PG:5)
07-14 11:28:33.104 11124 11174 W ctuh    : 	at fsdk.run(PG:46)
07-14 11:28:33.104 11124 11174 W ctuh    : 	at dhnb.run(PG:81)
07-14 11:28:33.104 11124 11174 W ctuh    : 	at java.lang.Thread.run(Thread.java:1569)
07-14 11:28:33.104 11124 11174 W ctuh    : 	at dhoq.run(PG:62)
07-14 11:28:33.105 11124 11144 I aduz    : Settings API module disconnected
07-14 11:28:33.105 11124 11144 I aduz    : Wear detection disabled, using connection status
07-14 11:28:33.105 11124 11175 I ctuh    : delay retry by 5 second(s)
07-14 11:28:33.633   967 17862 D AudioFlinger: onStateChanged: pid:20381  uid:10449  state:unfrozen - no freeze activity
07-14 11:28:33.665  1402  1587 D ActivityManager: sync unfroze 20381 com.lidl.eci.lidlplus for 3
07-14 11:28:33.662 20381 20381 I Choreographer: Skipped 8694 frames!  The application may be doing too much work on its main thread.
07-14 11:28:33.673  1402  1587 D ActivityManager: sync unfroze 20468 com.brave.browser for 3
07-14 11:28:33.692  1402  2131 D InetDiagMessage: Destroyed 0 sockets, proto=IPPROTO_TCP, family=AF_INET, states=14
07-14 11:28:33.699  1402  2131 D InetDiagMessage: Destroyed 0 sockets, proto=IPPROTO_TCP, family=AF_INET6, states=14
07-14 11:28:33.699  1402  2131 D InetDiagMessage: Destroyed live tcp sockets for uids={10361} in 32ms
07-14 11:28:33.713  1402  2131 D InetDiagMessage: Destroyed 0 sockets, proto=IPPROTO_TCP, family=AF_INET, states=14
07-14 11:28:33.717  1402  2131 D InetDiagMessage: Destroyed 0 sockets, proto=IPPROTO_TCP, family=AF_INET6, states=14
07-14 11:28:33.717  1402  2131 D InetDiagMessage: Destroyed live tcp sockets for uids={20361} in 6ms
07-14 11:28:33.719 20381 20479 I hyg     : Received a collection of 2 metrics for export.
07-14 11:28:33.719 20381 20479 I hyg     : metric: {0}
07-14 11:28:33.719 20381 20479 I hyg     : metric: {0}
07-14 11:28:33.735  4253  4253 I CalSyncReceiver: onReceive: Intent { act=android.intent.action.PROVIDER_CHANGED dat=content://com.android.calendar/... flg=0x21000010 xflg=0x4 }. Refreshing data caused by action: android.intent.action.PROVIDER_CHANGED
07-14 11:28:33.748  5131  5131 I CCalendar$CalendarProviderReceiver: onReceived : android.intent.action.PROVIDER_CHANGED
07-14 11:28:33.749  5131 28001 I CCalendar$CalendarIntentHandler: Handle intent : android.intent.action.PROVIDER_CHANGED
07-14 11:28:33.749  5131 28001 I CCalendar$EventSynchronizer: S] CacheDB update. 25080502
07-14 11:28:33.749  5131 28001 I CCalendar$EventSynchronizer: CrossProfileCalendar(false, false, 0)
07-14 11:28:33.755  1402  1501 W JobInfo : Job 'com.lidl.eci.lidlplus/com.salesforce.marketingcloud.MCService#3000' has a deadline with no functional constraints. The deadline won't improve job execution latency. Consider removing the deadline.
07-14 11:28:33.763  5131 28001 I CCalendar$CalendarModelImpl: PCL : 5 (1,1,1,0,1)
07-14 11:28:33.763  5131 28001 I CCalendar$EventSynchronizer: Local/Cache Calendars : 5/5
07-14 11:28:33.764  5131 28001 I CCalendar$EventCacheModelImpl: Deleted Old events : 0, 0
07-14 11:28:33.768  1402  1587 D ActivityManager: sync unfroze 6722 com.google.android.calendar for 3
07-14 11:28:33.772  4253 28168 W CursorToDataMap: Expected INTEGER for column eventColor but got 0
07-14 11:28:33.778  5131 28001 E ActivityThread: Failed to find provider info for com.sec.android.calendar.preference
07-14 11:28:33.779  5131 28001 E ActivityThread: Failed to find provider info for com.sec.android.calendar.preference
07-14 11:28:33.787  5131 28001 I CCalendar$EventCacheModelImpl: Deleted : 0(0)
07-14 11:28:33.787  5131 28001 I CCalendar$EventCacheModelImpl: Inserted : 0(0)
07-14 11:28:33.788  5131 28001 I CCalendar$SyncInfoModelImpl: [shouldCheckFullEvents] lastFullEventsCheckTime : 1783850203436, diff : 171110352
07-14 11:28:33.788  5131 28001 I CCalendar$EventSynchronizer: lastEventSyncTime[false, false, false] : 1784021279632 (0)
07-14 11:28:33.789  5131 28001 E ActivityThread: Failed to find provider info for com.sec.android.calendar.preference
07-14 11:28:33.789  5131 28001 E ActivityThread: Failed to find provider info for com.sec.android.calendar.preference
07-14 11:28:33.793  6722  7455 V NativeCrypto: SSL shutdown failed: ssl=0xb400007251d512d8: I/O error during system call, Software caused connection abort
07-14 11:28:33.798  1402  1501 D ConnectivityService: Returning UNBLOCKED NetworkInfo to uid=10211
07-14 11:28:33.821  5131 28001 E ActivityThread: Failed to find provider info for com.sec.android.calendar.preference
07-14 11:28:33.823  5131 28001 E ActivityThread: Failed to find provider info for com.sec.android.calendar.preference
07-14 11:28:33.845  5131 28001 I CCalendar$EventModelImpl: Event : All 54, Recur 8
07-14 11:28:33.848  5131 28001 I CCalendar$SQLiteManagerV2: -Reminders : 17
07-14 11:28:33.850  5131 28001 I CCalendar$EventCacheModelImpl: [V2] Deleted : 0(0)
07-14 11:28:33.850  5131 28001 I CCalendar$EventCacheModelImpl: [V2] Inserted : 0(0)
07-14 11:28:33.856  5131 28001 I CCalendar$EventCacheModelImpl: [V2] Save last event sync time : 1784021313749 (0)
07-14 11:28:33.856  5131 28001 I CCalendar$EventSynchronizer: Local/Cache Events : V1 1/1, V2 54/54/54/54
07-14 11:28:33.856  5131 28001 I CCalendar$EventSynchronizer: F] CacheDB update : C(false), E(false), E2(false), took : 107ms
07-14 11:28:33.859  5131 28001 E ActivityThread: Failed to find provider info for com.samsung.android.holidays
07-14 11:28:33.859  5131 28001 I CCalendar$HolidaySynchronizer: Holiday : 2026/0
07-14 11:28:33.860  5131 28001 I CCalendar$SyncInfoModelImpl: [getLastHolidaySyncTime] lastHolidaySyncTime : 1783852572919, diff : 168740941
07-14 11:28:33.860  5131 28001 I CCalendar$HolidaySynchronizer: No Holiday Data changed.
07-14 11:28:33.861  5131 28001 I CCalendar$HolidaySyncStateModelImpl: Holiday sync Completed : 1
07-14 11:28:34.003  1402  3019 W ActivityManager: Receiver with filter android.content.IntentFilter@e4d4781 already registered for pid 7527, callerPackage is com.franco.agenda
07-14 11:28:34.070  7527  7747 W Looper  : Drained
07-14 11:28:34.078  7527 10632 E RemoteViews: Possibly notifying updates for nonexistent view Id
07-14 11:28:34.218  7527 10632 E RemoteViews: Possibly notifying updates for nonexistent view Id
07-14 11:28:34.266   514   852 D SurfaceFlinger: setDesiredMode 4619826961705589760 {mode={fps=120.00 Hz, modePtr={id=1, vsyncRate=120.00 Hz, peakRefreshRate=120.00 Hz}}, emitEvent=false, force=false}
07-14 11:28:34.275   514   514 D SurfaceFlinger: initiateModeChange 4619826961705589760 {mode={fps=120.00 Hz, modePtr={id=1, vsyncRate=120.00 Hz, peakRefreshRate=120.00 Hz}}, emitEvent=false, force=false}
07-14 11:28:34.276   517 18568 D hwc-display: setActiveConfigWithConstraints:: PrimaryDisplay config(37) test(0)
07-14 11:28:34.276   517 18568 I hwc-display: [PrimaryDisplay] setActiveConfigWithConstraints: config(37)
07-14 11:28:34.300  1213  1213 D AOC     : A3:MSG: tmd3733_device.cc, 3186: USF: TMD3733: vsync_delay_usec: 4600
07-14 11:28:34.459 17714 17720 I pixel-thermal: BG-TASKS-THROTTLING-HINT:0 raw data: BATTERY-CAPACITY-LEVEL:2 BG-TASKS-THROTTLING-EXP-PROPERTY:0 BG-TASKS-THROTTLING-HINT:0 BG_TASKS_THROTTLING_COUNT:1 BG_TASKS_THROTTLING_LEVEL:3 IS_BG_TASKS_THROTTLING_ACTIVE:0 IS_CHARGING:1 thb_hda:54 
07-14 11:28:34.468   514   852 D SurfaceFlinger: setDesiredMode 4619826961705589760 {mode={fps=60.00 Hz, modePtr={id=0, vsyncRate=60.00 Hz, peakRefreshRate=60.00 Hz}}, emitEvent=false, force=false}
07-14 11:28:34.481   514   514 D SurfaceFlinger: initiateModeChange 4619826961705589760 {mode={fps=60.00 Hz, modePtr={id=0, vsyncRate=60.00 Hz, peakRefreshRate=60.00 Hz}}, emitEvent=false, force=false}
07-14 11:28:34.482   517 18568 D hwc-display: setActiveConfigWithConstraints:: PrimaryDisplay config(36) test(0)
07-14 11:28:34.482   517 18568 I hwc-display: [PrimaryDisplay] setActiveConfigWithConstraints: config(36)
07-14 11:28:34.491  1213  1213 D AOC     : A3:MSG: tmd3733_device.cc, 3186: USF: TMD3733: vsync_delay_usec: 12930
07-14 11:28:35.482  1074  1171 D AidlBufferPool: bufferpool2 0xb4000079fd16dbf8 : 5(19200 size) total buffers - 4(15360 size) used buffers - 131359/131369 (recycle/alloc) - 416/262729 (fetch/transfer)
07-14 11:28:35.822   966   966 I WifiHAL : Creating message to get link statistics; iface = 47
07-14 11:28:35.934   966  1046 I WifiHAL : Getting cached scan results, iface handle = 0xb4000074db2bc850
07-14 11:28:35.934   966  1046 E WifiHAL : Creating message to get cached scan results
07-14 11:28:35.947   966  1046 I WifiHAL : In GetCachedScanResultsCommand::handleResponse
07-14 11:28:35.950   966  1046 E libbinder.IPCThreadState: binder thread pool (1 threads) starved for 128 ms
07-14 11:28:36.085 17714 17714 I pixel-thermal: VIRTUAL-SKIN:36.254 raw data: VIRTUAL-SKIN:36254 
07-14 11:28:36.086  2432  2659 D ImpulseStateSource: Notify clients: 7049
07-14 11:28:36.098  1402  2027 D ActivityManager: freezing 6230 com.google.android.apps.turbo
07-14 11:28:36.109  1402  2131 D InetDiagMessage: Destroyed 0 sockets, proto=IPPROTO_TCP, family=AF_INET, states=14
07-14 11:28:36.112  1402  2131 D InetDiagMessage: Destroyed 0 sockets, proto=IPPROTO_TCP, family=AF_INET6, states=14
07-14 11:28:36.112  1402  2131 D InetDiagMessage: Destroyed live tcp sockets for uids={10129} in 7ms
07-14 11:28:36.261  1185  1197 D AidlBufferPool: bufferpool2 0xb400006e7109dc38 : 3(9000 size) total buffers - 1(3000 size) used buffers - 131375/131405 (recycle/alloc) - 62/131403 (fetch/transfer)
07-14 11:28:36.306   966  1046 I WifiHAL : Creating message to get link statistics; iface = 47
07-14 11:28:36.420   966   966 I WifiHAL : Getting cached scan results, iface handle = 0xb4000074db2bc850
07-14 11:28:36.420   966   966 E WifiHAL : Creating message to get cached scan results
07-14 11:28:36.433   966   966 I WifiHAL : In GetCachedScanResultsCommand::handleResponse
07-14 11:28:36.433   966   966 E libbinder.IPCThreadState: binder thread pool (1 threads) starved for 127 ms
07-14 11:28:36.449  1402  1603 D KernelCpuUidUserSysTimeReader: Removing uids 10387-10387
07-14 11:28:36.450  1402  1603 D KernelCpuUidUserSysTimeReader: Removing uids 10388-10388
07-14 11:28:36.451  1402  1603 D KernelCpuUidUserSysTimeReader: Removing uids 99027-99027
07-14 11:28:36.451  1402  1603 D KernelCpuUidUserSysTimeReader: Removing uids 99031-99031
07-14 11:28:37.390   502  1893 W android.system.suspend-service: BPF wakelock stats failed, falling back to sysfs: Success
07-14 11:28:38.107 11124 11144 I ctuh    : connectToGlassesApi before mutex
07-14 11:28:38.107 11124 11144 I ctuh    : connectToGlassesApi mutex acquired
07-14 11:28:38.107 11124 11144 D ApiFactory: returning GlassesApi
07-14 11:28:38.109 11124 11144 E GlassesApi: Unable to load GlassesApi implementation.
07-14 11:28:38.109 11124 11144 E GlassesApi: com.google.android.glasses.sdk.ApiFactory$ClassLoadException: java.lang.ClassNotFoundException: GlassesCore is a stub.
07-14 11:28:38.109 11124 11144 E GlassesApi: 	at com.google.android.glasses.sdk.ApiFactory.getObjectByApiMethodName(PG:41)
07-14 11:28:38.109 11124 11144 E GlassesApi: 	at com.google.android.glasses.sdk.ApiFactory.getGlassesApi(PG:16)
07-14 11:28:38.109 11124 11144 E GlassesApi: 	at com.google.android.glasses.sdk.GlassesApi$-CC.create(PG:4)
07-14 11:28:38.109 11124 11144 E GlassesApi: 	at ctuh.e(PG:161)
07-14 11:28:38.109 11124 11144 E GlassesApi: 	at ctug.invokeSuspend(PG:29)
07-14 11:28:38.109 11124 11144 E GlassesApi: 	at ctug.a(PG:14)
07-14 11:28:38.109 11124 11144 E GlassesApi: 	at cttz.invokeSuspend(PG:42)
07-14 11:28:38.109 11124 11144 E GlassesApi: 	at cttz.invoke(PG:13)
07-14 11:28:38.109 11124 11144 E GlassesApi: 	at gmgb.g(PG:3)
07-14 11:28:38.109 11124 11144 E GlassesApi: 	at gmfx.b(PG:57)
07-14 11:28:38.109 11124 11144 E GlassesApi: 	at gmku.invokeSuspend(PG:24)
07-14 11:28:38.109 11124 11144 E GlassesApi: 	at glrr.resumeWith(PG:11)
07-14 11:28:38.109 11124 11144 E GlassesApi: 	at gmbj.run(PG:115)
07-14 11:28:38.109 11124 11144 E GlassesApi: 	at fgyh.run(PG:3)
07-14 11:28:38.109 11124 11144 E GlassesApi: 	at fimw.run(PG:17)
07-14 11:28:38.109 11124 11144 E GlassesApi: 	at dhnp.run(PG:5)
07-14 11:28:38.109 11124 11144 E GlassesApi: 	at fsdk.run(PG:46)
07-14 11:28:38.109 11124 11144 E GlassesApi: 	at dhnb.run(PG:81)
07-14 11:28:38.109 11124 11144 E GlassesApi: 	at java.lang.Thread.run(Thread.java:1569)
07-14 11:28:38.109 11124 11144 E GlassesApi: 	at dhoq.run(PG:62)
07-14 11:28:38.109 11124 11144 E GlassesApi: Caused by: java.lang.ClassNotFoundException: GlassesCore is a stub.
07-14 11:28:38.109 11124 11144 E GlassesApi: 	at com.google.android.glasses.sdk.ApiFactory.getApiFactoryClass(PG:45)
07-14 11:28:38.109 11124 11144 E GlassesApi: 	at com.google.android.glasses.sdk.ApiFactory.getObjectByApiMethodName(PG:1)
07-14 11:28:38.109 11124 11144 E GlassesApi: 	... 19 more
07-14 11:28:38.109 11124 11144 W ctuh    : Failed to connect to GlassesApi
07-14 11:28:38.109 11124 11144 W ctuh    : java.lang.IllegalStateException: Failed to create GlassesApi
07-14 11:28:38.109 11124 11144 W ctuh    : 	at ctuh.e(PG:287)
07-14 11:28:38.109 11124 11144 W ctuh    : 	at ctug.invokeSuspend(PG:29)
07-14 11:28:38.109 11124 11144 W ctuh    : 	at ctug.a(PG:14)
07-14 11:28:38.109 11124 11144 W ctuh    : 	at cttz.invokeSuspend(PG:42)
07-14 11:28:38.109 11124 11144 W ctuh    : 	at cttz.invoke(PG:13)
07-14 11:28:38.109 11124 11144 W ctuh    : 	at gmgb.g(PG:3)
07-14 11:28:38.109 11124 11144 W ctuh    : 	at gmfx.b(PG:57)
07-14 11:28:38.109 11124 11144 W ctuh    : 	at gmku.invokeSuspend(PG:24)
07-14 11:28:38.109 11124 11144 W ctuh    : 	at glrr.resumeWith(PG:11)
07-14 11:28:38.109 11124 11144 W ctuh    : 	at gmbj.run(PG:115)
07-14 11:28:38.109 11124 11144 W ctuh    : 	at fgyh.run(PG:3)
07-14 11:28:38.109 11124 11144 W ctuh    : 	at fimw.run(PG:17)
07-14 11:28:38.109 11124 11144 W ctuh    : 	at dhnp.run(PG:5)
07-14 11:28:38.109 11124 11144 W ctuh    : 	at fsdk.run(PG:46)
07-14 11:28:38.109 11124 11144 W ctuh    : 	at dhnb.run(PG:81)
07-14 11:28:38.109 11124 11144 W ctuh    : 	at java.lang.Thread.run(Thread.java:1569)
07-14 11:28:38.109 11124 11144 W ctuh    : 	at dhoq.run(PG:62)
07-14 11:28:38.110 11124 11144 I aduz    : Settings API module disconnected
07-14 11:28:38.110 11124 11144 I aduz    : Wear detection disabled, using connection status
07-14 11:28:38.111 11124 11175 I ctuh    : delay retry by 5 second(s)
07-14 11:28:38.186  1398  1411 I mitigation-module: AUDIO_MITIGATION: mitigate event filtered
07-14 11:28:38.190  2248  2248 D DLObserver: onReceive(); android.intent.action.BATTERY_CHANGED
07-14 11:28:38.190  2248  2248 D DLObserver: plugged=2
07-14 11:28:38.191  2248  2248 D SystemEventDataSource: onReceive: android.intent.action.BATTERY_CHANGED
07-14 11:28:38.192  2248  2248 I ReverseChargingControl: handleIntentForReverseCharging(): rtx=0 wlc=0 plgac=0 ac=0 acrtx=0 extra=2 this=com.google.android.systemui.reversecharging.ReverseChargingController@8a4bf5a
07-14 11:28:38.192  2248  2248 D PowerNotificationWarningsGoogleImpl: LotXReceiver onReceive: android.intent.action.BATTERY_CHANGED
07-14 11:28:38.192  2248  2248 D ChargeLimitDiscoveryNotification: isPluggedIn = true
07-14 11:28:38.192  2248  2248 D PowerNotificationWarningsGoogleImpl: onReceive: android.intent.action.BATTERY_CHANGED
07-14 11:28:38.192  2248  2248 D PulsarController: dispatchIntent: android.intent.action.BATTERY_CHANGED
07-14 11:28:38.193  2248  2248 D IncompatibleChargerNotification: dispatchIntent: android.intent.action.BATTERY_CHANGED
07-14 11:28:38.193  2248  3504 D PowerUI : can't show warning due to - plugged: true status unknown: false
07-14 11:28:38.199  2248  2336 D GoogleBatteryDataSource: fetchDwellDefendStatus: CONNECTED
07-14 11:28:38.201  2248  2336 D GoogleBatteryDataSource: fetchTempDefendStatus: t_sum=95485, time_sum=269 t_avg=354 lst_v=4471406 lst_t=345 lst_u=99889, dt=1, t=0 e=1
07-14 11:28:38.201  2248  2336 D SystemEventDataSource: updatedEventData: SystemEventData(intentAction=android.intent.action.BATTERY_CHANGED, plugged=EventData(value=2), batteryScale=EventData(value=100), batteryLevel=EventData(value=99), chargingStatus=EventData(value=1), maxChargingCurrent=EventData(value=3000000), maxChargingVoltage=EventData(value=5000000), batteryStatus=EventData(value=2), halEventData=HalEventData(dockDefendStatus=EventData(value=-3), tempDefendEventData=EventData(value=false), dwellDefendEventData=EventData(value=false)), settingsEventData=SettingsEventData(dockDefenderBypass=EventData(value=0), chargingLimitSettings=EventData(value=0), dndState=EventData(value=false), airplaneState=EventData(value=false)), frameworkApiEventData=FrameworkApiEventData(batterySaverState=EventData(value=false), extremeBatterySaverState=EventData(value=false)))
07-14 11:28:38.202  2248  2336 D SystemEventDataSource: extra doesn't changed, no need to onEventSourceUpdate
07-14 11:28:38.268   514   852 D SurfaceFlinger: setDesiredMode 4619826961705589760 {mode={fps=120.00 Hz, modePtr={id=1, vsyncRate=120.00 Hz, peakRefreshRate=120.00 Hz}}, emitEvent=false, force=false}
07-14 11:28:38.282   514   514 D SurfaceFlinger: initiateModeChange 4619826961705589760 {mode={fps=120.00 Hz, modePtr={id=1, vsyncRate=120.00 Hz, peakRefreshRate=120.00 Hz}}, emitEvent=false, force=false}
07-14 11:28:38.283   517 18568 D hwc-display: setActiveConfigWithConstraints:: PrimaryDisplay config(37) test(0)
07-14 11:28:38.283   517 18568 I hwc-display: [PrimaryDisplay] setActiveConfigWithConstraints: config(37)
07-14 11:28:38.308  1213  1213 D AOC     : A3:MSG: tmd3733_device.cc, 3186: USF: TMD3733: vsync_delay_usec: 4600
07-14 11:28:38.439 17714 17720 I pixel-thermal: VIRTUAL-SKIN-CPU-MID:36.248 raw data: VIRTUAL-SKIN:36248 VIRTUAL-SKIN-CPU-MID:36248 
07-14 11:28:38.439 17714 17720 I pixel-thermal: VIRTUAL-SKIN:36.248 raw data: VIRTUAL-SKIN:36248 
07-14 11:28:38.439 17714 17720 I pixel-thermal: VIRTUAL-SKIN-SOC:36.248 raw data: VIRTUAL-SKIN:36248 VIRTUAL-SKIN-SOC:36248 
07-14 11:28:38.440 17714 17720 I pixel-thermal: VIRTUAL-SKIN-MODEL: model_input: [34421.00 38828.00 34955.00 37003.00 36736.00 37315.00 39496.00 34666.00 ]
07-14 11:28:38.440 17714 17720 I native  : I0000 00:00:1784021318.440203   17720 thermal_tflite_wrapper.cc:270] ThermalTfliteInvoke
07-14 11:28:38.440 17714 17720 I pixel-thermal: VIRTUAL-SKIN-MODEL: model_output: [36222.2 ]
07-14 11:28:38.440 17714 17720 I pixel-thermal: VIRTUAL-SKIN-MODEL: predicted_value: [36222.2 ]
07-14 11:28:38.440 17714 17720 I pixel-thermal: STATS-UPDATOR:0 raw data: STATS-UPDATOR:0 VIRTUAL-SKIN-LEGACY:35822.5 VIRTUAL-SKIN-MODEL:36222.2 VIRTUAL-SKIN-MODEL-LEGACY-DIFF:416.562 btmspkr_therm:34421 charging_therm:38828 disp_therm:34955 north_therm:37003 quiet_therm:36736 rfpa_therm:37315 soc_therm:39496 usb_pwr_therm:34666 
07-14 11:28:38.441 17714 17720 I pixel-thermal: VIRTUAL-SKIN-CHARGE-WIRED:35.6075 raw data: NO_WLC:1 VIRTUAL-SKIN-CHARGE:35607.5 VIRTUAL-SKIN-CHARGE-SUB-0:35353.5 VIRTUAL-SKIN-CHARGE-SUB-1:35607.5 VIRTUAL-SKIN-CHARGE-SUB-2:35303.5 VIRTUAL-SKIN-CHARGE-SUB-3:34898.5 VIRTUAL-SKIN-CHARGE-WIRED:35607.5 WLC_CHECK:1 btmspkr_therm:34421 charging_therm:38828 disp_therm:34955 north_therm:37003 quiet_therm:36736 rfpa_therm:37315 soc_therm:39496 thb_hda:54 usb_pwr_therm:34666 
07-14 11:28:38.441 17714 17720 I pixel-thermal: VIRTUAL-SKIN-CHARGE-WIRED power_budget=4031.75 err=2.39252 s_power=2527 time_elapsed_ms=7015 p=284.71 i=1302 d=0 dt_per_min=nan compensation=0 budget transient=0 control target=2 excluded power budget=81.9593 (PARTIAL_SYSTEM_POWER: 682.99 mW, cdev_weight: 0.120000) is_emul_throttling_info=0
07-14 11:28:38.441 17714 17720 I pixel-thermal: VIRTUAL-SKIN-CPU-ODPM:36.248 raw data: VIRTUAL-SKIN:36248 VIRTUAL-SKIN-CPU-ODPM:36248 
07-14 11:28:38.442 17714 17720 I pixel-thermal: VIRTUAL-SKIN-SPEAKER:35.5293 raw data: VIRTUAL-SKIN-SPEAKER:35529.3 VIRTUAL-SKIN-SPEAKER-SUB-0:35529.3 btmspkr_therm:34421 charging_therm:38828 disp_therm:34955 north_therm:37003 quiet_therm:36736 rfpa_therm:37315 soc_therm:39496 usb_pwr_therm:34666 
07-14 11:28:38.442 17714 17720 I pixel-thermal: VIRTUAL-SKIN-HINT:36.248 raw data: VIRTUAL-SKIN:36248 VIRTUAL-SKIN-HINT:36248 
07-14 11:28:38.442 17714 17720 I pixel-thermal: VIRTUAL-SKIN-CPU-HIGH:36.248 raw data: VIRTUAL-SKIN:36248 VIRTUAL-SKIN-CPU-HIGH:36248 
07-14 11:28:38.442 17714 17720 I pixel-thermal: VIRTUAL-SKIN-CPU-LIGHT-ODPM:36.248 raw data: VIRTUAL-SKIN:36248 VIRTUAL-SKIN-CPU-LIGHT-ODPM:36248 
07-14 11:28:38.442 17714 17720 I pixel-thermal: VIRTUAL-SKIN-GPU:36.248 raw data: VIRTUAL-SKIN:36248 VIRTUAL-SKIN-GPU:36248 
07-14 11:28:38.442 17714 17720 I pixel-thermal: cellular-emergency:36.248 raw data: VIRTUAL-SKIN:36248 cellular-emergency:36248 
07-14 11:28:38.443 17714 17720 I pixel-thermal: CHARGING-STATS-UPDATOR:0 raw data: CHARGING-STATS-UPDATOR:0 IS_WIRED_15W:1 IS_WIRED_15W_CHECK:2 IS_WIRED_18W:0 IS_WIRED_18W_CHECK:1 IS_WIRED_5W:0 IS_WIRED_5W_CHECK:1 IS_WIRED_7_5W:0 IS_WIRED_7_5W_CHECK:1 IS_WIRED_GT18W:0 IS_WIRED_GT18W_CHECK:1 IS_WIRED_SUB5W:0 IS_WIRED_SUB5W_CHECK:1 IS_WLC:0 NO_WIRED_15W:0 NO_WIRED_18W:1 NO_WIRED_5W:1 NO_WIRED_7_5W:1 NO_WIRED_GT18W:1 NO_WIRED_SUB5W:1 NO_WLC:1 VIRTUAL-SKIN-CHARGE:35607.5 VIRTUAL-SKIN-CHARGE-DURING-WIRED-15W-STATS:35607.5 VIRTUAL-SKIN-CHARGE-DURING-WIRED-18W-STATS:-1e+06 VIRTUAL-SKIN-CHARGE-DURING-WIRED-5W-STATS:-1e+06 VIRTUAL-SKIN-CHARGE-DURING-WIRED-7-5W-STATS:-1e+06 VIRTUAL-SKIN-CHARGE-DURING-WIRED-GT18W-STATS:-1e+06 VIRTUAL-SKIN-CHARGE-DURING-WIRED-SUB5W-STATS:-1e+06 VIRTUAL-SKIN-CHARGE-DURING-WLC-STATS:-1e+06 WLC_CHECK:1 thb_hda:54 
07-14 11:28:38.443 17714 17720 I pixel-thermal: VIRTUAL-SKIN-CHARGE-PERSIST:35.6075 raw data: VIRTUAL-SKIN-CHARGE:35607.5 VIRTUAL-SKIN-CHARGE-PERSIST:35607.5 
07-14 11:28:38.443 17714 17720 I pixel-thermal: VIRTUAL-SKIN-CHARGE-PERSIST power_budget=4771.18 err=5.39252 s_power=2383 time_elapsed_ms=7015 p=1148.61 i=1383 d=0 dt_per_min=nan compensation=0 budget transient=0 control target=2 excluded power budget=143.429 (PARTIAL_SYSTEM_POWER: 682.99 mW, cdev_weight: 0.210000) is_emul_throttling_info=0
07-14 11:28:38.447  1206  1206 W TracingMuxer: type=1400 audit(0.0:55799): avc:  denied  { write } for  name="traced_producer" dev="tmpfs" ino=1346 scontext=u:r:gxp_logging:s0 tcontext=u:object_r:traced_producer_socket:s0 tclass=sock_file permissive=0
07-14 11:28:38.470   514   852 D SurfaceFlinger: setDesiredMode 4619826961705589760 {mode={fps=60.00 Hz, modePtr={id=0, vsyncRate=60.00 Hz, peakRefreshRate=60.00 Hz}}, emitEvent=false, force=false}
07-14 11:28:38.474   514   514 D SurfaceFlinger: initiateModeChange 4619826961705589760 {mode={fps=60.00 Hz, modePtr={id=0, vsyncRate=60.00 Hz, peakRefreshRate=60.00 Hz}}, emitEvent=false, force=false}
07-14 11:28:38.475   517 18568 D hwc-display: setActiveConfigWithConstraints:: PrimaryDisplay config(36) test(0)
07-14 11:28:38.476   517 18568 I hwc-display: [PrimaryDisplay] setActiveConfigWithConstraints: config(36)
07-14 11:28:38.488  1213  1213 D AOC     : A3:MSG: tmd3733_device.cc, 3186: USF: TMD3733: vsync_delay_usec: 12930
07-14 11:28:38.654  1402  4307 W ActivityManager: Receiver with filter android.content.IntentFilter@57a298a already registered for pid 7527, callerPackage is com.franco.agenda
07-14 11:28:38.673 17276 17276 D WM-SystemJobService: onStartJob for WorkGenerationalId(workSpecId=cffe8dd4-d64d-4a32-a2bc-c65b76a9cb51, generation=0)
07-14 11:28:38.694 17276 17310 D WM-Processor: qrz: processing WorkGenerationalId(workSpecId=cffe8dd4-d64d-4a32-a2bc-c65b76a9cb51, generation=0)
07-14 11:28:38.711  7527 10632 E RemoteViews: Possibly notifying updates for nonexistent view Id
07-14 11:28:38.723 17276 17276 D WM-WorkerWrapper: Starting work for com.google.apps.tiktok.contrib.work.TikTokListenableWorker
07-14 11:28:38.743 17276 17276 I A       : LocalCalendarUpdateWorker#startWork
07-14 11:28:38.777 17276 17335 I bxiw    : Updating user context. Event: PCP_EVENT
07-14 11:28:38.812  7527 10632 E RemoteViews: Possibly notifying updates for nonexistent view Id
07-14 11:28:38.814  1402  3019 D ActivityManager: sync unfroze 31373 com.google.android.gms for 4
07-14 11:28:38.817  1402  3019 D ActivityManager: sync unfroze 16042 com.google.android.gms.unstable for 4
07-14 11:28:38.851  1402  2131 D InetDiagMessage: Destroyed 0 sockets, proto=IPPROTO_TCP, family=AF_INET, states=14
07-14 11:28:38.855  1402  2131 D InetDiagMessage: Destroyed 0 sockets, proto=IPPROTO_TCP, family=AF_INET6, states=14
07-14 11:28:38.855  1402  2131 D InetDiagMessage: Destroyed live tcp sockets for uids={10449} in 9ms
07-14 11:28:38.858  1402  2131 D InetDiagMessage: Destroyed 0 sockets, proto=IPPROTO_TCP, family=AF_INET, states=14
07-14 11:28:38.862  1402  2131 D InetDiagMessage: Destroyed 0 sockets, proto=IPPROTO_TCP, family=AF_INET6, states=14
